2024-01-05 23:53:05
支付回调信息:
mc_gross=1.50&invoice=2024010523513965611077&protection_eligibility=Eligible&address_status=confirmed&item_number1=&payer_id=5W87G2FLN654U&address_street=6-239+Sophia+Street&payment_date=07%3A52%3A57+Jan+05%2C+2024+PST&payment_status=Completed&charset=windows-1252&address_zip=R1A1Y6&mc_shipping=0.00&first_name=Helen&mc_fee=0.34&address_country_code=CA&address_name=Helen+Imasuen&notify_version=3.9&custom=&payer_status=verified&business=liyan.zhao%40outlook.com&address_country=Canada&num_cart_items=1&address_city=Selkirk&verify_sign=Aqw8T3yK1lVkVdYcXJb.svv0UBGLA-aJSZV-NME-kfXbS78jBNRIXPdd&payer_email=helenabu77%40gmail.com&txn_id=73Y04425JL522074W&payment_type=instant&payer_business_name=Helen+Imasuen&last_name=Imasuen&address_state=MB&item_name1=Payment&receiver_email=liyan.zhao%40outlook.com&payment_fee=0.34&shipping_discount=0.00&quantity1=1&insurance_amount=0.00&receiver_id=6T459WWEHTPZC&txn_type=cart&discount=0.00&mc_gross_1=1.50&mc_currency=USD&residence_country=CA&shipping_method=Default&transaction_subject=Payment&payment_gross=1.50&ipn_track_id=fcbbb15ae6948
--------------------------------------------------------------
2024-01-05 23:53:07
VERIFIED
--------------------------------------------------------------
2024-01-05 23:53:07
update order result successfully !
--------------------------------------------------------------
2024-01-05 23:57:17
支付回调信息:
mc_gross=0.50&invoice=2024010523563588598225&protection_eligibility=Eligible&address_status=confirmed&item_number1=&payer_id=5W87G2FLN654U&address_street=6-239+Sophia+Street&payment_date=07%3A56%3A57+Jan+05%2C+2024+PST&payment_status=Completed&charset=windows-1252&address_zip=R1A1Y6&mc_shipping=0.00&first_name=Helen&mc_fee=0.31&address_country_code=CA&address_name=Helen+Imasuen&notify_version=3.9&custom=&payer_status=verified&business=liyan.zhao%40outlook.com&address_country=Canada&num_cart_items=1&address_city=Selkirk&verify_sign=Awkd55XWenxa8sfDK3soZajScza6A2t83PTSiu-YPqZY9NQCKaNeCJI1&payer_email=helenabu77%40gmail.com&txn_id=7TR293036T5625018&payment_type=instant&payer_business_name=Helen+Imasuen&last_name=Imasuen&address_state=MB&item_name1=Payment&receiver_email=liyan.zhao%40outlook.com&payment_fee=0.31&shipping_discount=0.00&quantity1=1&insurance_amount=0.00&receiver_id=6T459WWEHTPZC&txn_type=cart&discount=0.00&mc_gross_1=0.50&mc_currency=USD&residence_country=CA&shipping_method=Default&transaction_subject=Payment&payment_gross=0.50&ipn_track_id=576c4d593c155
--------------------------------------------------------------
2024-01-05 23:57:18
VERIFIED
--------------------------------------------------------------
2024-01-05 23:57:18
update order result successfully !
--------------------------------------------------------------
