2024-01-06 00:08:07
支付回调信息:
mc_gross=1.50&invoice=2024010600074330263947&protection_eligibility=Eligible&address_status=confirmed&item_number1=&payer_id=5W87G2FLN654U&address_street=6-239+Sophia+Street&payment_date=08%3A07%3A59+Jan+05%2C+2024+PST&payment_status=Completed&charset=windows-1252&address_zip=R1A1Y6&mc_shipping=0.00&first_name=Helen&mc_fee=0.34&address_country_code=CA&address_name=Helen+Imasuen&notify_version=3.9&custom=&payer_status=verified&business=liyan.zhao%40outlook.com&address_country=Canada&num_cart_items=1&address_city=Selkirk&verify_sign=A-zMrqrGLVzmuisNeb0shyf-U73yASNX3aMfDqnnucqGuE8j.svxhk9p&payer_email=helenabu77%40gmail.com&txn_id=9T72391828847283G&payment_type=instant&payer_business_name=Helen+Imasuen&last_name=Imasuen&address_state=MB&item_name1=Payment&receiver_email=liyan.zhao%40outlook.com&payment_fee=0.34&shipping_discount=0.00&quantity1=1&insurance_amount=0.00&receiver_id=6T459WWEHTPZC&txn_type=cart&discount=0.00&mc_gross_1=1.50&mc_currency=USD&residence_country=CA&shipping_method=Default&transaction_subject=Payment&payment_gross=1.50&ipn_track_id=317b4e78e07e6
--------------------------------------------------------------
2024-01-06 00:08:08
VERIFIED
--------------------------------------------------------------
2024-01-06 00:08:08
update order result successfully !
--------------------------------------------------------------
2024-01-06 11:01:11
支付回调信息:
mc_gross=1.50&invoice=2024010611004919511282&protection_eligibility=Eligible&address_status=confirmed&item_number1=&payer_id=ZZGKZUFY7FR28&address_street=8+Mountview+Avenue&payment_date=19%3A01%3A03+Jan+05%2C+2024+PST&payment_status=Completed&charset=windows-1252&address_zip=2209&mc_shipping=0.00&first_name=Nam+Vinh&mc_fee=0.36&address_country_code=AU&address_name=Nam+Vinh+Tran&notify_version=3.9&custom=&payer_status=unverified&business=liyan.zhao%40outlook.com&address_country=Australia&num_cart_items=1&address_city=Beverly+Hills&verify_sign=AltLce8VkPBBaC7Pmg4angKosM7SAHxd2Zrp1HwiyxXUXjC5le6IQfHF&payer_email=vinhnamtran777%40gmail.com&txn_id=77R35755VU3790252&payment_type=instant&last_name=Tran&address_state=NSW&item_name1=Payment&receiver_email=liyan.zhao%40outlook.com&payment_fee=0.36&shipping_discount=0.00&quantity1=1&insurance_amount=0.00&receiver_id=6T459WWEHTPZC&txn_type=cart&discount=0.00&mc_gross_1=1.50&mc_currency=USD&residence_country=AU&shipping_method=Default&transaction_subject=Payment&payment_gross=1.50&ipn_track_id=2694e6865cd5b
--------------------------------------------------------------
2024-01-06 11:01:12
VERIFIED
--------------------------------------------------------------
2024-01-06 11:01:12
update order result successfully !
--------------------------------------------------------------
