2024-01-16 14:02:18
支付回调信息:
mc_gross=1.50&invoice=2024011614011475429690&protection_eligibility=Eligible&address_status=confirmed&item_number1=&payer_id=ZZGKZUFY7FR28&address_street=8+Mountview+Avenue&payment_date=22%3A01%3A27+Jan+15%2C+2024+PST&payment_status=Completed&charset=windows-1252&address_zip=2209&mc_shipping=0.00&first_name=Nam+Vinh&mc_fee=0.36&address_country_code=AU&address_name=Nam+Vinh+Tran&notify_version=3.9&custom=&payer_status=unverified&business=liyan.zhao%40outlook.com&address_country=Australia&num_cart_items=1&address_city=Beverly+Hills&verify_sign=A3FElwxBPjpaWrt.UUwdXt9ZOKrnAYqnQ.7E-rcb9PnCicVRWGqjhMVy&payer_email=vinhnamtran777%40gmail.com&txn_id=8PL695319H512721U&payment_type=instant&last_name=Tran&address_state=NSW&item_name1=Payment&receiver_email=liyan.zhao%40outlook.com&payment_fee=0.36&shipping_discount=0.00&quantity1=1&insurance_amount=0.00&receiver_id=6T459WWEHTPZC&txn_type=cart&discount=0.00&mc_gross_1=1.50&mc_currency=USD&residence_country=AU&shipping_method=Default&transaction_subject=Payment&payment_gross=1.50&ipn_track_id=cdfa2bf0a2479
--------------------------------------------------------------
2024-01-16 14:02:19
VERIFIED
--------------------------------------------------------------
2024-01-16 14:02:19
update order result successfully !
--------------------------------------------------------------
2024-01-16 20:09:08
支付回调信息:
mc_gross=1.50&invoice=2024011620082996768549&protection_eligibility=Eligible&address_status=confirmed&item_number1=&payer_id=8UW5ZYXJWJG4N&address_street=Baku%2C+yasamal+district&payment_date=04%3A09%3A01+Jan+16%2C+2024+PST&payment_status=Completed&charset=windows-1252&address_zip=&mc_shipping=0.00&first_name=Safura&mc_fee=0.36&address_country_code=AZ&address_name=Safura+Shafizada&notify_version=3.9&custom=&payer_status=unverified&business=liyan.zhao%40outlook.com&address_country=Azerbaijan+Republic&num_cart_items=1&address_city=Baku&verify_sign=Av1GHXRuQC8g2.icKQDDlRUve5UkAMKixXQYs9x6.QuRCu2ujpWDuapW&payer_email=shafilis25%40gmail.com&txn_id=7PA61845CT472954T&payment_type=instant&last_name=Shafizada&address_state=Azerbaijan&item_name1=Payment&receiver_email=liyan.zhao%40outlook.com&payment_fee=0.36&shipping_discount=0.00&quantity1=1&insurance_amount=0.00&receiver_id=6T459WWEHTPZC&txn_type=cart&discount=0.00&mc_gross_1=1.50&mc_currency=USD&residence_country=AZ&shipping_method=Default&transaction_subject=Payment&payment_gross=1.50&ipn_track_id=5414545d9a6d9
--------------------------------------------------------------
2024-01-16 20:09:10
VERIFIED
--------------------------------------------------------------
2024-01-16 20:09:10
update order result successfully !
--------------------------------------------------------------
2024-01-16 21:10:06
支付回调信息:
mc_gross=1.50&invoice=2024011621093612128959&protection_eligibility=Eligible&address_status=confirmed&item_number1=&payer_id=8UW5ZYXJWJG4N&address_street=Baku%2C+yasamal+district&payment_date=05%3A09%3A58+Jan+16%2C+2024+PST&payment_status=Completed&charset=windows-1252&address_zip=&mc_shipping=0.00&first_name=Safura&mc_fee=0.36&address_country_code=AZ&address_name=Safura+Shafizada&notify_version=3.9&custom=&payer_status=unverified&business=liyan.zhao%40outlook.com&address_country=Azerbaijan+Republic&num_cart_items=1&address_city=Baku&verify_sign=AyQk8bCMlQkDTKESbJ8BHzKrsAHgAB3mnvhSs05vNaYve-M8CwDwwFmZ&payer_email=shafilis25%40gmail.com&txn_id=12258174KL8243211&payment_type=instant&last_name=Shafizada&address_state=Azerbaijan&item_name1=Payment&receiver_email=liyan.zhao%40outlook.com&payment_fee=0.36&shipping_discount=0.00&quantity1=1&insurance_amount=0.00&receiver_id=6T459WWEHTPZC&txn_type=cart&discount=0.00&mc_gross_1=1.50&mc_currency=USD&residence_country=AZ&shipping_method=Default&transaction_subject=Payment&payment_gross=1.50&ipn_track_id=d580a19001b62
--------------------------------------------------------------
2024-01-16 21:10:07
VERIFIED
--------------------------------------------------------------
2024-01-16 21:10:07
update order result successfully !
--------------------------------------------------------------
