2025-01-06 16:36:45
支付回调信息:
mc_gross=10.00&invoice=2025010616314556449207&protection_eligibility=Eligible&address_status=confirmed&item_number1=&payer_id=LLSND7NN36SWA&address_street=Staffa+10%0D%0AStaffa+10&payment_date=00%3A34%3A34+Jan+06%2C+2025+PST&payment_status=Completed&charset=windows-1252&address_zip=59-220&mc_shipping=0.00&first_name=Paulina&mc_fee=0.69&address_country_code=PL&address_name=Paulina+Ozga&notify_version=3.9&custom=&payer_status=verified&business=liyan.zhao%40outlook.com&address_country=Poland&num_cart_items=1&address_city=Legnica&verify_sign=A45qH.222w9wTBUIIGju9ovWP81wA2Acr-6IKbwmC5rvzBSfk261V4xC&payer_email=Paula0088%40interia.eu&txn_id=6HX80794L5962694B&payment_type=instant&last_name=Ozga&address_state=&item_name1=Payment&receiver_email=liyan.zhao%40outlook.com&payment_fee=0.69&shipping_discount=0.00&quantity1=1&insurance_amount=0.00&receiver_id=6T459WWEHTPZC&txn_type=cart&discount=0.00&mc_gross_1=10.00&mc_currency=USD&residence_country=PL&shipping_method=Default&transaction_subject=Payment&payment_gross=10.00&ipn_track_id=2c5aaac76e64f
--------------------------------------------------------------
2025-01-06 16:36:47
VERIFIED
--------------------------------------------------------------
2025-01-06 16:38:49
支付回调信息:
mc_gross=10.00&invoice=2025010616314556449207&protection_eligibility=Eligible&address_status=confirmed&item_number1=&payer_id=LLSND7NN36SWA&address_street=Staffa+10%0D%0AStaffa+10&payment_date=00%3A34%3A34+Jan+06%2C+2025+PST&payment_status=Completed&charset=windows-1252&address_zip=59-220&mc_shipping=0.00&first_name=Paulina&mc_fee=0.69&address_country_code=PL&address_name=Paulina+Ozga&notify_version=3.9&custom=&payer_status=verified&business=liyan.zhao%40outlook.com&address_country=Poland&num_cart_items=1&address_city=Legnica&verify_sign=A45qH.222w9wTBUIIGju9ovWP81wA2Acr-6IKbwmC5rvzBSfk261V4xC&payer_email=Paula0088%40interia.eu&txn_id=6HX80794L5962694B&payment_type=instant&last_name=Ozga&address_state=&item_name1=Payment&receiver_email=liyan.zhao%40outlook.com&payment_fee=0.69&shipping_discount=0.00&quantity1=1&insurance_amount=0.00&receiver_id=6T459WWEHTPZC&txn_type=cart&discount=0.00&mc_gross_1=10.00&mc_currency=USD&residence_country=PL&shipping_method=Default&transaction_subject=Payment&payment_gross=10.00&ipn_track_id=2c5aaac76e64f
--------------------------------------------------------------
2025-01-06 16:38:51
VERIFIED
--------------------------------------------------------------
2025-01-06 16:40:53
支付回调信息:
mc_gross=10.00&invoice=2025010616314556449207&protection_eligibility=Eligible&address_status=confirmed&item_number1=&payer_id=LLSND7NN36SWA&address_street=Staffa+10%0D%0AStaffa+10&payment_date=00%3A34%3A34+Jan+06%2C+2025+PST&payment_status=Completed&charset=windows-1252&address_zip=59-220&mc_shipping=0.00&first_name=Paulina&mc_fee=0.69&address_country_code=PL&address_name=Paulina+Ozga&notify_version=3.9&custom=&payer_status=verified&business=liyan.zhao%40outlook.com&address_country=Poland&num_cart_items=1&address_city=Legnica&verify_sign=A45qH.222w9wTBUIIGju9ovWP81wA2Acr-6IKbwmC5rvzBSfk261V4xC&payer_email=Paula0088%40interia.eu&txn_id=6HX80794L5962694B&payment_type=instant&last_name=Ozga&address_state=&item_name1=Payment&receiver_email=liyan.zhao%40outlook.com&payment_fee=0.69&shipping_discount=0.00&quantity1=1&insurance_amount=0.00&receiver_id=6T459WWEHTPZC&txn_type=cart&discount=0.00&mc_gross_1=10.00&mc_currency=USD&residence_country=PL&shipping_method=Default&transaction_subject=Payment&payment_gross=10.00&ipn_track_id=2c5aaac76e64f
--------------------------------------------------------------
2025-01-06 16:40:54
VERIFIED
--------------------------------------------------------------
2025-01-06 16:42:57
支付回调信息:
mc_gross=10.00&invoice=2025010616314556449207&protection_eligibility=Eligible&address_status=confirmed&item_number1=&payer_id=LLSND7NN36SWA&address_street=Staffa+10%0D%0AStaffa+10&payment_date=00%3A34%3A34+Jan+06%2C+2025+PST&payment_status=Completed&charset=windows-1252&address_zip=59-220&mc_shipping=0.00&first_name=Paulina&mc_fee=0.69&address_country_code=PL&address_name=Paulina+Ozga&notify_version=3.9&custom=&payer_status=verified&business=liyan.zhao%40outlook.com&address_country=Poland&num_cart_items=1&address_city=Legnica&verify_sign=A45qH.222w9wTBUIIGju9ovWP81wA2Acr-6IKbwmC5rvzBSfk261V4xC&payer_email=Paula0088%40interia.eu&txn_id=6HX80794L5962694B&payment_type=instant&last_name=Ozga&address_state=&item_name1=Payment&receiver_email=liyan.zhao%40outlook.com&payment_fee=0.69&shipping_discount=0.00&quantity1=1&insurance_amount=0.00&receiver_id=6T459WWEHTPZC&txn_type=cart&discount=0.00&mc_gross_1=10.00&mc_currency=USD&residence_country=PL&shipping_method=Default&transaction_subject=Payment&payment_gross=10.00&ipn_track_id=2c5aaac76e64f
--------------------------------------------------------------
2025-01-06 16:42:58
VERIFIED
--------------------------------------------------------------
2025-01-06 16:45:40
支付回调信息:
mc_gross=10.00&invoice=2025010616314556449207&protection_eligibility=Eligible&address_status=confirmed&item_number1=&payer_id=LLSND7NN36SWA&address_street=Staffa+10%0D%0AStaffa+10&payment_date=00%3A34%3A34+Jan+06%2C+2025+PST&payment_status=Completed&charset=windows-1252&address_zip=59-220&mc_shipping=0.00&first_name=Paulina&mc_fee=0.69&address_country_code=PL&address_name=Paulina+Ozga&notify_version=3.9&custom=&payer_status=verified&business=liyan.zhao%40outlook.com&address_country=Poland&num_cart_items=1&address_city=Legnica&verify_sign=A45qH.222w9wTBUIIGju9ovWP81wA2Acr-6IKbwmC5rvzBSfk261V4xC&payer_email=Paula0088%40interia.eu&txn_id=6HX80794L5962694B&payment_type=instant&last_name=Ozga&address_state=&item_name1=Payment&receiver_email=liyan.zhao%40outlook.com&payment_fee=0.69&shipping_discount=0.00&quantity1=1&insurance_amount=0.00&receiver_id=6T459WWEHTPZC&txn_type=cart&discount=0.00&mc_gross_1=10.00&mc_currency=USD&residence_country=PL&shipping_method=Default&transaction_subject=Payment&payment_gross=10.00&ipn_track_id=2c5aaac76e64f
--------------------------------------------------------------
2025-01-06 16:45:42
VERIFIED
--------------------------------------------------------------
2025-01-06 16:51:03
支付回调信息:
mc_gross=10.00&invoice=2025010616314556449207&protection_eligibility=Eligible&address_status=confirmed&item_number1=&payer_id=LLSND7NN36SWA&address_street=Staffa+10%0D%0AStaffa+10&payment_date=00%3A34%3A34+Jan+06%2C+2025+PST&payment_status=Completed&charset=windows-1252&address_zip=59-220&mc_shipping=0.00&first_name=Paulina&mc_fee=0.69&address_country_code=PL&address_name=Paulina+Ozga&notify_version=3.9&custom=&payer_status=verified&business=liyan.zhao%40outlook.com&address_country=Poland&num_cart_items=1&address_city=Legnica&verify_sign=A45qH.222w9wTBUIIGju9ovWP81wA2Acr-6IKbwmC5rvzBSfk261V4xC&payer_email=Paula0088%40interia.eu&txn_id=6HX80794L5962694B&payment_type=instant&last_name=Ozga&address_state=&item_name1=Payment&receiver_email=liyan.zhao%40outlook.com&payment_fee=0.69&shipping_discount=0.00&quantity1=1&insurance_amount=0.00&receiver_id=6T459WWEHTPZC&txn_type=cart&discount=0.00&mc_gross_1=10.00&mc_currency=USD&residence_country=PL&shipping_method=Default&transaction_subject=Payment&payment_gross=10.00&ipn_track_id=2c5aaac76e64f
--------------------------------------------------------------
2025-01-06 16:51:05
VERIFIED
--------------------------------------------------------------
2025-01-06 17:01:48
支付回调信息:
mc_gross=10.00&invoice=2025010616314556449207&protection_eligibility=Eligible&address_status=confirmed&item_number1=&payer_id=LLSND7NN36SWA&address_street=Staffa+10%0D%0AStaffa+10&payment_date=00%3A34%3A34+Jan+06%2C+2025+PST&payment_status=Completed&charset=windows-1252&address_zip=59-220&mc_shipping=0.00&first_name=Paulina&mc_fee=0.69&address_country_code=PL&address_name=Paulina+Ozga&notify_version=3.9&custom=&payer_status=verified&business=liyan.zhao%40outlook.com&address_country=Poland&num_cart_items=1&address_city=Legnica&verify_sign=A45qH.222w9wTBUIIGju9ovWP81wA2Acr-6IKbwmC5rvzBSfk261V4xC&payer_email=Paula0088%40interia.eu&txn_id=6HX80794L5962694B&payment_type=instant&last_name=Ozga&address_state=&item_name1=Payment&receiver_email=liyan.zhao%40outlook.com&payment_fee=0.69&shipping_discount=0.00&quantity1=1&insurance_amount=0.00&receiver_id=6T459WWEHTPZC&txn_type=cart&discount=0.00&mc_gross_1=10.00&mc_currency=USD&residence_country=PL&shipping_method=Default&transaction_subject=Payment&payment_gross=10.00&ipn_track_id=2c5aaac76e64f
--------------------------------------------------------------
2025-01-06 17:01:49
VERIFIED
--------------------------------------------------------------
2025-01-06 17:23:13
支付回调信息:
mc_gross=10.00&invoice=2025010616314556449207&protection_eligibility=Eligible&address_status=confirmed&item_number1=&payer_id=LLSND7NN36SWA&address_street=Staffa+10%0D%0AStaffa+10&payment_date=00%3A34%3A34+Jan+06%2C+2025+PST&payment_status=Completed&charset=windows-1252&address_zip=59-220&mc_shipping=0.00&first_name=Paulina&mc_fee=0.69&address_country_code=PL&address_name=Paulina+Ozga&notify_version=3.9&custom=&payer_status=verified&business=liyan.zhao%40outlook.com&address_country=Poland&num_cart_items=1&address_city=Legnica&verify_sign=A45qH.222w9wTBUIIGju9ovWP81wA2Acr-6IKbwmC5rvzBSfk261V4xC&payer_email=Paula0088%40interia.eu&txn_id=6HX80794L5962694B&payment_type=instant&last_name=Ozga&address_state=&item_name1=Payment&receiver_email=liyan.zhao%40outlook.com&payment_fee=0.69&shipping_discount=0.00&quantity1=1&insurance_amount=0.00&receiver_id=6T459WWEHTPZC&txn_type=cart&discount=0.00&mc_gross_1=10.00&mc_currency=USD&residence_country=PL&shipping_method=Default&transaction_subject=Payment&payment_gross=10.00&ipn_track_id=2c5aaac76e64f
--------------------------------------------------------------
2025-01-06 17:23:15
VERIFIED
--------------------------------------------------------------
2025-01-06 18:05:55
支付回调信息:
mc_gross=10.00&invoice=2025010616314556449207&protection_eligibility=Eligible&address_status=confirmed&item_number1=&payer_id=LLSND7NN36SWA&address_street=Staffa+10%0D%0AStaffa+10&payment_date=00%3A34%3A34+Jan+06%2C+2025+PST&payment_status=Completed&charset=windows-1252&address_zip=59-220&mc_shipping=0.00&first_name=Paulina&mc_fee=0.69&address_country_code=PL&address_name=Paulina+Ozga&notify_version=3.9&custom=&payer_status=verified&business=liyan.zhao%40outlook.com&address_country=Poland&num_cart_items=1&address_city=Legnica&verify_sign=A45qH.222w9wTBUIIGju9ovWP81wA2Acr-6IKbwmC5rvzBSfk261V4xC&payer_email=Paula0088%40interia.eu&txn_id=6HX80794L5962694B&payment_type=instant&last_name=Ozga&address_state=&item_name1=Payment&receiver_email=liyan.zhao%40outlook.com&payment_fee=0.69&shipping_discount=0.00&quantity1=1&insurance_amount=0.00&receiver_id=6T459WWEHTPZC&txn_type=cart&discount=0.00&mc_gross_1=10.00&mc_currency=USD&residence_country=PL&shipping_method=Default&transaction_subject=Payment&payment_gross=10.00&ipn_track_id=2c5aaac76e64f
--------------------------------------------------------------
2025-01-06 18:05:56
VERIFIED
--------------------------------------------------------------
2025-01-06 19:31:20
支付回调信息:
mc_gross=10.00&invoice=2025010616314556449207&protection_eligibility=Eligible&address_status=confirmed&item_number1=&payer_id=LLSND7NN36SWA&address_street=Staffa+10%0D%0AStaffa+10&payment_date=00%3A34%3A34+Jan+06%2C+2025+PST&payment_status=Completed&charset=windows-1252&address_zip=59-220&mc_shipping=0.00&first_name=Paulina&mc_fee=0.69&address_country_code=PL&address_name=Paulina+Ozga&notify_version=3.9&custom=&payer_status=verified&business=liyan.zhao%40outlook.com&address_country=Poland&num_cart_items=1&address_city=Legnica&verify_sign=A45qH.222w9wTBUIIGju9ovWP81wA2Acr-6IKbwmC5rvzBSfk261V4xC&payer_email=Paula0088%40interia.eu&txn_id=6HX80794L5962694B&payment_type=instant&last_name=Ozga&address_state=&item_name1=Payment&receiver_email=liyan.zhao%40outlook.com&payment_fee=0.69&shipping_discount=0.00&quantity1=1&insurance_amount=0.00&receiver_id=6T459WWEHTPZC&txn_type=cart&discount=0.00&mc_gross_1=10.00&mc_currency=USD&residence_country=PL&shipping_method=Default&transaction_subject=Payment&payment_gross=10.00&ipn_track_id=2c5aaac76e64f
--------------------------------------------------------------
2025-01-06 19:31:22
VERIFIED
--------------------------------------------------------------
2025-01-06 22:22:03
支付回调信息:
mc_gross=10.00&invoice=2025010616314556449207&protection_eligibility=Eligible&address_status=confirmed&item_number1=&payer_id=LLSND7NN36SWA&address_street=Staffa+10%0D%0AStaffa+10&payment_date=00%3A34%3A34+Jan+06%2C+2025+PST&payment_status=Completed&charset=windows-1252&address_zip=59-220&mc_shipping=0.00&first_name=Paulina&mc_fee=0.69&address_country_code=PL&address_name=Paulina+Ozga&notify_version=3.9&custom=&payer_status=verified&business=liyan.zhao%40outlook.com&address_country=Poland&num_cart_items=1&address_city=Legnica&verify_sign=A45qH.222w9wTBUIIGju9ovWP81wA2Acr-6IKbwmC5rvzBSfk261V4xC&payer_email=Paula0088%40interia.eu&txn_id=6HX80794L5962694B&payment_type=instant&last_name=Ozga&address_state=&item_name1=Payment&receiver_email=liyan.zhao%40outlook.com&payment_fee=0.69&shipping_discount=0.00&quantity1=1&insurance_amount=0.00&receiver_id=6T459WWEHTPZC&txn_type=cart&discount=0.00&mc_gross_1=10.00&mc_currency=USD&residence_country=PL&shipping_method=Default&transaction_subject=Payment&payment_gross=10.00&ipn_track_id=2c5aaac76e64f
--------------------------------------------------------------
2025-01-06 22:22:05
VERIFIED
--------------------------------------------------------------
