2025-10-20 05:28:24
支付回调信息:
mc_gross=1.00&invoice=2025102005245139271242&protection_eligibility=Eligible&address_status=confirmed&item_number1=&payer_id=LSMWYG9FBLWR4&address_street=Urbanizaci%F3n+La+hacienda%0D%0AVenezuela&payment_date=14%3A26%3A09+Oct+19%2C+2025+PDT&payment_status=Completed&charset=windows-1252&address_zip=3301&mc_shipping=0.00&first_name=Mirian&mc_fee=0.34&address_country_code=VE&address_name=Mirian+Echenique&notify_version=3.9&custom=&payer_status=unverified&business=liyan.zhao%40outlook.com&address_country=Venezuela&num_cart_items=1&address_city=araure&verify_sign=ANL-Ekp3num1ANwcZPFvdwfZcmY8Ay-.7AnFSGgdsEgsXKcT1PaZaxXg&payer_email=echeniquemirian%40gmail.com&txn_id=2GK12492EL945590V&payment_type=instant&last_name=Echenique&address_state=ESTADO+PORTUGUESA&item_name1=Payment&receiver_email=liyan.zhao%40outlook.com&payment_fee=0.34&shipping_discount=0.00&quantity1=1&insurance_amount=0.00&receiver_id=6T459WWEHTPZC&txn_type=cart&discount=0.00&mc_gross_1=1.00&mc_currency=USD&residence_country=VE&shipping_method=Default&transaction_subject=Payment&payment_gross=1.00&ipn_track_id=ac1a2b6af2eb4
--------------------------------------------------------------
2025-10-20 05:28:25
VERIFIED
--------------------------------------------------------------
2025-10-20 05:30:27
支付回调信息:
mc_gross=1.00&invoice=2025102005245139271242&protection_eligibility=Eligible&address_status=confirmed&item_number1=&payer_id=LSMWYG9FBLWR4&address_street=Urbanizaci%F3n+La+hacienda%0D%0AVenezuela&payment_date=14%3A26%3A09+Oct+19%2C+2025+PDT&payment_status=Completed&charset=windows-1252&address_zip=3301&mc_shipping=0.00&first_name=Mirian&mc_fee=0.34&address_country_code=VE&address_name=Mirian+Echenique&notify_version=3.9&custom=&payer_status=unverified&business=liyan.zhao%40outlook.com&address_country=Venezuela&num_cart_items=1&address_city=araure&verify_sign=ANL-Ekp3num1ANwcZPFvdwfZcmY8Ay-.7AnFSGgdsEgsXKcT1PaZaxXg&payer_email=echeniquemirian%40gmail.com&txn_id=2GK12492EL945590V&payment_type=instant&last_name=Echenique&address_state=ESTADO+PORTUGUESA&item_name1=Payment&receiver_email=liyan.zhao%40outlook.com&payment_fee=0.34&shipping_discount=0.00&quantity1=1&insurance_amount=0.00&receiver_id=6T459WWEHTPZC&txn_type=cart&discount=0.00&mc_gross_1=1.00&mc_currency=USD&residence_country=VE&shipping_method=Default&transaction_subject=Payment&payment_gross=1.00&ipn_track_id=ac1a2b6af2eb4
--------------------------------------------------------------
2025-10-20 05:30:29
VERIFIED
--------------------------------------------------------------
2025-10-20 05:32:31
支付回调信息:
mc_gross=1.00&invoice=2025102005245139271242&protection_eligibility=Eligible&address_status=confirmed&item_number1=&payer_id=LSMWYG9FBLWR4&address_street=Urbanizaci%F3n+La+hacienda%0D%0AVenezuela&payment_date=14%3A26%3A09+Oct+19%2C+2025+PDT&payment_status=Completed&charset=windows-1252&address_zip=3301&mc_shipping=0.00&first_name=Mirian&mc_fee=0.34&address_country_code=VE&address_name=Mirian+Echenique&notify_version=3.9&custom=&payer_status=unverified&business=liyan.zhao%40outlook.com&address_country=Venezuela&num_cart_items=1&address_city=araure&verify_sign=ANL-Ekp3num1ANwcZPFvdwfZcmY8Ay-.7AnFSGgdsEgsXKcT1PaZaxXg&payer_email=echeniquemirian%40gmail.com&txn_id=2GK12492EL945590V&payment_type=instant&last_name=Echenique&address_state=ESTADO+PORTUGUESA&item_name1=Payment&receiver_email=liyan.zhao%40outlook.com&payment_fee=0.34&shipping_discount=0.00&quantity1=1&insurance_amount=0.00&receiver_id=6T459WWEHTPZC&txn_type=cart&discount=0.00&mc_gross_1=1.00&mc_currency=USD&residence_country=VE&shipping_method=Default&transaction_subject=Payment&payment_gross=1.00&ipn_track_id=ac1a2b6af2eb4
--------------------------------------------------------------
2025-10-20 05:32:33
VERIFIED
--------------------------------------------------------------
2025-10-20 05:34:39
支付回调信息:
mc_gross=1.00&invoice=2025102005245139271242&protection_eligibility=Eligible&address_status=confirmed&item_number1=&payer_id=LSMWYG9FBLWR4&address_street=Urbanizaci%F3n+La+hacienda%0D%0AVenezuela&payment_date=14%3A26%3A09+Oct+19%2C+2025+PDT&payment_status=Completed&charset=windows-1252&address_zip=3301&mc_shipping=0.00&first_name=Mirian&mc_fee=0.34&address_country_code=VE&address_name=Mirian+Echenique&notify_version=3.9&custom=&payer_status=unverified&business=liyan.zhao%40outlook.com&address_country=Venezuela&num_cart_items=1&address_city=araure&verify_sign=ANL-Ekp3num1ANwcZPFvdwfZcmY8Ay-.7AnFSGgdsEgsXKcT1PaZaxXg&payer_email=echeniquemirian%40gmail.com&txn_id=2GK12492EL945590V&payment_type=instant&last_name=Echenique&address_state=ESTADO+PORTUGUESA&item_name1=Payment&receiver_email=liyan.zhao%40outlook.com&payment_fee=0.34&shipping_discount=0.00&quantity1=1&insurance_amount=0.00&receiver_id=6T459WWEHTPZC&txn_type=cart&discount=0.00&mc_gross_1=1.00&mc_currency=USD&residence_country=VE&shipping_method=Default&transaction_subject=Payment&payment_gross=1.00&ipn_track_id=ac1a2b6af2eb4
--------------------------------------------------------------
2025-10-20 05:34:40
VERIFIED
--------------------------------------------------------------
2025-10-20 05:37:24
支付回调信息:
mc_gross=1.00&invoice=2025102005245139271242&protection_eligibility=Eligible&address_status=confirmed&item_number1=&payer_id=LSMWYG9FBLWR4&address_street=Urbanizaci%F3n+La+hacienda%0D%0AVenezuela&payment_date=14%3A26%3A09+Oct+19%2C+2025+PDT&payment_status=Completed&charset=windows-1252&address_zip=3301&mc_shipping=0.00&first_name=Mirian&mc_fee=0.34&address_country_code=VE&address_name=Mirian+Echenique&notify_version=3.9&custom=&payer_status=unverified&business=liyan.zhao%40outlook.com&address_country=Venezuela&num_cart_items=1&address_city=araure&verify_sign=ANL-Ekp3num1ANwcZPFvdwfZcmY8Ay-.7AnFSGgdsEgsXKcT1PaZaxXg&payer_email=echeniquemirian%40gmail.com&txn_id=2GK12492EL945590V&payment_type=instant&last_name=Echenique&address_state=ESTADO+PORTUGUESA&item_name1=Payment&receiver_email=liyan.zhao%40outlook.com&payment_fee=0.34&shipping_discount=0.00&quantity1=1&insurance_amount=0.00&receiver_id=6T459WWEHTPZC&txn_type=cart&discount=0.00&mc_gross_1=1.00&mc_currency=USD&residence_country=VE&shipping_method=Default&transaction_subject=Payment&payment_gross=1.00&ipn_track_id=ac1a2b6af2eb4
--------------------------------------------------------------
2025-10-20 05:37:25
VERIFIED
--------------------------------------------------------------
2025-10-20 05:47:15
支付回调信息:
mc_gross=1.00&invoice=2025102005245139271242&protection_eligibility=Eligible&address_status=confirmed&item_number1=&payer_id=LSMWYG9FBLWR4&address_street=Urbanizaci%F3n+La+hacienda%0D%0AVenezuela&payment_date=14%3A26%3A09+Oct+19%2C+2025+PDT&payment_status=Completed&charset=windows-1252&address_zip=3301&mc_shipping=0.00&first_name=Mirian&mc_fee=0.34&address_country_code=VE&address_name=Mirian+Echenique&notify_version=3.9&custom=&payer_status=unverified&business=liyan.zhao%40outlook.com&address_country=Venezuela&num_cart_items=1&address_city=araure&verify_sign=ANL-Ekp3num1ANwcZPFvdwfZcmY8Ay-.7AnFSGgdsEgsXKcT1PaZaxXg&payer_email=echeniquemirian%40gmail.com&txn_id=2GK12492EL945590V&payment_type=instant&last_name=Echenique&address_state=ESTADO+PORTUGUESA&item_name1=Payment&receiver_email=liyan.zhao%40outlook.com&payment_fee=0.34&shipping_discount=0.00&quantity1=1&insurance_amount=0.00&receiver_id=6T459WWEHTPZC&txn_type=cart&discount=0.00&mc_gross_1=1.00&mc_currency=USD&residence_country=VE&shipping_method=Default&transaction_subject=Payment&payment_gross=1.00&ipn_track_id=ac1a2b6af2eb4
--------------------------------------------------------------
2025-10-20 05:47:16
VERIFIED
--------------------------------------------------------------
2025-10-20 05:57:58
支付回调信息:
mc_gross=1.00&invoice=2025102005245139271242&protection_eligibility=Eligible&address_status=confirmed&item_number1=&payer_id=LSMWYG9FBLWR4&address_street=Urbanizaci%F3n+La+hacienda%0D%0AVenezuela&payment_date=14%3A26%3A09+Oct+19%2C+2025+PDT&payment_status=Completed&charset=windows-1252&address_zip=3301&mc_shipping=0.00&first_name=Mirian&mc_fee=0.34&address_country_code=VE&address_name=Mirian+Echenique&notify_version=3.9&custom=&payer_status=unverified&business=liyan.zhao%40outlook.com&address_country=Venezuela&num_cart_items=1&address_city=araure&verify_sign=ANL-Ekp3num1ANwcZPFvdwfZcmY8Ay-.7AnFSGgdsEgsXKcT1PaZaxXg&payer_email=echeniquemirian%40gmail.com&txn_id=2GK12492EL945590V&payment_type=instant&last_name=Echenique&address_state=ESTADO+PORTUGUESA&item_name1=Payment&receiver_email=liyan.zhao%40outlook.com&payment_fee=0.34&shipping_discount=0.00&quantity1=1&insurance_amount=0.00&receiver_id=6T459WWEHTPZC&txn_type=cart&discount=0.00&mc_gross_1=1.00&mc_currency=USD&residence_country=VE&shipping_method=Default&transaction_subject=Payment&payment_gross=1.00&ipn_track_id=ac1a2b6af2eb4
--------------------------------------------------------------
2025-10-20 05:57:59
VERIFIED
--------------------------------------------------------------
2025-10-20 06:19:24
支付回调信息:
mc_gross=1.00&invoice=2025102005245139271242&protection_eligibility=Eligible&address_status=confirmed&item_number1=&payer_id=LSMWYG9FBLWR4&address_street=Urbanizaci%F3n+La+hacienda%0D%0AVenezuela&payment_date=14%3A26%3A09+Oct+19%2C+2025+PDT&payment_status=Completed&charset=windows-1252&address_zip=3301&mc_shipping=0.00&first_name=Mirian&mc_fee=0.34&address_country_code=VE&address_name=Mirian+Echenique&notify_version=3.9&custom=&payer_status=unverified&business=liyan.zhao%40outlook.com&address_country=Venezuela&num_cart_items=1&address_city=araure&verify_sign=ANL-Ekp3num1ANwcZPFvdwfZcmY8Ay-.7AnFSGgdsEgsXKcT1PaZaxXg&payer_email=echeniquemirian%40gmail.com&txn_id=2GK12492EL945590V&payment_type=instant&last_name=Echenique&address_state=ESTADO+PORTUGUESA&item_name1=Payment&receiver_email=liyan.zhao%40outlook.com&payment_fee=0.34&shipping_discount=0.00&quantity1=1&insurance_amount=0.00&receiver_id=6T459WWEHTPZC&txn_type=cart&discount=0.00&mc_gross_1=1.00&mc_currency=USD&residence_country=VE&shipping_method=Default&transaction_subject=Payment&payment_gross=1.00&ipn_track_id=ac1a2b6af2eb4
--------------------------------------------------------------
2025-10-20 06:19:25
VERIFIED
--------------------------------------------------------------
2025-10-20 07:02:08
支付回调信息:
mc_gross=1.00&invoice=2025102005245139271242&protection_eligibility=Eligible&address_status=confirmed&item_number1=&payer_id=LSMWYG9FBLWR4&address_street=Urbanizaci%F3n+La+hacienda%0D%0AVenezuela&payment_date=14%3A26%3A09+Oct+19%2C+2025+PDT&payment_status=Completed&charset=windows-1252&address_zip=3301&mc_shipping=0.00&first_name=Mirian&mc_fee=0.34&address_country_code=VE&address_name=Mirian+Echenique&notify_version=3.9&custom=&payer_status=unverified&business=liyan.zhao%40outlook.com&address_country=Venezuela&num_cart_items=1&address_city=araure&verify_sign=ANL-Ekp3num1ANwcZPFvdwfZcmY8Ay-.7AnFSGgdsEgsXKcT1PaZaxXg&payer_email=echeniquemirian%40gmail.com&txn_id=2GK12492EL945590V&payment_type=instant&last_name=Echenique&address_state=ESTADO+PORTUGUESA&item_name1=Payment&receiver_email=liyan.zhao%40outlook.com&payment_fee=0.34&shipping_discount=0.00&quantity1=1&insurance_amount=0.00&receiver_id=6T459WWEHTPZC&txn_type=cart&discount=0.00&mc_gross_1=1.00&mc_currency=USD&residence_country=VE&shipping_method=Default&transaction_subject=Payment&payment_gross=1.00&ipn_track_id=ac1a2b6af2eb4
--------------------------------------------------------------
2025-10-20 07:02:09
VERIFIED
--------------------------------------------------------------
2025-10-20 08:27:34
支付回调信息:
mc_gross=1.00&invoice=2025102005245139271242&protection_eligibility=Eligible&address_status=confirmed&item_number1=&payer_id=LSMWYG9FBLWR4&address_street=Urbanizaci%F3n+La+hacienda%0D%0AVenezuela&payment_date=14%3A26%3A09+Oct+19%2C+2025+PDT&payment_status=Completed&charset=windows-1252&address_zip=3301&mc_shipping=0.00&first_name=Mirian&mc_fee=0.34&address_country_code=VE&address_name=Mirian+Echenique&notify_version=3.9&custom=&payer_status=unverified&business=liyan.zhao%40outlook.com&address_country=Venezuela&num_cart_items=1&address_city=araure&verify_sign=ANL-Ekp3num1ANwcZPFvdwfZcmY8Ay-.7AnFSGgdsEgsXKcT1PaZaxXg&payer_email=echeniquemirian%40gmail.com&txn_id=2GK12492EL945590V&payment_type=instant&last_name=Echenique&address_state=ESTADO+PORTUGUESA&item_name1=Payment&receiver_email=liyan.zhao%40outlook.com&payment_fee=0.34&shipping_discount=0.00&quantity1=1&insurance_amount=0.00&receiver_id=6T459WWEHTPZC&txn_type=cart&discount=0.00&mc_gross_1=1.00&mc_currency=USD&residence_country=VE&shipping_method=Default&transaction_subject=Payment&payment_gross=1.00&ipn_track_id=ac1a2b6af2eb4
--------------------------------------------------------------
2025-10-20 08:27:36
VERIFIED
--------------------------------------------------------------
2025-10-20 11:18:20
支付回调信息:
mc_gross=1.00&invoice=2025102005245139271242&protection_eligibility=Eligible&address_status=confirmed&item_number1=&payer_id=LSMWYG9FBLWR4&address_street=Urbanizaci%F3n+La+hacienda%0D%0AVenezuela&payment_date=14%3A26%3A09+Oct+19%2C+2025+PDT&payment_status=Completed&charset=windows-1252&address_zip=3301&mc_shipping=0.00&first_name=Mirian&mc_fee=0.34&address_country_code=VE&address_name=Mirian+Echenique&notify_version=3.9&custom=&payer_status=unverified&business=liyan.zhao%40outlook.com&address_country=Venezuela&num_cart_items=1&address_city=araure&verify_sign=ANL-Ekp3num1ANwcZPFvdwfZcmY8Ay-.7AnFSGgdsEgsXKcT1PaZaxXg&payer_email=echeniquemirian%40gmail.com&txn_id=2GK12492EL945590V&payment_type=instant&last_name=Echenique&address_state=ESTADO+PORTUGUESA&item_name1=Payment&receiver_email=liyan.zhao%40outlook.com&payment_fee=0.34&shipping_discount=0.00&quantity1=1&insurance_amount=0.00&receiver_id=6T459WWEHTPZC&txn_type=cart&discount=0.00&mc_gross_1=1.00&mc_currency=USD&residence_country=VE&shipping_method=Default&transaction_subject=Payment&payment_gross=1.00&ipn_track_id=ac1a2b6af2eb4
--------------------------------------------------------------
2025-10-20 11:18:21
VERIFIED
--------------------------------------------------------------
2025-10-20 16:59:45
支付回调信息:
mc_gross=1.00&invoice=2025102005245139271242&protection_eligibility=Eligible&address_status=confirmed&item_number1=&payer_id=LSMWYG9FBLWR4&address_street=Urbanizaci%F3n+La+hacienda%0D%0AVenezuela&payment_date=14%3A26%3A09+Oct+19%2C+2025+PDT&payment_status=Completed&charset=windows-1252&address_zip=3301&mc_shipping=0.00&first_name=Mirian&mc_fee=0.34&address_country_code=VE&address_name=Mirian+Echenique&notify_version=3.9&custom=&payer_status=unverified&business=liyan.zhao%40outlook.com&address_country=Venezuela&num_cart_items=1&address_city=araure&verify_sign=ANL-Ekp3num1ANwcZPFvdwfZcmY8Ay-.7AnFSGgdsEgsXKcT1PaZaxXg&payer_email=echeniquemirian%40gmail.com&txn_id=2GK12492EL945590V&payment_type=instant&last_name=Echenique&address_state=ESTADO+PORTUGUESA&item_name1=Payment&receiver_email=liyan.zhao%40outlook.com&payment_fee=0.34&shipping_discount=0.00&quantity1=1&insurance_amount=0.00&receiver_id=6T459WWEHTPZC&txn_type=cart&discount=0.00&mc_gross_1=1.00&mc_currency=USD&residence_country=VE&shipping_method=Default&transaction_subject=Payment&payment_gross=1.00&ipn_track_id=ac1a2b6af2eb4
--------------------------------------------------------------
2025-10-20 16:59:46
VERIFIED
--------------------------------------------------------------
