2024-04-09 11:26:19
支付回调信息:
mc_gross=0.50&invoice=2024040911235058729708&protection_eligibility=Eligible&address_status=confirmed&item_number1=&payer_id=NW7WG55KN2EY8&address_street=534+Sutherland+Ave&payment_date=20%3A26%3A10+Apr+08%2C+2024+PDT&payment_status=Completed&charset=windows-1252&address_zip=V1Y+5X2&mc_shipping=0.00&first_name=marzieh&mc_fee=0.31&address_country_code=CA&address_name=marzieh+homayoun&notify_version=3.9&custom=&payer_status=unverified&business=liyan.zhao%40outlook.com&address_country=Canada&num_cart_items=1&address_city=Kelowna&verify_sign=AnnTEqqfB9RzN6-rN64iDUpykl-qAQATGBEwXNd37OvORF.jZswKSOJV&payer_email=marzieh.homayoun98%40gmail.com&txn_id=0UJ43863GM9855700&payment_type=instant&last_name=homayoun&address_state=BC&item_name1=Payment&receiver_email=liyan.zhao%40outlook.com&payment_fee=0.31&shipping_discount=0.00&quantity1=1&insurance_amount=0.00&receiver_id=6T459WWEHTPZC&txn_type=cart&discount=0.00&mc_gross_1=0.50&mc_currency=USD&residence_country=CA&shipping_method=Default&transaction_subject=Payment&payment_gross=0.50&ipn_track_id=4348187218a4f
--------------------------------------------------------------
2024-04-09 11:26:20
VERIFIED
--------------------------------------------------------------
2024-04-09 11:26:20
update order result successfully !
--------------------------------------------------------------
2024-04-09 11:40:17
支付回调信息:
mc_gross=1.50&invoice=2024040911394494519459&protection_eligibility=Eligible&address_status=confirmed&item_number1=&payer_id=NW7WG55KN2EY8&address_street=534+Sutherland+Ave&payment_date=20%3A40%3A09+Apr+08%2C+2024+PDT&payment_status=Completed&charset=windows-1252&address_zip=V1Y+5X2&mc_shipping=0.00&first_name=marzieh&mc_fee=0.34&address_country_code=CA&address_name=marzieh+homayoun&notify_version=3.9&custom=&payer_status=unverified&business=liyan.zhao%40outlook.com&address_country=Canada&num_cart_items=1&address_city=Kelowna&verify_sign=A5tHhchF-aNXSeXV1vGcJmAqgHF3Ae9h0dFV5vfHPt9fRQMwzyOdt7am&payer_email=marzieh.homayoun98%40gmail.com&txn_id=8YV45931L6360290B&payment_type=instant&last_name=homayoun&address_state=BC&item_name1=Payment&receiver_email=liyan.zhao%40outlook.com&payment_fee=0.34&shipping_discount=0.00&quantity1=1&insurance_amount=0.00&receiver_id=6T459WWEHTPZC&txn_type=cart&discount=0.00&mc_gross_1=1.50&mc_currency=USD&residence_country=CA&shipping_method=Default&transaction_subject=Payment&payment_gross=1.50&ipn_track_id=1fe7b50b29dfe
--------------------------------------------------------------
2024-04-09 11:40:18
VERIFIED
--------------------------------------------------------------
2024-04-09 11:40:18
update order result successfully !
--------------------------------------------------------------
2024-04-09 11:54:37
支付回调信息:
mc_gross=1.50&invoice=2024040911540908739938&protection_eligibility=Eligible&address_status=confirmed&item_number1=&payer_id=NW7WG55KN2EY8&address_street=534+Sutherland+Ave&payment_date=20%3A54%3A28+Apr+08%2C+2024+PDT&payment_status=Completed&charset=windows-1252&address_zip=V1Y+5X2&mc_shipping=0.00&first_name=marzieh&mc_fee=0.34&address_country_code=CA&address_name=marzieh+homayoun&notify_version=3.9&custom=&payer_status=unverified&business=liyan.zhao%40outlook.com&address_country=Canada&num_cart_items=1&address_city=Kelowna&verify_sign=AanZCDKw.eBOzm9rx9q-iWBtUWvbAn-ATW6DQeXjZNYyh7JVKo1LwALc&payer_email=marzieh.homayoun98%40gmail.com&txn_id=58M41891FE965043D&payment_type=instant&last_name=homayoun&address_state=BC&item_name1=Payment&receiver_email=liyan.zhao%40outlook.com&payment_fee=0.34&shipping_discount=0.00&quantity1=1&insurance_amount=0.00&receiver_id=6T459WWEHTPZC&txn_type=cart&discount=0.00&mc_gross_1=1.50&mc_currency=USD&residence_country=CA&shipping_method=Default&transaction_subject=Payment&payment_gross=1.50&ipn_track_id=36753700a039c
--------------------------------------------------------------
2024-04-09 11:54:38
VERIFIED
--------------------------------------------------------------
2024-04-09 11:54:38
update order result successfully !
--------------------------------------------------------------
2024-04-09 12:10:57
支付回调信息:
mc_gross=3.00&invoice=2024040912103710889183&protection_eligibility=Eligible&address_status=confirmed&item_number1=&payer_id=NW7WG55KN2EY8&address_street=534+Sutherland+Ave&payment_date=21%3A10%3A49+Apr+08%2C+2024+PDT&payment_status=Completed&charset=windows-1252&address_zip=V1Y+5X2&mc_shipping=0.00&first_name=marzieh&mc_fee=0.39&address_country_code=CA&address_name=marzieh+homayoun&notify_version=3.9&custom=&payer_status=unverified&business=liyan.zhao%40outlook.com&address_country=Canada&num_cart_items=1&address_city=Kelowna&verify_sign=AY9IiH.q.N6tEFXSxRS1auypMbD2AqcyQKu-MLOstRSJ1n..AmAd7jMe&payer_email=marzieh.homayoun98%40gmail.com&txn_id=7B7075913U917632N&payment_type=instant&last_name=homayoun&address_state=BC&item_name1=Payment&receiver_email=liyan.zhao%40outlook.com&payment_fee=0.39&shipping_discount=0.00&quantity1=1&insurance_amount=0.00&receiver_id=6T459WWEHTPZC&txn_type=cart&discount=0.00&mc_gross_1=3.00&mc_currency=USD&residence_country=CA&shipping_method=Default&transaction_subject=Payment&payment_gross=3.00&ipn_track_id=ba957d4b2da0c
--------------------------------------------------------------
2024-04-09 12:10:58
VERIFIED
--------------------------------------------------------------
2024-04-09 12:10:58
update order result successfully !
--------------------------------------------------------------
