2024-04-17 02:20:31
支付回调信息:
mc_gross=0.75&invoice=2024041702183894851534&protection_eligibility=Eligible&address_status=confirmed&item_number1=&payer_id=NW7WG55KN2EY8&address_street=534+Sutherland+Ave&payment_date=11%3A20%3A22+Apr+16%2C+2024+PDT&payment_status=Completed&charset=windows-1252&address_zip=V1Y+5X2&mc_shipping=0.00&first_name=marzieh&mc_fee=0.32&address_country_code=CA&address_name=marzieh+homayoun&notify_version=3.9&custom=&payer_status=unverified&business=liyan.zhao%40outlook.com&address_country=Canada&num_cart_items=1&address_city=Kelowna&verify_sign=Aw41ExipRYyHX6pEYSfo.gbGRXOvAcATZWZTEVQB.Ry4xWkKHbfD.ugT&payer_email=marzieh.homayoun98%40gmail.com&txn_id=5PW47877C5129200F&payment_type=instant&last_name=homayoun&address_state=BC&item_name1=Payment&receiver_email=liyan.zhao%40outlook.com&payment_fee=0.32&shipping_discount=0.00&quantity1=1&insurance_amount=0.00&receiver_id=6T459WWEHTPZC&txn_type=cart&discount=0.00&mc_gross_1=0.75&mc_currency=USD&residence_country=CA&shipping_method=Default&transaction_subject=Payment&payment_gross=0.75&ipn_track_id=198ce8257ab91
--------------------------------------------------------------
2024-04-17 02:20:32
VERIFIED
--------------------------------------------------------------
2024-04-17 02:20:32
update order result successfully !
--------------------------------------------------------------
2024-04-17 02:27:28
支付回调信息:
mc_gross=3.00&invoice=2024041702270554951618&protection_eligibility=Eligible&address_status=confirmed&item_number1=&payer_id=NW7WG55KN2EY8&address_street=534+Sutherland+Ave&payment_date=11%3A27%3A20+Apr+16%2C+2024+PDT&payment_status=Completed&charset=windows-1252&address_zip=V1Y+5X2&mc_shipping=0.00&first_name=marzieh&mc_fee=0.39&address_country_code=CA&address_name=marzieh+homayoun&notify_version=3.9&custom=&payer_status=unverified&business=liyan.zhao%40outlook.com&address_country=Canada&num_cart_items=1&address_city=Kelowna&verify_sign=AQgFvt-2oLAOasu23SppiSrqRSKwAcIBJZtAi3kZiHTE0d7vEao4RNHO&payer_email=marzieh.homayoun98%40gmail.com&txn_id=9TR89908ML421183L&payment_type=instant&last_name=homayoun&address_state=BC&item_name1=Payment&receiver_email=liyan.zhao%40outlook.com&payment_fee=0.39&shipping_discount=0.00&quantity1=1&insurance_amount=0.00&receiver_id=6T459WWEHTPZC&txn_type=cart&discount=0.00&mc_gross_1=3.00&mc_currency=USD&residence_country=CA&shipping_method=Default&transaction_subject=Payment&payment_gross=3.00&ipn_track_id=90c5a035a5fbc
--------------------------------------------------------------
2024-04-17 02:27:29
VERIFIED
--------------------------------------------------------------
2024-04-17 02:27:30
update order result successfully !
--------------------------------------------------------------
2024-04-17 02:32:32
支付回调信息:
mc_gross=3.00&invoice=2024041702315795362821&protection_eligibility=Eligible&address_status=confirmed&item_number1=&payer_id=NW7WG55KN2EY8&address_street=534+Sutherland+Ave&payment_date=11%3A32%3A12+Apr+16%2C+2024+PDT&payment_status=Completed&charset=windows-1252&address_zip=V1Y+5X2&mc_shipping=0.00&first_name=marzieh&mc_fee=0.39&address_country_code=CA&address_name=marzieh+homayoun&notify_version=3.9&custom=&payer_status=unverified&business=liyan.zhao%40outlook.com&address_country=Canada&num_cart_items=1&address_city=Kelowna&verify_sign=ASuUFYVknK7BQJIxEZmm7Ce-eakKAV9l2VL7cvZ77taLFh8n5iwCiTwV&payer_email=marzieh.homayoun98%40gmail.com&txn_id=1M9462377E103564F&payment_type=instant&last_name=homayoun&address_state=BC&item_name1=Payment&receiver_email=liyan.zhao%40outlook.com&payment_fee=0.39&shipping_discount=0.00&quantity1=1&insurance_amount=0.00&receiver_id=6T459WWEHTPZC&txn_type=cart&discount=0.00&mc_gross_1=3.00&mc_currency=USD&residence_country=CA&shipping_method=Default&transaction_subject=Payment&payment_gross=3.00&ipn_track_id=b8ecd08fa153f
--------------------------------------------------------------
2024-04-17 02:32:33
VERIFIED
--------------------------------------------------------------
2024-04-17 02:32:33
update order result successfully !
--------------------------------------------------------------
