2024-03-01 01:55:02
支付回调信息:
mc_gross=5.00&invoice=2024030101483750074015&protection_eligibility=Eligible&address_status=confirmed&item_number1=&payer_id=L76RSA4QXSDX4&address_street=Yeni+Yasamal%2C+Dadash+Bunyadzade+4%2C+67&payment_date=09%3A54%3A53+Feb+29%2C+2024+PST&payment_status=Completed&charset=windows-1252&address_zip=&mc_shipping=0.00&first_name=Ferhad&mc_fee=0.50&address_country_code=AZ&address_name=Ferhad+Ahmedov&notify_version=3.9&custom=&payer_status=unverified&business=liyan.zhao%40outlook.com&address_country=Azerbaijan+Republic&num_cart_items=1&address_city=Baku&verify_sign=AtBsDHsiC6qyVi6GS6yl89Vu7iZgANwgTZ9v5qskFDt5glErHLZ5025X&payer_email=ferhadakhm%40gmail.com&txn_id=5TN49221JG571433S&payment_type=instant&last_name=Ahmedov&address_state=&item_name1=Payment&receiver_email=liyan.zhao%40outlook.com&payment_fee=0.50&shipping_discount=0.00&quantity1=1&insurance_amount=0.00&receiver_id=6T459WWEHTPZC&txn_type=cart&discount=0.00&mc_gross_1=5.00&mc_currency=USD&residence_country=AZ&shipping_method=Default&transaction_subject=Payment&payment_gross=5.00&ipn_track_id=1ba72e01923da
--------------------------------------------------------------
2024-03-01 01:55:04
VERIFIED
--------------------------------------------------------------
2024-03-01 01:57:06
支付回调信息:
mc_gross=5.00&invoice=2024030101483750074015&protection_eligibility=Eligible&address_status=confirmed&item_number1=&payer_id=L76RSA4QXSDX4&address_street=Yeni+Yasamal%2C+Dadash+Bunyadzade+4%2C+67&payment_date=09%3A54%3A53+Feb+29%2C+2024+PST&payment_status=Completed&charset=windows-1252&address_zip=&mc_shipping=0.00&first_name=Ferhad&mc_fee=0.50&address_country_code=AZ&address_name=Ferhad+Ahmedov&notify_version=3.9&custom=&payer_status=unverified&business=liyan.zhao%40outlook.com&address_country=Azerbaijan+Republic&num_cart_items=1&address_city=Baku&verify_sign=AtBsDHsiC6qyVi6GS6yl89Vu7iZgANwgTZ9v5qskFDt5glErHLZ5025X&payer_email=ferhadakhm%40gmail.com&txn_id=5TN49221JG571433S&payment_type=instant&last_name=Ahmedov&address_state=&item_name1=Payment&receiver_email=liyan.zhao%40outlook.com&payment_fee=0.50&shipping_discount=0.00&quantity1=1&insurance_amount=0.00&receiver_id=6T459WWEHTPZC&txn_type=cart&discount=0.00&mc_gross_1=5.00&mc_currency=USD&residence_country=AZ&shipping_method=Default&transaction_subject=Payment&payment_gross=5.00&ipn_track_id=1ba72e01923da
--------------------------------------------------------------
2024-03-01 01:57:07
VERIFIED
--------------------------------------------------------------
2024-03-01 01:59:08
支付回调信息:
mc_gross=5.00&invoice=2024030101483750074015&protection_eligibility=Eligible&address_status=confirmed&item_number1=&payer_id=L76RSA4QXSDX4&address_street=Yeni+Yasamal%2C+Dadash+Bunyadzade+4%2C+67&payment_date=09%3A54%3A53+Feb+29%2C+2024+PST&payment_status=Completed&charset=windows-1252&address_zip=&mc_shipping=0.00&first_name=Ferhad&mc_fee=0.50&address_country_code=AZ&address_name=Ferhad+Ahmedov&notify_version=3.9&custom=&payer_status=unverified&business=liyan.zhao%40outlook.com&address_country=Azerbaijan+Republic&num_cart_items=1&address_city=Baku&verify_sign=AtBsDHsiC6qyVi6GS6yl89Vu7iZgANwgTZ9v5qskFDt5glErHLZ5025X&payer_email=ferhadakhm%40gmail.com&txn_id=5TN49221JG571433S&payment_type=instant&last_name=Ahmedov&address_state=&item_name1=Payment&receiver_email=liyan.zhao%40outlook.com&payment_fee=0.50&shipping_discount=0.00&quantity1=1&insurance_amount=0.00&receiver_id=6T459WWEHTPZC&txn_type=cart&discount=0.00&mc_gross_1=5.00&mc_currency=USD&residence_country=AZ&shipping_method=Default&transaction_subject=Payment&payment_gross=5.00&ipn_track_id=1ba72e01923da
--------------------------------------------------------------
2024-03-01 01:59:10
VERIFIED
--------------------------------------------------------------
2024-03-01 02:00:04
支付回调信息:
mc_gross=0.10&invoice=2024030101592525268231&protection_eligibility=Eligible&address_status=confirmed&item_number1=&payer_id=L76RSA4QXSDX4&address_street=Yeni+Yasamal%2C+Dadash+Bunyadzade+4%2C+67&payment_date=09%3A59%3A55+Feb+29%2C+2024+PST&payment_status=Completed&charset=windows-1252&address_zip=&mc_shipping=0.00&first_name=Ferhad&mc_fee=0.10&address_country_code=AZ&address_name=Ferhad+Ahmedov&notify_version=3.9&custom=&payer_status=unverified&business=liyan.zhao%40outlook.com&address_country=Azerbaijan+Republic&num_cart_items=1&address_city=Baku&verify_sign=A3t9ea0uAu-jHWDODSrfkouGBUeJAbwcL-LpjmK5XFRT-gPmOWdMh8wL&payer_email=ferhadakhm%40gmail.com&txn_id=9L0070216X6582054&payment_type=instant&last_name=Ahmedov&address_state=&item_name1=Payment&receiver_email=liyan.zhao%40outlook.com&payment_fee=0.10&shipping_discount=0.00&quantity1=1&insurance_amount=0.00&receiver_id=6T459WWEHTPZC&txn_type=cart&discount=0.00&mc_gross_1=0.10&mc_currency=USD&residence_country=AZ&shipping_method=Default&transaction_subject=Payment&payment_gross=0.10&ipn_track_id=419e25fd88ce2
--------------------------------------------------------------
2024-03-01 02:00:05
VERIFIED
--------------------------------------------------------------
2024-03-01 02:01:12
支付回调信息:
mc_gross=5.00&invoice=2024030101483750074015&protection_eligibility=Eligible&address_status=confirmed&item_number1=&payer_id=L76RSA4QXSDX4&address_street=Yeni+Yasamal%2C+Dadash+Bunyadzade+4%2C+67&payment_date=09%3A54%3A53+Feb+29%2C+2024+PST&payment_status=Completed&charset=windows-1252&address_zip=&mc_shipping=0.00&first_name=Ferhad&mc_fee=0.50&address_country_code=AZ&address_name=Ferhad+Ahmedov&notify_version=3.9&custom=&payer_status=unverified&business=liyan.zhao%40outlook.com&address_country=Azerbaijan+Republic&num_cart_items=1&address_city=Baku&verify_sign=AtBsDHsiC6qyVi6GS6yl89Vu7iZgANwgTZ9v5qskFDt5glErHLZ5025X&payer_email=ferhadakhm%40gmail.com&txn_id=5TN49221JG571433S&payment_type=instant&last_name=Ahmedov&address_state=&item_name1=Payment&receiver_email=liyan.zhao%40outlook.com&payment_fee=0.50&shipping_discount=0.00&quantity1=1&insurance_amount=0.00&receiver_id=6T459WWEHTPZC&txn_type=cart&discount=0.00&mc_gross_1=5.00&mc_currency=USD&residence_country=AZ&shipping_method=Default&transaction_subject=Payment&payment_gross=5.00&ipn_track_id=1ba72e01923da
--------------------------------------------------------------
2024-03-01 02:01:14
VERIFIED
--------------------------------------------------------------
2024-03-01 02:02:07
支付回调信息:
mc_gross=0.10&invoice=2024030101592525268231&protection_eligibility=Eligible&address_status=confirmed&item_number1=&payer_id=L76RSA4QXSDX4&address_street=Yeni+Yasamal%2C+Dadash+Bunyadzade+4%2C+67&payment_date=09%3A59%3A55+Feb+29%2C+2024+PST&payment_status=Completed&charset=windows-1252&address_zip=&mc_shipping=0.00&first_name=Ferhad&mc_fee=0.10&address_country_code=AZ&address_name=Ferhad+Ahmedov&notify_version=3.9&custom=&payer_status=unverified&business=liyan.zhao%40outlook.com&address_country=Azerbaijan+Republic&num_cart_items=1&address_city=Baku&verify_sign=A3t9ea0uAu-jHWDODSrfkouGBUeJAbwcL-LpjmK5XFRT-gPmOWdMh8wL&payer_email=ferhadakhm%40gmail.com&txn_id=9L0070216X6582054&payment_type=instant&last_name=Ahmedov&address_state=&item_name1=Payment&receiver_email=liyan.zhao%40outlook.com&payment_fee=0.10&shipping_discount=0.00&quantity1=1&insurance_amount=0.00&receiver_id=6T459WWEHTPZC&txn_type=cart&discount=0.00&mc_gross_1=0.10&mc_currency=USD&residence_country=AZ&shipping_method=Default&transaction_subject=Payment&payment_gross=0.10&ipn_track_id=419e25fd88ce2
--------------------------------------------------------------
2024-03-01 02:02:08
VERIFIED
--------------------------------------------------------------
2024-03-01 02:02:11
支付回调信息:
mc_gross=20.00&invoice=2024022914330970806894&protection_eligibility=Eligible&address_status=confirmed&item_number1=&payer_id=ZZGKZUFY7FR28&address_street=8+Mountview+Avenue&payment_date=22%3A33%3A20+Feb+28%2C+2024+PST&payment_status=Completed&charset=windows-1252&address_zip=2209&mc_shipping=0.00&first_name=Nam+Vinh&mc_fee=1.08&address_country_code=AU&address_name=Nam+Vinh+Tran&notify_version=3.9&custom=&payer_status=unverified&business=liyan.zhao%40outlook.com&address_country=Australia&num_cart_items=1&address_city=Beverly+Hills&verify_sign=A3oXnxRMgEmhg5MkwCGWz5h5K7StAPa6uz7vVjRCchs9bNYmsDLDuqTa&payer_email=vinhnamtran777%40gmail.com&txn_id=4FF703653W084305D&payment_type=instant&last_name=Tran&address_state=NSW&item_name1=Payment&receiver_email=liyan.zhao%40outlook.com&payment_fee=1.08&shipping_discount=0.00&quantity1=1&insurance_amount=0.00&receiver_id=6T459WWEHTPZC&txn_type=cart&discount=0.00&mc_gross_1=20.00&mc_currency=USD&residence_country=AU&shipping_method=Default&transaction_subject=Payment&payment_gross=20.00&ipn_track_id=55afb1654f1a9
--------------------------------------------------------------
2024-03-01 02:02:12
VERIFIED
--------------------------------------------------------------
2024-03-01 02:03:17
支付回调信息:
mc_gross=5.00&invoice=2024030101483750074015&protection_eligibility=Eligible&address_status=confirmed&item_number1=&payer_id=L76RSA4QXSDX4&address_street=Yeni+Yasamal%2C+Dadash+Bunyadzade+4%2C+67&payment_date=09%3A54%3A53+Feb+29%2C+2024+PST&payment_status=Completed&charset=windows-1252&address_zip=&mc_shipping=0.00&first_name=Ferhad&mc_fee=0.50&address_country_code=AZ&address_name=Ferhad+Ahmedov&notify_version=3.9&custom=&payer_status=unverified&business=liyan.zhao%40outlook.com&address_country=Azerbaijan+Republic&num_cart_items=1&address_city=Baku&verify_sign=AtBsDHsiC6qyVi6GS6yl89Vu7iZgANwgTZ9v5qskFDt5glErHLZ5025X&payer_email=ferhadakhm%40gmail.com&txn_id=5TN49221JG571433S&payment_type=instant&last_name=Ahmedov&address_state=&item_name1=Payment&receiver_email=liyan.zhao%40outlook.com&payment_fee=0.50&shipping_discount=0.00&quantity1=1&insurance_amount=0.00&receiver_id=6T459WWEHTPZC&txn_type=cart&discount=0.00&mc_gross_1=5.00&mc_currency=USD&residence_country=AZ&shipping_method=Default&transaction_subject=Payment&payment_gross=5.00&ipn_track_id=1ba72e01923da
--------------------------------------------------------------
2024-03-01 02:03:19
VERIFIED
--------------------------------------------------------------
2024-03-01 02:04:10
支付回调信息:
mc_gross=0.10&invoice=2024030101592525268231&protection_eligibility=Eligible&address_status=confirmed&item_number1=&payer_id=L76RSA4QXSDX4&address_street=Yeni+Yasamal%2C+Dadash+Bunyadzade+4%2C+67&payment_date=09%3A59%3A55+Feb+29%2C+2024+PST&payment_status=Completed&charset=windows-1252&address_zip=&mc_shipping=0.00&first_name=Ferhad&mc_fee=0.10&address_country_code=AZ&address_name=Ferhad+Ahmedov&notify_version=3.9&custom=&payer_status=unverified&business=liyan.zhao%40outlook.com&address_country=Azerbaijan+Republic&num_cart_items=1&address_city=Baku&verify_sign=A3t9ea0uAu-jHWDODSrfkouGBUeJAbwcL-LpjmK5XFRT-gPmOWdMh8wL&payer_email=ferhadakhm%40gmail.com&txn_id=9L0070216X6582054&payment_type=instant&last_name=Ahmedov&address_state=&item_name1=Payment&receiver_email=liyan.zhao%40outlook.com&payment_fee=0.10&shipping_discount=0.00&quantity1=1&insurance_amount=0.00&receiver_id=6T459WWEHTPZC&txn_type=cart&discount=0.00&mc_gross_1=0.10&mc_currency=USD&residence_country=AZ&shipping_method=Default&transaction_subject=Payment&payment_gross=0.10&ipn_track_id=419e25fd88ce2
--------------------------------------------------------------
2024-03-01 02:04:12
VERIFIED
--------------------------------------------------------------
2024-03-01 02:06:01
支付回调信息:
mc_gross=5.00&invoice=2024030101483750074015&protection_eligibility=Eligible&address_status=confirmed&item_number1=&payer_id=L76RSA4QXSDX4&address_street=Yeni+Yasamal%2C+Dadash+Bunyadzade+4%2C+67&payment_date=09%3A54%3A53+Feb+29%2C+2024+PST&payment_status=Completed&charset=windows-1252&address_zip=&mc_shipping=0.00&first_name=Ferhad&mc_fee=0.50&address_country_code=AZ&address_name=Ferhad+Ahmedov&notify_version=3.9&custom=&payer_status=unverified&business=liyan.zhao%40outlook.com&address_country=Azerbaijan+Republic&num_cart_items=1&address_city=Baku&verify_sign=AtBsDHsiC6qyVi6GS6yl89Vu7iZgANwgTZ9v5qskFDt5glErHLZ5025X&payer_email=ferhadakhm%40gmail.com&txn_id=5TN49221JG571433S&payment_type=instant&last_name=Ahmedov&address_state=&item_name1=Payment&receiver_email=liyan.zhao%40outlook.com&payment_fee=0.50&shipping_discount=0.00&quantity1=1&insurance_amount=0.00&receiver_id=6T459WWEHTPZC&txn_type=cart&discount=0.00&mc_gross_1=5.00&mc_currency=USD&residence_country=AZ&shipping_method=Default&transaction_subject=Payment&payment_gross=5.00&ipn_track_id=1ba72e01923da
--------------------------------------------------------------
2024-03-01 02:06:02
VERIFIED
--------------------------------------------------------------
2024-03-01 02:06:15
支付回调信息:
mc_gross=0.10&invoice=2024030101592525268231&protection_eligibility=Eligible&address_status=confirmed&item_number1=&payer_id=L76RSA4QXSDX4&address_street=Yeni+Yasamal%2C+Dadash+Bunyadzade+4%2C+67&payment_date=09%3A59%3A55+Feb+29%2C+2024+PST&payment_status=Completed&charset=windows-1252&address_zip=&mc_shipping=0.00&first_name=Ferhad&mc_fee=0.10&address_country_code=AZ&address_name=Ferhad+Ahmedov&notify_version=3.9&custom=&payer_status=unverified&business=liyan.zhao%40outlook.com&address_country=Azerbaijan+Republic&num_cart_items=1&address_city=Baku&verify_sign=A3t9ea0uAu-jHWDODSrfkouGBUeJAbwcL-LpjmK5XFRT-gPmOWdMh8wL&payer_email=ferhadakhm%40gmail.com&txn_id=9L0070216X6582054&payment_type=instant&last_name=Ahmedov&address_state=&item_name1=Payment&receiver_email=liyan.zhao%40outlook.com&payment_fee=0.10&shipping_discount=0.00&quantity1=1&insurance_amount=0.00&receiver_id=6T459WWEHTPZC&txn_type=cart&discount=0.00&mc_gross_1=0.10&mc_currency=USD&residence_country=AZ&shipping_method=Default&transaction_subject=Payment&payment_gross=0.10&ipn_track_id=419e25fd88ce2
--------------------------------------------------------------
2024-03-01 02:06:16
VERIFIED
--------------------------------------------------------------
2024-03-01 02:08:19
支付回调信息:
mc_gross=0.10&invoice=2024030101592525268231&protection_eligibility=Eligible&address_status=confirmed&item_number1=&payer_id=L76RSA4QXSDX4&address_street=Yeni+Yasamal%2C+Dadash+Bunyadzade+4%2C+67&payment_date=09%3A59%3A55+Feb+29%2C+2024+PST&payment_status=Completed&charset=windows-1252&address_zip=&mc_shipping=0.00&first_name=Ferhad&mc_fee=0.10&address_country_code=AZ&address_name=Ferhad+Ahmedov&notify_version=3.9&custom=&payer_status=unverified&business=liyan.zhao%40outlook.com&address_country=Azerbaijan+Republic&num_cart_items=1&address_city=Baku&verify_sign=A3t9ea0uAu-jHWDODSrfkouGBUeJAbwcL-LpjmK5XFRT-gPmOWdMh8wL&payer_email=ferhadakhm%40gmail.com&txn_id=9L0070216X6582054&payment_type=instant&last_name=Ahmedov&address_state=&item_name1=Payment&receiver_email=liyan.zhao%40outlook.com&payment_fee=0.10&shipping_discount=0.00&quantity1=1&insurance_amount=0.00&receiver_id=6T459WWEHTPZC&txn_type=cart&discount=0.00&mc_gross_1=0.10&mc_currency=USD&residence_country=AZ&shipping_method=Default&transaction_subject=Payment&payment_gross=0.10&ipn_track_id=419e25fd88ce2
--------------------------------------------------------------
2024-03-01 02:08:20
VERIFIED
--------------------------------------------------------------
2024-03-01 02:11:03
支付回调信息:
mc_gross=0.10&invoice=2024030101592525268231&protection_eligibility=Eligible&address_status=confirmed&item_number1=&payer_id=L76RSA4QXSDX4&address_street=Yeni+Yasamal%2C+Dadash+Bunyadzade+4%2C+67&payment_date=09%3A59%3A55+Feb+29%2C+2024+PST&payment_status=Completed&charset=windows-1252&address_zip=&mc_shipping=0.00&first_name=Ferhad&mc_fee=0.10&address_country_code=AZ&address_name=Ferhad+Ahmedov&notify_version=3.9&custom=&payer_status=unverified&business=liyan.zhao%40outlook.com&address_country=Azerbaijan+Republic&num_cart_items=1&address_city=Baku&verify_sign=A3t9ea0uAu-jHWDODSrfkouGBUeJAbwcL-LpjmK5XFRT-gPmOWdMh8wL&payer_email=ferhadakhm%40gmail.com&txn_id=9L0070216X6582054&payment_type=instant&last_name=Ahmedov&address_state=&item_name1=Payment&receiver_email=liyan.zhao%40outlook.com&payment_fee=0.10&shipping_discount=0.00&quantity1=1&insurance_amount=0.00&receiver_id=6T459WWEHTPZC&txn_type=cart&discount=0.00&mc_gross_1=0.10&mc_currency=USD&residence_country=AZ&shipping_method=Default&transaction_subject=Payment&payment_gross=0.10&ipn_track_id=419e25fd88ce2
--------------------------------------------------------------
2024-03-01 02:11:04
VERIFIED
--------------------------------------------------------------
2024-03-01 02:11:23
支付回调信息:
mc_gross=5.00&invoice=2024030101483750074015&protection_eligibility=Eligible&address_status=confirmed&item_number1=&payer_id=L76RSA4QXSDX4&address_street=Yeni+Yasamal%2C+Dadash+Bunyadzade+4%2C+67&payment_date=09%3A54%3A53+Feb+29%2C+2024+PST&payment_status=Completed&charset=windows-1252&address_zip=&mc_shipping=0.00&first_name=Ferhad&mc_fee=0.50&address_country_code=AZ&address_name=Ferhad+Ahmedov&notify_version=3.9&custom=&payer_status=unverified&business=liyan.zhao%40outlook.com&address_country=Azerbaijan+Republic&num_cart_items=1&address_city=Baku&verify_sign=AtBsDHsiC6qyVi6GS6yl89Vu7iZgANwgTZ9v5qskFDt5glErHLZ5025X&payer_email=ferhadakhm%40gmail.com&txn_id=5TN49221JG571433S&payment_type=instant&last_name=Ahmedov&address_state=&item_name1=Payment&receiver_email=liyan.zhao%40outlook.com&payment_fee=0.50&shipping_discount=0.00&quantity1=1&insurance_amount=0.00&receiver_id=6T459WWEHTPZC&txn_type=cart&discount=0.00&mc_gross_1=5.00&mc_currency=USD&residence_country=AZ&shipping_method=Default&transaction_subject=Payment&payment_gross=5.00&ipn_track_id=1ba72e01923da
--------------------------------------------------------------
2024-03-01 02:11:25
VERIFIED
--------------------------------------------------------------
2024-03-01 02:16:27
支付回调信息:
mc_gross=0.10&invoice=2024030101592525268231&protection_eligibility=Eligible&address_status=confirmed&item_number1=&payer_id=L76RSA4QXSDX4&address_street=Yeni+Yasamal%2C+Dadash+Bunyadzade+4%2C+67&payment_date=09%3A59%3A55+Feb+29%2C+2024+PST&payment_status=Completed&charset=windows-1252&address_zip=&mc_shipping=0.00&first_name=Ferhad&mc_fee=0.10&address_country_code=AZ&address_name=Ferhad+Ahmedov&notify_version=3.9&custom=&payer_status=unverified&business=liyan.zhao%40outlook.com&address_country=Azerbaijan+Republic&num_cart_items=1&address_city=Baku&verify_sign=A3t9ea0uAu-jHWDODSrfkouGBUeJAbwcL-LpjmK5XFRT-gPmOWdMh8wL&payer_email=ferhadakhm%40gmail.com&txn_id=9L0070216X6582054&payment_type=instant&last_name=Ahmedov&address_state=&item_name1=Payment&receiver_email=liyan.zhao%40outlook.com&payment_fee=0.10&shipping_discount=0.00&quantity1=1&insurance_amount=0.00&receiver_id=6T459WWEHTPZC&txn_type=cart&discount=0.00&mc_gross_1=0.10&mc_currency=USD&residence_country=AZ&shipping_method=Default&transaction_subject=Payment&payment_gross=0.10&ipn_track_id=419e25fd88ce2
--------------------------------------------------------------
2024-03-01 02:16:29
VERIFIED
--------------------------------------------------------------
2024-03-01 02:22:08
支付回调信息:
mc_gross=5.00&invoice=2024030101483750074015&protection_eligibility=Eligible&address_status=confirmed&item_number1=&payer_id=L76RSA4QXSDX4&address_street=Yeni+Yasamal%2C+Dadash+Bunyadzade+4%2C+67&payment_date=09%3A54%3A53+Feb+29%2C+2024+PST&payment_status=Completed&charset=windows-1252&address_zip=&mc_shipping=0.00&first_name=Ferhad&mc_fee=0.50&address_country_code=AZ&address_name=Ferhad+Ahmedov&notify_version=3.9&custom=&payer_status=unverified&business=liyan.zhao%40outlook.com&address_country=Azerbaijan+Republic&num_cart_items=1&address_city=Baku&verify_sign=AtBsDHsiC6qyVi6GS6yl89Vu7iZgANwgTZ9v5qskFDt5glErHLZ5025X&payer_email=ferhadakhm%40gmail.com&txn_id=5TN49221JG571433S&payment_type=instant&last_name=Ahmedov&address_state=&item_name1=Payment&receiver_email=liyan.zhao%40outlook.com&payment_fee=0.50&shipping_discount=0.00&quantity1=1&insurance_amount=0.00&receiver_id=6T459WWEHTPZC&txn_type=cart&discount=0.00&mc_gross_1=5.00&mc_currency=USD&residence_country=AZ&shipping_method=Default&transaction_subject=Payment&payment_gross=5.00&ipn_track_id=1ba72e01923da
--------------------------------------------------------------
2024-03-01 02:22:10
VERIFIED
--------------------------------------------------------------
2024-03-01 02:27:10
支付回调信息:
mc_gross=0.10&invoice=2024030101592525268231&protection_eligibility=Eligible&address_status=confirmed&item_number1=&payer_id=L76RSA4QXSDX4&address_street=Yeni+Yasamal%2C+Dadash+Bunyadzade+4%2C+67&payment_date=09%3A59%3A55+Feb+29%2C+2024+PST&payment_status=Completed&charset=windows-1252&address_zip=&mc_shipping=0.00&first_name=Ferhad&mc_fee=0.10&address_country_code=AZ&address_name=Ferhad+Ahmedov&notify_version=3.9&custom=&payer_status=unverified&business=liyan.zhao%40outlook.com&address_country=Azerbaijan+Republic&num_cart_items=1&address_city=Baku&verify_sign=A3t9ea0uAu-jHWDODSrfkouGBUeJAbwcL-LpjmK5XFRT-gPmOWdMh8wL&payer_email=ferhadakhm%40gmail.com&txn_id=9L0070216X6582054&payment_type=instant&last_name=Ahmedov&address_state=&item_name1=Payment&receiver_email=liyan.zhao%40outlook.com&payment_fee=0.10&shipping_discount=0.00&quantity1=1&insurance_amount=0.00&receiver_id=6T459WWEHTPZC&txn_type=cart&discount=0.00&mc_gross_1=0.10&mc_currency=USD&residence_country=AZ&shipping_method=Default&transaction_subject=Payment&payment_gross=0.10&ipn_track_id=419e25fd88ce2
--------------------------------------------------------------
2024-03-01 02:27:12
VERIFIED
--------------------------------------------------------------
2024-03-01 02:43:31
支付回调信息:
mc_gross=5.00&invoice=2024030101483750074015&protection_eligibility=Eligible&address_status=confirmed&item_number1=&payer_id=L76RSA4QXSDX4&address_street=Yeni+Yasamal%2C+Dadash+Bunyadzade+4%2C+67&payment_date=09%3A54%3A53+Feb+29%2C+2024+PST&payment_status=Completed&charset=windows-1252&address_zip=&mc_shipping=0.00&first_name=Ferhad&mc_fee=0.50&address_country_code=AZ&address_name=Ferhad+Ahmedov&notify_version=3.9&custom=&payer_status=unverified&business=liyan.zhao%40outlook.com&address_country=Azerbaijan+Republic&num_cart_items=1&address_city=Baku&verify_sign=AtBsDHsiC6qyVi6GS6yl89Vu7iZgANwgTZ9v5qskFDt5glErHLZ5025X&payer_email=ferhadakhm%40gmail.com&txn_id=5TN49221JG571433S&payment_type=instant&last_name=Ahmedov&address_state=&item_name1=Payment&receiver_email=liyan.zhao%40outlook.com&payment_fee=0.50&shipping_discount=0.00&quantity1=1&insurance_amount=0.00&receiver_id=6T459WWEHTPZC&txn_type=cart&discount=0.00&mc_gross_1=5.00&mc_currency=USD&residence_country=AZ&shipping_method=Default&transaction_subject=Payment&payment_gross=5.00&ipn_track_id=1ba72e01923da
--------------------------------------------------------------
2024-03-01 02:43:33
VERIFIED
--------------------------------------------------------------
2024-03-01 02:48:33
支付回调信息:
mc_gross=0.10&invoice=2024030101592525268231&protection_eligibility=Eligible&address_status=confirmed&item_number1=&payer_id=L76RSA4QXSDX4&address_street=Yeni+Yasamal%2C+Dadash+Bunyadzade+4%2C+67&payment_date=09%3A59%3A55+Feb+29%2C+2024+PST&payment_status=Completed&charset=windows-1252&address_zip=&mc_shipping=0.00&first_name=Ferhad&mc_fee=0.10&address_country_code=AZ&address_name=Ferhad+Ahmedov&notify_version=3.9&custom=&payer_status=unverified&business=liyan.zhao%40outlook.com&address_country=Azerbaijan+Republic&num_cart_items=1&address_city=Baku&verify_sign=A3t9ea0uAu-jHWDODSrfkouGBUeJAbwcL-LpjmK5XFRT-gPmOWdMh8wL&payer_email=ferhadakhm%40gmail.com&txn_id=9L0070216X6582054&payment_type=instant&last_name=Ahmedov&address_state=&item_name1=Payment&receiver_email=liyan.zhao%40outlook.com&payment_fee=0.10&shipping_discount=0.00&quantity1=1&insurance_amount=0.00&receiver_id=6T459WWEHTPZC&txn_type=cart&discount=0.00&mc_gross_1=0.10&mc_currency=USD&residence_country=AZ&shipping_method=Default&transaction_subject=Payment&payment_gross=0.10&ipn_track_id=419e25fd88ce2
--------------------------------------------------------------
2024-03-01 02:48:35
VERIFIED
--------------------------------------------------------------
2024-03-01 03:26:17
支付回调信息:
mc_gross=5.00&invoice=2024030101483750074015&protection_eligibility=Eligible&address_status=confirmed&item_number1=&payer_id=L76RSA4QXSDX4&address_street=Yeni+Yasamal%2C+Dadash+Bunyadzade+4%2C+67&payment_date=09%3A54%3A53+Feb+29%2C+2024+PST&payment_status=Completed&charset=windows-1252&address_zip=&mc_shipping=0.00&first_name=Ferhad&mc_fee=0.50&address_country_code=AZ&address_name=Ferhad+Ahmedov&notify_version=3.9&custom=&payer_status=unverified&business=liyan.zhao%40outlook.com&address_country=Azerbaijan+Republic&num_cart_items=1&address_city=Baku&verify_sign=AtBsDHsiC6qyVi6GS6yl89Vu7iZgANwgTZ9v5qskFDt5glErHLZ5025X&payer_email=ferhadakhm%40gmail.com&txn_id=5TN49221JG571433S&payment_type=instant&last_name=Ahmedov&address_state=&item_name1=Payment&receiver_email=liyan.zhao%40outlook.com&payment_fee=0.50&shipping_discount=0.00&quantity1=1&insurance_amount=0.00&receiver_id=6T459WWEHTPZC&txn_type=cart&discount=0.00&mc_gross_1=5.00&mc_currency=USD&residence_country=AZ&shipping_method=Default&transaction_subject=Payment&payment_gross=5.00&ipn_track_id=1ba72e01923da
--------------------------------------------------------------
2024-03-01 03:26:18
VERIFIED
--------------------------------------------------------------
2024-03-01 03:31:17
支付回调信息:
mc_gross=0.10&invoice=2024030101592525268231&protection_eligibility=Eligible&address_status=confirmed&item_number1=&payer_id=L76RSA4QXSDX4&address_street=Yeni+Yasamal%2C+Dadash+Bunyadzade+4%2C+67&payment_date=09%3A59%3A55+Feb+29%2C+2024+PST&payment_status=Completed&charset=windows-1252&address_zip=&mc_shipping=0.00&first_name=Ferhad&mc_fee=0.10&address_country_code=AZ&address_name=Ferhad+Ahmedov&notify_version=3.9&custom=&payer_status=unverified&business=liyan.zhao%40outlook.com&address_country=Azerbaijan+Republic&num_cart_items=1&address_city=Baku&verify_sign=A3t9ea0uAu-jHWDODSrfkouGBUeJAbwcL-LpjmK5XFRT-gPmOWdMh8wL&payer_email=ferhadakhm%40gmail.com&txn_id=9L0070216X6582054&payment_type=instant&last_name=Ahmedov&address_state=&item_name1=Payment&receiver_email=liyan.zhao%40outlook.com&payment_fee=0.10&shipping_discount=0.00&quantity1=1&insurance_amount=0.00&receiver_id=6T459WWEHTPZC&txn_type=cart&discount=0.00&mc_gross_1=0.10&mc_currency=USD&residence_country=AZ&shipping_method=Default&transaction_subject=Payment&payment_gross=0.10&ipn_track_id=419e25fd88ce2
--------------------------------------------------------------
2024-03-01 03:31:19
VERIFIED
--------------------------------------------------------------
2024-03-01 04:51:39
支付回调信息:
mc_gross=5.00&invoice=2024030101483750074015&protection_eligibility=Eligible&address_status=confirmed&item_number1=&payer_id=L76RSA4QXSDX4&address_street=Yeni+Yasamal%2C+Dadash+Bunyadzade+4%2C+67&payment_date=09%3A54%3A53+Feb+29%2C+2024+PST&payment_status=Completed&charset=windows-1252&address_zip=&mc_shipping=0.00&first_name=Ferhad&mc_fee=0.50&address_country_code=AZ&address_name=Ferhad+Ahmedov&notify_version=3.9&custom=&payer_status=unverified&business=liyan.zhao%40outlook.com&address_country=Azerbaijan+Republic&num_cart_items=1&address_city=Baku&verify_sign=AtBsDHsiC6qyVi6GS6yl89Vu7iZgANwgTZ9v5qskFDt5glErHLZ5025X&payer_email=ferhadakhm%40gmail.com&txn_id=5TN49221JG571433S&payment_type=instant&last_name=Ahmedov&address_state=&item_name1=Payment&receiver_email=liyan.zhao%40outlook.com&payment_fee=0.50&shipping_discount=0.00&quantity1=1&insurance_amount=0.00&receiver_id=6T459WWEHTPZC&txn_type=cart&discount=0.00&mc_gross_1=5.00&mc_currency=USD&residence_country=AZ&shipping_method=Default&transaction_subject=Payment&payment_gross=5.00&ipn_track_id=1ba72e01923da
--------------------------------------------------------------
2024-03-01 04:51:40
VERIFIED
--------------------------------------------------------------
2024-03-01 04:56:42
支付回调信息:
mc_gross=0.10&invoice=2024030101592525268231&protection_eligibility=Eligible&address_status=confirmed&item_number1=&payer_id=L76RSA4QXSDX4&address_street=Yeni+Yasamal%2C+Dadash+Bunyadzade+4%2C+67&payment_date=09%3A59%3A55+Feb+29%2C+2024+PST&payment_status=Completed&charset=windows-1252&address_zip=&mc_shipping=0.00&first_name=Ferhad&mc_fee=0.10&address_country_code=AZ&address_name=Ferhad+Ahmedov&notify_version=3.9&custom=&payer_status=unverified&business=liyan.zhao%40outlook.com&address_country=Azerbaijan+Republic&num_cart_items=1&address_city=Baku&verify_sign=A3t9ea0uAu-jHWDODSrfkouGBUeJAbwcL-LpjmK5XFRT-gPmOWdMh8wL&payer_email=ferhadakhm%40gmail.com&txn_id=9L0070216X6582054&payment_type=instant&last_name=Ahmedov&address_state=&item_name1=Payment&receiver_email=liyan.zhao%40outlook.com&payment_fee=0.10&shipping_discount=0.00&quantity1=1&insurance_amount=0.00&receiver_id=6T459WWEHTPZC&txn_type=cart&discount=0.00&mc_gross_1=0.10&mc_currency=USD&residence_country=AZ&shipping_method=Default&transaction_subject=Payment&payment_gross=0.10&ipn_track_id=419e25fd88ce2
--------------------------------------------------------------
2024-03-01 04:56:43
VERIFIED
--------------------------------------------------------------
2024-03-01 07:42:23
支付回调信息:
mc_gross=5.00&invoice=2024030101483750074015&protection_eligibility=Eligible&address_status=confirmed&item_number1=&payer_id=L76RSA4QXSDX4&address_street=Yeni+Yasamal%2C+Dadash+Bunyadzade+4%2C+67&payment_date=09%3A54%3A53+Feb+29%2C+2024+PST&payment_status=Completed&charset=windows-1252&address_zip=&mc_shipping=0.00&first_name=Ferhad&mc_fee=0.50&address_country_code=AZ&address_name=Ferhad+Ahmedov&notify_version=3.9&custom=&payer_status=unverified&business=liyan.zhao%40outlook.com&address_country=Azerbaijan+Republic&num_cart_items=1&address_city=Baku&verify_sign=AtBsDHsiC6qyVi6GS6yl89Vu7iZgANwgTZ9v5qskFDt5glErHLZ5025X&payer_email=ferhadakhm%40gmail.com&txn_id=5TN49221JG571433S&payment_type=instant&last_name=Ahmedov&address_state=&item_name1=Payment&receiver_email=liyan.zhao%40outlook.com&payment_fee=0.50&shipping_discount=0.00&quantity1=1&insurance_amount=0.00&receiver_id=6T459WWEHTPZC&txn_type=cart&discount=0.00&mc_gross_1=5.00&mc_currency=USD&residence_country=AZ&shipping_method=Default&transaction_subject=Payment&payment_gross=5.00&ipn_track_id=1ba72e01923da
--------------------------------------------------------------
2024-03-01 07:42:24
VERIFIED
--------------------------------------------------------------
2024-03-01 07:47:26
支付回调信息:
mc_gross=0.10&invoice=2024030101592525268231&protection_eligibility=Eligible&address_status=confirmed&item_number1=&payer_id=L76RSA4QXSDX4&address_street=Yeni+Yasamal%2C+Dadash+Bunyadzade+4%2C+67&payment_date=09%3A59%3A55+Feb+29%2C+2024+PST&payment_status=Completed&charset=windows-1252&address_zip=&mc_shipping=0.00&first_name=Ferhad&mc_fee=0.10&address_country_code=AZ&address_name=Ferhad+Ahmedov&notify_version=3.9&custom=&payer_status=unverified&business=liyan.zhao%40outlook.com&address_country=Azerbaijan+Republic&num_cart_items=1&address_city=Baku&verify_sign=A3t9ea0uAu-jHWDODSrfkouGBUeJAbwcL-LpjmK5XFRT-gPmOWdMh8wL&payer_email=ferhadakhm%40gmail.com&txn_id=9L0070216X6582054&payment_type=instant&last_name=Ahmedov&address_state=&item_name1=Payment&receiver_email=liyan.zhao%40outlook.com&payment_fee=0.10&shipping_discount=0.00&quantity1=1&insurance_amount=0.00&receiver_id=6T459WWEHTPZC&txn_type=cart&discount=0.00&mc_gross_1=0.10&mc_currency=USD&residence_country=AZ&shipping_method=Default&transaction_subject=Payment&payment_gross=0.10&ipn_track_id=419e25fd88ce2
--------------------------------------------------------------
2024-03-01 07:47:27
VERIFIED
--------------------------------------------------------------
2024-03-01 12:10:24
支付回调信息:
mc_gross=3.00&invoice=2024030112093892214590&protection_eligibility=Eligible&address_status=confirmed&item_number1=&payer_id=N4FAD762XJYU2&address_street=4312-105+B+Avenue&payment_date=20%3A10%3A14+Feb+29%2C+2024+PST&payment_status=Completed&charset=windows-1252&address_zip=T6A1C7&mc_shipping=0.00&first_name=Dariusz&mc_fee=0.39&address_country_code=CA&address_name=Dariusz+Janik&notify_version=3.9&custom=&payer_status=unverified&business=liyan.zhao%40outlook.com&address_country=Canada&num_cart_items=1&address_city=Edmonton&verify_sign=A8SOkNdRM9MiScXHlpkP3xpoDHlGAW0JcwezAzDQ-x3hjXq2CBQYYJfF&payer_email=DerrickJanik98%40gmail.com&txn_id=03M46724VG977890H&payment_type=instant&last_name=Janik&address_state=AB&item_name1=Payment&receiver_email=liyan.zhao%40outlook.com&payment_fee=0.39&shipping_discount=0.00&quantity1=1&insurance_amount=0.00&receiver_id=6T459WWEHTPZC&txn_type=cart&discount=0.00&mc_gross_1=3.00&mc_currency=USD&residence_country=CA&shipping_method=Default&transaction_subject=Payment&payment_gross=3.00&ipn_track_id=1e97c72bc57d3
--------------------------------------------------------------
2024-03-01 12:10:25
VERIFIED
--------------------------------------------------------------
2024-03-01 12:10:25
update order result successfully !
--------------------------------------------------------------
2024-03-01 13:23:46
支付回调信息:
mc_gross=5.00&invoice=2024030101483750074015&protection_eligibility=Eligible&address_status=confirmed&item_number1=&payer_id=L76RSA4QXSDX4&address_street=Yeni+Yasamal%2C+Dadash+Bunyadzade+4%2C+67&payment_date=09%3A54%3A53+Feb+29%2C+2024+PST&payment_status=Completed&charset=windows-1252&address_zip=&mc_shipping=0.00&first_name=Ferhad&mc_fee=0.50&address_country_code=AZ&address_name=Ferhad+Ahmedov&notify_version=3.9&custom=&payer_status=unverified&business=liyan.zhao%40outlook.com&address_country=Azerbaijan+Republic&num_cart_items=1&address_city=Baku&verify_sign=AtBsDHsiC6qyVi6GS6yl89Vu7iZgANwgTZ9v5qskFDt5glErHLZ5025X&payer_email=ferhadakhm%40gmail.com&txn_id=5TN49221JG571433S&payment_type=instant&last_name=Ahmedov&address_state=&item_name1=Payment&receiver_email=liyan.zhao%40outlook.com&payment_fee=0.50&shipping_discount=0.00&quantity1=1&insurance_amount=0.00&receiver_id=6T459WWEHTPZC&txn_type=cart&discount=0.00&mc_gross_1=5.00&mc_currency=USD&residence_country=AZ&shipping_method=Default&transaction_subject=Payment&payment_gross=5.00&ipn_track_id=1ba72e01923da
--------------------------------------------------------------
2024-03-01 13:23:47
VERIFIED
--------------------------------------------------------------
2024-03-01 13:24:55
支付回调信息:
mc_gross=20.00&invoice=2024022914330970806894&protection_eligibility=Eligible&address_status=confirmed&item_number1=&payer_id=ZZGKZUFY7FR28&address_street=8+Mountview+Avenue&payment_date=22%3A33%3A20+Feb+28%2C+2024+PST&payment_status=Completed&charset=windows-1252&address_zip=2209&mc_shipping=0.00&first_name=Nam+Vinh&mc_fee=1.08&address_country_code=AU&address_name=Nam+Vinh+Tran&notify_version=3.9&custom=&payer_status=unverified&business=liyan.zhao%40outlook.com&address_country=Australia&num_cart_items=1&address_city=Beverly+Hills&verify_sign=A3oXnxRMgEmhg5MkwCGWz5h5K7StAPa6uz7vVjRCchs9bNYmsDLDuqTa&payer_email=vinhnamtran777%40gmail.com&txn_id=4FF703653W084305D&payment_type=instant&last_name=Tran&address_state=NSW&item_name1=Payment&receiver_email=liyan.zhao%40outlook.com&payment_fee=1.08&shipping_discount=0.00&quantity1=1&insurance_amount=0.00&receiver_id=6T459WWEHTPZC&txn_type=cart&discount=0.00&mc_gross_1=20.00&mc_currency=USD&residence_country=AU&shipping_method=Default&transaction_subject=Payment&payment_gross=20.00&ipn_track_id=55afb1654f1a9
--------------------------------------------------------------
2024-03-01 13:24:57
VERIFIED
--------------------------------------------------------------
2024-03-01 13:28:49
支付回调信息:
mc_gross=0.10&invoice=2024030101592525268231&protection_eligibility=Eligible&address_status=confirmed&item_number1=&payer_id=L76RSA4QXSDX4&address_street=Yeni+Yasamal%2C+Dadash+Bunyadzade+4%2C+67&payment_date=09%3A59%3A55+Feb+29%2C+2024+PST&payment_status=Completed&charset=windows-1252&address_zip=&mc_shipping=0.00&first_name=Ferhad&mc_fee=0.10&address_country_code=AZ&address_name=Ferhad+Ahmedov&notify_version=3.9&custom=&payer_status=unverified&business=liyan.zhao%40outlook.com&address_country=Azerbaijan+Republic&num_cart_items=1&address_city=Baku&verify_sign=A3t9ea0uAu-jHWDODSrfkouGBUeJAbwcL-LpjmK5XFRT-gPmOWdMh8wL&payer_email=ferhadakhm%40gmail.com&txn_id=9L0070216X6582054&payment_type=instant&last_name=Ahmedov&address_state=&item_name1=Payment&receiver_email=liyan.zhao%40outlook.com&payment_fee=0.10&shipping_discount=0.00&quantity1=1&insurance_amount=0.00&receiver_id=6T459WWEHTPZC&txn_type=cart&discount=0.00&mc_gross_1=0.10&mc_currency=USD&residence_country=AZ&shipping_method=Default&transaction_subject=Payment&payment_gross=0.10&ipn_track_id=419e25fd88ce2
--------------------------------------------------------------
2024-03-01 13:28:50
VERIFIED
--------------------------------------------------------------
