2024-03-02 00:46:29
支付回调信息:
mc_gross=5.00&invoice=2024030101483750074015&protection_eligibility=Eligible&address_status=confirmed&item_number1=&payer_id=L76RSA4QXSDX4&address_street=Yeni+Yasamal%2C+Dadash+Bunyadzade+4%2C+67&payment_date=09%3A54%3A53+Feb+29%2C+2024+PST&payment_status=Completed&charset=windows-1252&address_zip=&mc_shipping=0.00&first_name=Ferhad&mc_fee=0.50&address_country_code=AZ&address_name=Ferhad+Ahmedov&notify_version=3.9&custom=&payer_status=unverified&business=liyan.zhao%40outlook.com&address_country=Azerbaijan+Republic&num_cart_items=1&address_city=Baku&verify_sign=AtBsDHsiC6qyVi6GS6yl89Vu7iZgANwgTZ9v5qskFDt5glErHLZ5025X&payer_email=ferhadakhm%40gmail.com&txn_id=5TN49221JG571433S&payment_type=instant&last_name=Ahmedov&address_state=&item_name1=Payment&receiver_email=liyan.zhao%40outlook.com&payment_fee=0.50&shipping_discount=0.00&quantity1=1&insurance_amount=0.00&receiver_id=6T459WWEHTPZC&txn_type=cart&discount=0.00&mc_gross_1=5.00&mc_currency=USD&residence_country=AZ&shipping_method=Default&transaction_subject=Payment&payment_gross=5.00&ipn_track_id=1ba72e01923da
--------------------------------------------------------------
2024-03-02 00:46:31
VERIFIED
--------------------------------------------------------------
2024-03-02 00:51:32
支付回调信息:
mc_gross=0.10&invoice=2024030101592525268231&protection_eligibility=Eligible&address_status=confirmed&item_number1=&payer_id=L76RSA4QXSDX4&address_street=Yeni+Yasamal%2C+Dadash+Bunyadzade+4%2C+67&payment_date=09%3A59%3A55+Feb+29%2C+2024+PST&payment_status=Completed&charset=windows-1252&address_zip=&mc_shipping=0.00&first_name=Ferhad&mc_fee=0.10&address_country_code=AZ&address_name=Ferhad+Ahmedov&notify_version=3.9&custom=&payer_status=unverified&business=liyan.zhao%40outlook.com&address_country=Azerbaijan+Republic&num_cart_items=1&address_city=Baku&verify_sign=A3t9ea0uAu-jHWDODSrfkouGBUeJAbwcL-LpjmK5XFRT-gPmOWdMh8wL&payer_email=ferhadakhm%40gmail.com&txn_id=9L0070216X6582054&payment_type=instant&last_name=Ahmedov&address_state=&item_name1=Payment&receiver_email=liyan.zhao%40outlook.com&payment_fee=0.10&shipping_discount=0.00&quantity1=1&insurance_amount=0.00&receiver_id=6T459WWEHTPZC&txn_type=cart&discount=0.00&mc_gross_1=0.10&mc_currency=USD&residence_country=AZ&shipping_method=Default&transaction_subject=Payment&payment_gross=0.10&ipn_track_id=419e25fd88ce2
--------------------------------------------------------------
2024-03-02 00:51:33
VERIFIED
--------------------------------------------------------------
2024-03-02 12:10:20
支付回调信息:
mc_gross=20.00&invoice=2024022914330970806894&protection_eligibility=Eligible&address_status=confirmed&item_number1=&payer_id=ZZGKZUFY7FR28&address_street=8+Mountview+Avenue&payment_date=22%3A33%3A20+Feb+28%2C+2024+PST&payment_status=Completed&charset=windows-1252&address_zip=2209&mc_shipping=0.00&first_name=Nam+Vinh&mc_fee=1.08&address_country_code=AU&address_name=Nam+Vinh+Tran&notify_version=3.9&custom=&payer_status=unverified&business=liyan.zhao%40outlook.com&address_country=Australia&num_cart_items=1&address_city=Beverly+Hills&verify_sign=A3oXnxRMgEmhg5MkwCGWz5h5K7StAPa6uz7vVjRCchs9bNYmsDLDuqTa&payer_email=vinhnamtran777%40gmail.com&txn_id=4FF703653W084305D&payment_type=instant&last_name=Tran&address_state=NSW&item_name1=Payment&receiver_email=liyan.zhao%40outlook.com&payment_fee=1.08&shipping_discount=0.00&quantity1=1&insurance_amount=0.00&receiver_id=6T459WWEHTPZC&txn_type=cart&discount=0.00&mc_gross_1=20.00&mc_currency=USD&residence_country=AU&shipping_method=Default&transaction_subject=Payment&payment_gross=20.00&ipn_track_id=55afb1654f1a9
--------------------------------------------------------------
2024-03-02 12:10:21
VERIFIED
--------------------------------------------------------------
2024-03-02 23:31:53
支付回调信息:
mc_gross=5.00&invoice=2024030101483750074015&protection_eligibility=Eligible&address_status=confirmed&item_number1=&payer_id=L76RSA4QXSDX4&address_street=Yeni+Yasamal%2C+Dadash+Bunyadzade+4%2C+67&payment_date=09%3A54%3A53+Feb+29%2C+2024+PST&payment_status=Completed&charset=windows-1252&address_zip=&mc_shipping=0.00&first_name=Ferhad&mc_fee=0.50&address_country_code=AZ&address_name=Ferhad+Ahmedov&notify_version=3.9&custom=&payer_status=unverified&business=liyan.zhao%40outlook.com&address_country=Azerbaijan+Republic&num_cart_items=1&address_city=Baku&verify_sign=AtBsDHsiC6qyVi6GS6yl89Vu7iZgANwgTZ9v5qskFDt5glErHLZ5025X&payer_email=ferhadakhm%40gmail.com&txn_id=5TN49221JG571433S&payment_type=instant&last_name=Ahmedov&address_state=&item_name1=Payment&receiver_email=liyan.zhao%40outlook.com&payment_fee=0.50&shipping_discount=0.00&quantity1=1&insurance_amount=0.00&receiver_id=6T459WWEHTPZC&txn_type=cart&discount=0.00&mc_gross_1=5.00&mc_currency=USD&residence_country=AZ&shipping_method=Default&transaction_subject=Payment&payment_gross=5.00&ipn_track_id=1ba72e01923da
--------------------------------------------------------------
2024-03-02 23:31:55
VERIFIED
--------------------------------------------------------------
2024-03-02 23:36:56
支付回调信息:
mc_gross=0.10&invoice=2024030101592525268231&protection_eligibility=Eligible&address_status=confirmed&item_number1=&payer_id=L76RSA4QXSDX4&address_street=Yeni+Yasamal%2C+Dadash+Bunyadzade+4%2C+67&payment_date=09%3A59%3A55+Feb+29%2C+2024+PST&payment_status=Completed&charset=windows-1252&address_zip=&mc_shipping=0.00&first_name=Ferhad&mc_fee=0.10&address_country_code=AZ&address_name=Ferhad+Ahmedov&notify_version=3.9&custom=&payer_status=unverified&business=liyan.zhao%40outlook.com&address_country=Azerbaijan+Republic&num_cart_items=1&address_city=Baku&verify_sign=A3t9ea0uAu-jHWDODSrfkouGBUeJAbwcL-LpjmK5XFRT-gPmOWdMh8wL&payer_email=ferhadakhm%40gmail.com&txn_id=9L0070216X6582054&payment_type=instant&last_name=Ahmedov&address_state=&item_name1=Payment&receiver_email=liyan.zhao%40outlook.com&payment_fee=0.10&shipping_discount=0.00&quantity1=1&insurance_amount=0.00&receiver_id=6T459WWEHTPZC&txn_type=cart&discount=0.00&mc_gross_1=0.10&mc_currency=USD&residence_country=AZ&shipping_method=Default&transaction_subject=Payment&payment_gross=0.10&ipn_track_id=419e25fd88ce2
--------------------------------------------------------------
2024-03-02 23:36:57
VERIFIED
--------------------------------------------------------------
