2024-03-31 00:25:28
支付回调信息:
mc_gross=10.50&invoice=2024033100105536688679&protection_eligibility=Eligible&address_status=confirmed&item_number1=&payer_id=AGPK3SCAKDMNC&address_street=%23303-120+Mcintosh+Rd&payment_date=09%3A25%3A18+Mar+30%2C+2024+PDT&payment_status=Completed&charset=windows-1252&address_zip=V1X7E8&mc_shipping=0.00&first_name=Mehdi&mc_fee=0.60&address_country_code=CA&address_name=Mehdi+Areyanjam&notify_version=3.9&custom=&payer_status=verified&business=liyan.zhao%40outlook.com&address_country=Canada&num_cart_items=1&address_city=Kelowna&verify_sign=ArvCGpZna2orP3EUf7awdRse2QnDA0Ah8QlHbgzBZTcm8TefTvRnQrFs&payer_email=mhd.arian20%40gmail.com&txn_id=8RJ36783B6225671W&payment_type=instant&last_name=Areyanjam&address_state=BC&item_name1=Payment&receiver_email=liyan.zhao%40outlook.com&payment_fee=0.60&shipping_discount=0.00&quantity1=1&insurance_amount=0.00&receiver_id=6T459WWEHTPZC&txn_type=cart&discount=0.00&mc_gross_1=10.50&mc_currency=USD&residence_country=CA&shipping_method=Default&transaction_subject=Payment&payment_gross=10.50&ipn_track_id=fa74678ab2813
--------------------------------------------------------------
2024-03-31 00:25:29
VERIFIED
--------------------------------------------------------------
2024-03-31 00:25:29
update order result successfully !
--------------------------------------------------------------
2024-03-31 02:41:23
支付回调信息:
mc_gross=3.00&invoice=2024033102370771286624&protection_eligibility=Eligible&address_status=confirmed&item_number1=&payer_id=NW7WG55KN2EY8&address_street=534+Sutherland+Ave&payment_date=11%3A41%3A15+Mar+30%2C+2024+PDT&payment_status=Completed&charset=windows-1252&address_zip=V1Y+5X2&mc_shipping=0.00&first_name=marzieh&mc_fee=0.39&address_country_code=CA&address_name=marzieh+homayoun&notify_version=3.9&custom=&payer_status=unverified&business=liyan.zhao%40outlook.com&address_country=Canada&num_cart_items=1&address_city=Kelowna&verify_sign=A8RA1PHl5VxL1NlYbcWdcO5qOrwEAKLoYN2QhGMALA29QONsSLePtS0F&payer_email=marzieh.homayoun98%40gmail.com&txn_id=55E97267XL639503J&payment_type=instant&last_name=homayoun&address_state=BC&item_name1=Payment&receiver_email=liyan.zhao%40outlook.com&payment_fee=0.39&shipping_discount=0.00&quantity1=1&insurance_amount=0.00&receiver_id=6T459WWEHTPZC&txn_type=cart&discount=0.00&mc_gross_1=3.00&mc_currency=USD&residence_country=CA&shipping_method=Default&transaction_subject=Payment&payment_gross=3.00&ipn_track_id=d87abd7919089
--------------------------------------------------------------
2024-03-31 02:41:24
VERIFIED
--------------------------------------------------------------
2024-03-31 02:41:24
update order result successfully !
--------------------------------------------------------------
