2025-09-24 04:58:47
支付回调信息:
mc_gross=6.00&invoice=2025092404532940694766&protection_eligibility=Eligible&address_status=confirmed&item_number1=&payer_id=7A8Q6VQJP4VKG&address_street=ulica+Leopolda+Staffa+10%2F31&payment_date=13%3A56%3A37+Sep+23%2C+2025+PDT&payment_status=Completed&charset=windows-1252&address_zip=59-220&mc_shipping=0.00&first_name=Paulina&mc_fee=0.53&address_country_code=PL&address_name=Paulina+Ozga&notify_version=3.9&custom=&payer_status=verified&business=liyan.zhao%40outlook.com&address_country=Poland&num_cart_items=1&address_city=Legnica&verify_sign=AYVFhFyf9O-YB27vz3Xu3E0Jptn5ACFAsqYlKSEMgT-fzR2VwiG0RBpD&payer_email=paula0088%40interia.eu&txn_id=4FW91583EX889970Y&payment_type=instant&last_name=Ozga&address_state=Dolno%1Al%1Askie&item_name1=Payment&receiver_email=liyan.zhao%40outlook.com&payment_fee=0.53&shipping_discount=0.00&quantity1=1&insurance_amount=0.00&receiver_id=6T459WWEHTPZC&txn_type=cart&discount=0.00&mc_gross_1=6.00&mc_currency=USD&residence_country=PL&receipt_id=3509-8854-1012-6753&shipping_method=Default&transaction_subject=Payment&payment_gross=6.00&ipn_track_id=8e7354f3fc5ce
--------------------------------------------------------------
2025-09-24 04:58:49
VERIFIED
--------------------------------------------------------------
2025-09-24 05:00:51
支付回调信息:
mc_gross=6.00&invoice=2025092404532940694766&protection_eligibility=Eligible&address_status=confirmed&item_number1=&payer_id=7A8Q6VQJP4VKG&address_street=ulica+Leopolda+Staffa+10%2F31&payment_date=13%3A56%3A37+Sep+23%2C+2025+PDT&payment_status=Completed&charset=windows-1252&address_zip=59-220&mc_shipping=0.00&first_name=Paulina&mc_fee=0.53&address_country_code=PL&address_name=Paulina+Ozga&notify_version=3.9&custom=&payer_status=verified&business=liyan.zhao%40outlook.com&address_country=Poland&num_cart_items=1&address_city=Legnica&verify_sign=AYVFhFyf9O-YB27vz3Xu3E0Jptn5ACFAsqYlKSEMgT-fzR2VwiG0RBpD&payer_email=paula0088%40interia.eu&txn_id=4FW91583EX889970Y&payment_type=instant&last_name=Ozga&address_state=Dolno%1Al%1Askie&item_name1=Payment&receiver_email=liyan.zhao%40outlook.com&payment_fee=0.53&shipping_discount=0.00&quantity1=1&insurance_amount=0.00&receiver_id=6T459WWEHTPZC&txn_type=cart&discount=0.00&mc_gross_1=6.00&mc_currency=USD&residence_country=PL&receipt_id=3509-8854-1012-6753&shipping_method=Default&transaction_subject=Payment&payment_gross=6.00&ipn_track_id=8e7354f3fc5ce
--------------------------------------------------------------
2025-09-24 05:00:53
VERIFIED
--------------------------------------------------------------
2025-09-24 05:02:55
支付回调信息:
mc_gross=6.00&invoice=2025092404532940694766&protection_eligibility=Eligible&address_status=confirmed&item_number1=&payer_id=7A8Q6VQJP4VKG&address_street=ulica+Leopolda+Staffa+10%2F31&payment_date=13%3A56%3A37+Sep+23%2C+2025+PDT&payment_status=Completed&charset=windows-1252&address_zip=59-220&mc_shipping=0.00&first_name=Paulina&mc_fee=0.53&address_country_code=PL&address_name=Paulina+Ozga&notify_version=3.9&custom=&payer_status=verified&business=liyan.zhao%40outlook.com&address_country=Poland&num_cart_items=1&address_city=Legnica&verify_sign=AYVFhFyf9O-YB27vz3Xu3E0Jptn5ACFAsqYlKSEMgT-fzR2VwiG0RBpD&payer_email=paula0088%40interia.eu&txn_id=4FW91583EX889970Y&payment_type=instant&last_name=Ozga&address_state=Dolno%1Al%1Askie&item_name1=Payment&receiver_email=liyan.zhao%40outlook.com&payment_fee=0.53&shipping_discount=0.00&quantity1=1&insurance_amount=0.00&receiver_id=6T459WWEHTPZC&txn_type=cart&discount=0.00&mc_gross_1=6.00&mc_currency=USD&residence_country=PL&receipt_id=3509-8854-1012-6753&shipping_method=Default&transaction_subject=Payment&payment_gross=6.00&ipn_track_id=8e7354f3fc5ce
--------------------------------------------------------------
2025-09-24 05:02:56
VERIFIED
--------------------------------------------------------------
2025-09-24 05:04:59
支付回调信息:
mc_gross=6.00&invoice=2025092404532940694766&protection_eligibility=Eligible&address_status=confirmed&item_number1=&payer_id=7A8Q6VQJP4VKG&address_street=ulica+Leopolda+Staffa+10%2F31&payment_date=13%3A56%3A37+Sep+23%2C+2025+PDT&payment_status=Completed&charset=windows-1252&address_zip=59-220&mc_shipping=0.00&first_name=Paulina&mc_fee=0.53&address_country_code=PL&address_name=Paulina+Ozga&notify_version=3.9&custom=&payer_status=verified&business=liyan.zhao%40outlook.com&address_country=Poland&num_cart_items=1&address_city=Legnica&verify_sign=AYVFhFyf9O-YB27vz3Xu3E0Jptn5ACFAsqYlKSEMgT-fzR2VwiG0RBpD&payer_email=paula0088%40interia.eu&txn_id=4FW91583EX889970Y&payment_type=instant&last_name=Ozga&address_state=Dolno%1Al%1Askie&item_name1=Payment&receiver_email=liyan.zhao%40outlook.com&payment_fee=0.53&shipping_discount=0.00&quantity1=1&insurance_amount=0.00&receiver_id=6T459WWEHTPZC&txn_type=cart&discount=0.00&mc_gross_1=6.00&mc_currency=USD&residence_country=PL&receipt_id=3509-8854-1012-6753&shipping_method=Default&transaction_subject=Payment&payment_gross=6.00&ipn_track_id=8e7354f3fc5ce
--------------------------------------------------------------
2025-09-24 05:05:00
VERIFIED
--------------------------------------------------------------
2025-09-24 05:07:42
支付回调信息:
mc_gross=6.00&invoice=2025092404532940694766&protection_eligibility=Eligible&address_status=confirmed&item_number1=&payer_id=7A8Q6VQJP4VKG&address_street=ulica+Leopolda+Staffa+10%2F31&payment_date=13%3A56%3A37+Sep+23%2C+2025+PDT&payment_status=Completed&charset=windows-1252&address_zip=59-220&mc_shipping=0.00&first_name=Paulina&mc_fee=0.53&address_country_code=PL&address_name=Paulina+Ozga&notify_version=3.9&custom=&payer_status=verified&business=liyan.zhao%40outlook.com&address_country=Poland&num_cart_items=1&address_city=Legnica&verify_sign=AYVFhFyf9O-YB27vz3Xu3E0Jptn5ACFAsqYlKSEMgT-fzR2VwiG0RBpD&payer_email=paula0088%40interia.eu&txn_id=4FW91583EX889970Y&payment_type=instant&last_name=Ozga&address_state=Dolno%1Al%1Askie&item_name1=Payment&receiver_email=liyan.zhao%40outlook.com&payment_fee=0.53&shipping_discount=0.00&quantity1=1&insurance_amount=0.00&receiver_id=6T459WWEHTPZC&txn_type=cart&discount=0.00&mc_gross_1=6.00&mc_currency=USD&residence_country=PL&receipt_id=3509-8854-1012-6753&shipping_method=Default&transaction_subject=Payment&payment_gross=6.00&ipn_track_id=8e7354f3fc5ce
--------------------------------------------------------------
2025-09-24 05:07:44
VERIFIED
--------------------------------------------------------------
2025-09-24 05:13:06
支付回调信息:
mc_gross=6.00&invoice=2025092404532940694766&protection_eligibility=Eligible&address_status=confirmed&item_number1=&payer_id=7A8Q6VQJP4VKG&address_street=ulica+Leopolda+Staffa+10%2F31&payment_date=13%3A56%3A37+Sep+23%2C+2025+PDT&payment_status=Completed&charset=windows-1252&address_zip=59-220&mc_shipping=0.00&first_name=Paulina&mc_fee=0.53&address_country_code=PL&address_name=Paulina+Ozga&notify_version=3.9&custom=&payer_status=verified&business=liyan.zhao%40outlook.com&address_country=Poland&num_cart_items=1&address_city=Legnica&verify_sign=AYVFhFyf9O-YB27vz3Xu3E0Jptn5ACFAsqYlKSEMgT-fzR2VwiG0RBpD&payer_email=paula0088%40interia.eu&txn_id=4FW91583EX889970Y&payment_type=instant&last_name=Ozga&address_state=Dolno%1Al%1Askie&item_name1=Payment&receiver_email=liyan.zhao%40outlook.com&payment_fee=0.53&shipping_discount=0.00&quantity1=1&insurance_amount=0.00&receiver_id=6T459WWEHTPZC&txn_type=cart&discount=0.00&mc_gross_1=6.00&mc_currency=USD&residence_country=PL&receipt_id=3509-8854-1012-6753&shipping_method=Default&transaction_subject=Payment&payment_gross=6.00&ipn_track_id=8e7354f3fc5ce
--------------------------------------------------------------
2025-09-24 05:13:08
VERIFIED
--------------------------------------------------------------
2025-09-24 05:23:50
支付回调信息:
mc_gross=6.00&invoice=2025092404532940694766&protection_eligibility=Eligible&address_status=confirmed&item_number1=&payer_id=7A8Q6VQJP4VKG&address_street=ulica+Leopolda+Staffa+10%2F31&payment_date=13%3A56%3A37+Sep+23%2C+2025+PDT&payment_status=Completed&charset=windows-1252&address_zip=59-220&mc_shipping=0.00&first_name=Paulina&mc_fee=0.53&address_country_code=PL&address_name=Paulina+Ozga&notify_version=3.9&custom=&payer_status=verified&business=liyan.zhao%40outlook.com&address_country=Poland&num_cart_items=1&address_city=Legnica&verify_sign=AYVFhFyf9O-YB27vz3Xu3E0Jptn5ACFAsqYlKSEMgT-fzR2VwiG0RBpD&payer_email=paula0088%40interia.eu&txn_id=4FW91583EX889970Y&payment_type=instant&last_name=Ozga&address_state=Dolno%1Al%1Askie&item_name1=Payment&receiver_email=liyan.zhao%40outlook.com&payment_fee=0.53&shipping_discount=0.00&quantity1=1&insurance_amount=0.00&receiver_id=6T459WWEHTPZC&txn_type=cart&discount=0.00&mc_gross_1=6.00&mc_currency=USD&residence_country=PL&receipt_id=3509-8854-1012-6753&shipping_method=Default&transaction_subject=Payment&payment_gross=6.00&ipn_track_id=8e7354f3fc5ce
--------------------------------------------------------------
2025-09-24 05:23:52
VERIFIED
--------------------------------------------------------------
2025-09-24 05:45:14
支付回调信息:
mc_gross=6.00&invoice=2025092404532940694766&protection_eligibility=Eligible&address_status=confirmed&item_number1=&payer_id=7A8Q6VQJP4VKG&address_street=ulica+Leopolda+Staffa+10%2F31&payment_date=13%3A56%3A37+Sep+23%2C+2025+PDT&payment_status=Completed&charset=windows-1252&address_zip=59-220&mc_shipping=0.00&first_name=Paulina&mc_fee=0.53&address_country_code=PL&address_name=Paulina+Ozga&notify_version=3.9&custom=&payer_status=verified&business=liyan.zhao%40outlook.com&address_country=Poland&num_cart_items=1&address_city=Legnica&verify_sign=AYVFhFyf9O-YB27vz3Xu3E0Jptn5ACFAsqYlKSEMgT-fzR2VwiG0RBpD&payer_email=paula0088%40interia.eu&txn_id=4FW91583EX889970Y&payment_type=instant&last_name=Ozga&address_state=Dolno%1Al%1Askie&item_name1=Payment&receiver_email=liyan.zhao%40outlook.com&payment_fee=0.53&shipping_discount=0.00&quantity1=1&insurance_amount=0.00&receiver_id=6T459WWEHTPZC&txn_type=cart&discount=0.00&mc_gross_1=6.00&mc_currency=USD&residence_country=PL&receipt_id=3509-8854-1012-6753&shipping_method=Default&transaction_subject=Payment&payment_gross=6.00&ipn_track_id=8e7354f3fc5ce
--------------------------------------------------------------
2025-09-24 05:45:15
VERIFIED
--------------------------------------------------------------
2025-09-24 06:27:57
支付回调信息:
mc_gross=6.00&invoice=2025092404532940694766&protection_eligibility=Eligible&address_status=confirmed&item_number1=&payer_id=7A8Q6VQJP4VKG&address_street=ulica+Leopolda+Staffa+10%2F31&payment_date=13%3A56%3A37+Sep+23%2C+2025+PDT&payment_status=Completed&charset=windows-1252&address_zip=59-220&mc_shipping=0.00&first_name=Paulina&mc_fee=0.53&address_country_code=PL&address_name=Paulina+Ozga&notify_version=3.9&custom=&payer_status=verified&business=liyan.zhao%40outlook.com&address_country=Poland&num_cart_items=1&address_city=Legnica&verify_sign=AYVFhFyf9O-YB27vz3Xu3E0Jptn5ACFAsqYlKSEMgT-fzR2VwiG0RBpD&payer_email=paula0088%40interia.eu&txn_id=4FW91583EX889970Y&payment_type=instant&last_name=Ozga&address_state=Dolno%1Al%1Askie&item_name1=Payment&receiver_email=liyan.zhao%40outlook.com&payment_fee=0.53&shipping_discount=0.00&quantity1=1&insurance_amount=0.00&receiver_id=6T459WWEHTPZC&txn_type=cart&discount=0.00&mc_gross_1=6.00&mc_currency=USD&residence_country=PL&receipt_id=3509-8854-1012-6753&shipping_method=Default&transaction_subject=Payment&payment_gross=6.00&ipn_track_id=8e7354f3fc5ce
--------------------------------------------------------------
2025-09-24 06:27:58
VERIFIED
--------------------------------------------------------------
2025-09-24 07:53:20
支付回调信息:
mc_gross=6.00&invoice=2025092404532940694766&protection_eligibility=Eligible&address_status=confirmed&item_number1=&payer_id=7A8Q6VQJP4VKG&address_street=ulica+Leopolda+Staffa+10%2F31&payment_date=13%3A56%3A37+Sep+23%2C+2025+PDT&payment_status=Completed&charset=windows-1252&address_zip=59-220&mc_shipping=0.00&first_name=Paulina&mc_fee=0.53&address_country_code=PL&address_name=Paulina+Ozga&notify_version=3.9&custom=&payer_status=verified&business=liyan.zhao%40outlook.com&address_country=Poland&num_cart_items=1&address_city=Legnica&verify_sign=AYVFhFyf9O-YB27vz3Xu3E0Jptn5ACFAsqYlKSEMgT-fzR2VwiG0RBpD&payer_email=paula0088%40interia.eu&txn_id=4FW91583EX889970Y&payment_type=instant&last_name=Ozga&address_state=Dolno%1Al%1Askie&item_name1=Payment&receiver_email=liyan.zhao%40outlook.com&payment_fee=0.53&shipping_discount=0.00&quantity1=1&insurance_amount=0.00&receiver_id=6T459WWEHTPZC&txn_type=cart&discount=0.00&mc_gross_1=6.00&mc_currency=USD&residence_country=PL&receipt_id=3509-8854-1012-6753&shipping_method=Default&transaction_subject=Payment&payment_gross=6.00&ipn_track_id=8e7354f3fc5ce
--------------------------------------------------------------
2025-09-24 07:53:22
VERIFIED
--------------------------------------------------------------
2025-09-24 10:44:04
支付回调信息:
mc_gross=6.00&invoice=2025092404532940694766&protection_eligibility=Eligible&address_status=confirmed&item_number1=&payer_id=7A8Q6VQJP4VKG&address_street=ulica+Leopolda+Staffa+10%2F31&payment_date=13%3A56%3A37+Sep+23%2C+2025+PDT&payment_status=Completed&charset=windows-1252&address_zip=59-220&mc_shipping=0.00&first_name=Paulina&mc_fee=0.53&address_country_code=PL&address_name=Paulina+Ozga&notify_version=3.9&custom=&payer_status=verified&business=liyan.zhao%40outlook.com&address_country=Poland&num_cart_items=1&address_city=Legnica&verify_sign=AYVFhFyf9O-YB27vz3Xu3E0Jptn5ACFAsqYlKSEMgT-fzR2VwiG0RBpD&payer_email=paula0088%40interia.eu&txn_id=4FW91583EX889970Y&payment_type=instant&last_name=Ozga&address_state=Dolno%1Al%1Askie&item_name1=Payment&receiver_email=liyan.zhao%40outlook.com&payment_fee=0.53&shipping_discount=0.00&quantity1=1&insurance_amount=0.00&receiver_id=6T459WWEHTPZC&txn_type=cart&discount=0.00&mc_gross_1=6.00&mc_currency=USD&residence_country=PL&receipt_id=3509-8854-1012-6753&shipping_method=Default&transaction_subject=Payment&payment_gross=6.00&ipn_track_id=8e7354f3fc5ce
--------------------------------------------------------------
2025-09-24 10:44:06
VERIFIED
--------------------------------------------------------------
2025-09-24 16:25:29
支付回调信息:
mc_gross=6.00&invoice=2025092404532940694766&protection_eligibility=Eligible&address_status=confirmed&item_number1=&payer_id=7A8Q6VQJP4VKG&address_street=ulica+Leopolda+Staffa+10%2F31&payment_date=13%3A56%3A37+Sep+23%2C+2025+PDT&payment_status=Completed&charset=windows-1252&address_zip=59-220&mc_shipping=0.00&first_name=Paulina&mc_fee=0.53&address_country_code=PL&address_name=Paulina+Ozga&notify_version=3.9&custom=&payer_status=verified&business=liyan.zhao%40outlook.com&address_country=Poland&num_cart_items=1&address_city=Legnica&verify_sign=AYVFhFyf9O-YB27vz3Xu3E0Jptn5ACFAsqYlKSEMgT-fzR2VwiG0RBpD&payer_email=paula0088%40interia.eu&txn_id=4FW91583EX889970Y&payment_type=instant&last_name=Ozga&address_state=Dolno%1Al%1Askie&item_name1=Payment&receiver_email=liyan.zhao%40outlook.com&payment_fee=0.53&shipping_discount=0.00&quantity1=1&insurance_amount=0.00&receiver_id=6T459WWEHTPZC&txn_type=cart&discount=0.00&mc_gross_1=6.00&mc_currency=USD&residence_country=PL&receipt_id=3509-8854-1012-6753&shipping_method=Default&transaction_subject=Payment&payment_gross=6.00&ipn_track_id=8e7354f3fc5ce
--------------------------------------------------------------
2025-09-24 16:25:30
VERIFIED
--------------------------------------------------------------
