2024-10-14 06:29:21
支付回调信息:
mc_gross=4.50&invoice=2024101406275294526562&protection_eligibility=Eligible&address_status=confirmed&item_number1=&payer_id=5Z3RQXVG84PR4&address_street=DEL+VALLE+CENTRO%0D%0AConcepcion+Beistegui+705+404&payment_date=15%3A29%3A13+Oct+13%2C+2024+PDT&payment_status=Completed&charset=windows-1252&address_zip=03100&mc_shipping=0.00&first_name=Jose+De+Jesus&mc_fee=0.48&address_country_code=MX&address_name=Jose+Mendez+Montes&notify_version=3.9&custom=&payer_status=verified&business=liyan.zhao%40outlook.com&address_country=Mexico&num_cart_items=1&address_city=BENITO+JUAREZ&verify_sign=A-WM-9HbSSxt22oCfMLAjQpUA5YtAxf2AtBFkKD4-UHQsD8vAM5tLmpl&payer_email=jjmm_sap%40hotmail.com&txn_id=1C588772KG5077742&payment_type=instant&last_name=Mendez+Montes&address_state=CIUDAD+DE+MEXICO&item_name1=Payment&receiver_email=liyan.zhao%40outlook.com&payment_fee=0.48&shipping_discount=0.00&quantity1=1&insurance_amount=0.00&receiver_id=6T459WWEHTPZC&txn_type=cart&discount=0.00&mc_gross_1=4.50&mc_currency=USD&residence_country=MX&shipping_method=Default&transaction_subject=Payment&payment_gross=4.50&ipn_track_id=bda067ad4bf82
--------------------------------------------------------------
2024-10-14 06:29:23
VERIFIED
--------------------------------------------------------------
2024-10-14 06:29:23
update order result successfully !
--------------------------------------------------------------
2024-10-14 07:40:01
支付回调信息:
mc_gross=10.00&invoice=2024101407393468422421&protection_eligibility=Eligible&address_status=confirmed&item_number1=&payer_id=5Z3RQXVG84PR4&address_street=DEL+VALLE+CENTRO%0D%0AConcepcion+Beistegui+705+404&payment_date=16%3A39%3A52+Oct+13%2C+2024+PDT&payment_status=Completed&charset=windows-1252&address_zip=03100&mc_shipping=0.00&first_name=Jose+De+Jesus&mc_fee=0.69&address_country_code=MX&address_name=Jose+Mendez+Montes&notify_version=3.9&custom=&payer_status=verified&business=liyan.zhao%40outlook.com&address_country=Mexico&num_cart_items=1&address_city=BENITO+JUAREZ&verify_sign=Avk7fHpBvIWH1-J63XD1x4gdQeAeAVcgoE3LdLzICBBG2xzXuWaebuUI&payer_email=jjmm_sap%40hotmail.com&txn_id=8U913234GV183264C&payment_type=instant&last_name=Mendez+Montes&address_state=CIUDAD+DE+MEXICO&item_name1=Payment&receiver_email=liyan.zhao%40outlook.com&payment_fee=0.69&shipping_discount=0.00&quantity1=1&insurance_amount=0.00&receiver_id=6T459WWEHTPZC&txn_type=cart&discount=0.00&mc_gross_1=10.00&mc_currency=USD&residence_country=MX&shipping_method=Default&transaction_subject=Payment&payment_gross=10.00&ipn_track_id=b541df053f1b4
--------------------------------------------------------------
2024-10-14 07:40:03
VERIFIED
--------------------------------------------------------------
2024-10-14 07:42:03
支付回调信息:
mc_gross=10.00&invoice=2024101407393468422421&protection_eligibility=Eligible&address_status=confirmed&item_number1=&payer_id=5Z3RQXVG84PR4&address_street=DEL+VALLE+CENTRO%0D%0AConcepcion+Beistegui+705+404&payment_date=16%3A39%3A52+Oct+13%2C+2024+PDT&payment_status=Completed&charset=windows-1252&address_zip=03100&mc_shipping=0.00&first_name=Jose+De+Jesus&mc_fee=0.69&address_country_code=MX&address_name=Jose+Mendez+Montes&notify_version=3.9&custom=&payer_status=verified&business=liyan.zhao%40outlook.com&address_country=Mexico&num_cart_items=1&address_city=BENITO+JUAREZ&verify_sign=Avk7fHpBvIWH1-J63XD1x4gdQeAeAVcgoE3LdLzICBBG2xzXuWaebuUI&payer_email=jjmm_sap%40hotmail.com&txn_id=8U913234GV183264C&payment_type=instant&last_name=Mendez+Montes&address_state=CIUDAD+DE+MEXICO&item_name1=Payment&receiver_email=liyan.zhao%40outlook.com&payment_fee=0.69&shipping_discount=0.00&quantity1=1&insurance_amount=0.00&receiver_id=6T459WWEHTPZC&txn_type=cart&discount=0.00&mc_gross_1=10.00&mc_currency=USD&residence_country=MX&shipping_method=Default&transaction_subject=Payment&payment_gross=10.00&ipn_track_id=b541df053f1b4
--------------------------------------------------------------
2024-10-14 07:42:04
VERIFIED
--------------------------------------------------------------
2024-10-14 07:44:08
支付回调信息:
mc_gross=10.00&invoice=2024101407393468422421&protection_eligibility=Eligible&address_status=confirmed&item_number1=&payer_id=5Z3RQXVG84PR4&address_street=DEL+VALLE+CENTRO%0D%0AConcepcion+Beistegui+705+404&payment_date=16%3A39%3A52+Oct+13%2C+2024+PDT&payment_status=Completed&charset=windows-1252&address_zip=03100&mc_shipping=0.00&first_name=Jose+De+Jesus&mc_fee=0.69&address_country_code=MX&address_name=Jose+Mendez+Montes&notify_version=3.9&custom=&payer_status=verified&business=liyan.zhao%40outlook.com&address_country=Mexico&num_cart_items=1&address_city=BENITO+JUAREZ&verify_sign=Avk7fHpBvIWH1-J63XD1x4gdQeAeAVcgoE3LdLzICBBG2xzXuWaebuUI&payer_email=jjmm_sap%40hotmail.com&txn_id=8U913234GV183264C&payment_type=instant&last_name=Mendez+Montes&address_state=CIUDAD+DE+MEXICO&item_name1=Payment&receiver_email=liyan.zhao%40outlook.com&payment_fee=0.69&shipping_discount=0.00&quantity1=1&insurance_amount=0.00&receiver_id=6T459WWEHTPZC&txn_type=cart&discount=0.00&mc_gross_1=10.00&mc_currency=USD&residence_country=MX&shipping_method=Default&transaction_subject=Payment&payment_gross=10.00&ipn_track_id=b541df053f1b4
--------------------------------------------------------------
2024-10-14 07:44:09
VERIFIED
--------------------------------------------------------------
2024-10-14 07:46:10
支付回调信息:
mc_gross=10.00&invoice=2024101407393468422421&protection_eligibility=Eligible&address_status=confirmed&item_number1=&payer_id=5Z3RQXVG84PR4&address_street=DEL+VALLE+CENTRO%0D%0AConcepcion+Beistegui+705+404&payment_date=16%3A39%3A52+Oct+13%2C+2024+PDT&payment_status=Completed&charset=windows-1252&address_zip=03100&mc_shipping=0.00&first_name=Jose+De+Jesus&mc_fee=0.69&address_country_code=MX&address_name=Jose+Mendez+Montes&notify_version=3.9&custom=&payer_status=verified&business=liyan.zhao%40outlook.com&address_country=Mexico&num_cart_items=1&address_city=BENITO+JUAREZ&verify_sign=Avk7fHpBvIWH1-J63XD1x4gdQeAeAVcgoE3LdLzICBBG2xzXuWaebuUI&payer_email=jjmm_sap%40hotmail.com&txn_id=8U913234GV183264C&payment_type=instant&last_name=Mendez+Montes&address_state=CIUDAD+DE+MEXICO&item_name1=Payment&receiver_email=liyan.zhao%40outlook.com&payment_fee=0.69&shipping_discount=0.00&quantity1=1&insurance_amount=0.00&receiver_id=6T459WWEHTPZC&txn_type=cart&discount=0.00&mc_gross_1=10.00&mc_currency=USD&residence_country=MX&shipping_method=Default&transaction_subject=Payment&payment_gross=10.00&ipn_track_id=b541df053f1b4
--------------------------------------------------------------
2024-10-14 07:46:11
VERIFIED
--------------------------------------------------------------
2024-10-14 07:48:15
支付回调信息:
mc_gross=10.00&invoice=2024101407393468422421&protection_eligibility=Eligible&address_status=confirmed&item_number1=&payer_id=5Z3RQXVG84PR4&address_street=DEL+VALLE+CENTRO%0D%0AConcepcion+Beistegui+705+404&payment_date=16%3A39%3A52+Oct+13%2C+2024+PDT&payment_status=Completed&charset=windows-1252&address_zip=03100&mc_shipping=0.00&first_name=Jose+De+Jesus&mc_fee=0.69&address_country_code=MX&address_name=Jose+Mendez+Montes&notify_version=3.9&custom=&payer_status=verified&business=liyan.zhao%40outlook.com&address_country=Mexico&num_cart_items=1&address_city=BENITO+JUAREZ&verify_sign=Avk7fHpBvIWH1-J63XD1x4gdQeAeAVcgoE3LdLzICBBG2xzXuWaebuUI&payer_email=jjmm_sap%40hotmail.com&txn_id=8U913234GV183264C&payment_type=instant&last_name=Mendez+Montes&address_state=CIUDAD+DE+MEXICO&item_name1=Payment&receiver_email=liyan.zhao%40outlook.com&payment_fee=0.69&shipping_discount=0.00&quantity1=1&insurance_amount=0.00&receiver_id=6T459WWEHTPZC&txn_type=cart&discount=0.00&mc_gross_1=10.00&mc_currency=USD&residence_country=MX&shipping_method=Default&transaction_subject=Payment&payment_gross=10.00&ipn_track_id=b541df053f1b4
--------------------------------------------------------------
2024-10-14 07:48:16
VERIFIED
--------------------------------------------------------------
2024-10-14 07:50:58
支付回调信息:
mc_gross=10.00&invoice=2024101407393468422421&protection_eligibility=Eligible&address_status=confirmed&item_number1=&payer_id=5Z3RQXVG84PR4&address_street=DEL+VALLE+CENTRO%0D%0AConcepcion+Beistegui+705+404&payment_date=16%3A39%3A52+Oct+13%2C+2024+PDT&payment_status=Completed&charset=windows-1252&address_zip=03100&mc_shipping=0.00&first_name=Jose+De+Jesus&mc_fee=0.69&address_country_code=MX&address_name=Jose+Mendez+Montes&notify_version=3.9&custom=&payer_status=verified&business=liyan.zhao%40outlook.com&address_country=Mexico&num_cart_items=1&address_city=BENITO+JUAREZ&verify_sign=Avk7fHpBvIWH1-J63XD1x4gdQeAeAVcgoE3LdLzICBBG2xzXuWaebuUI&payer_email=jjmm_sap%40hotmail.com&txn_id=8U913234GV183264C&payment_type=instant&last_name=Mendez+Montes&address_state=CIUDAD+DE+MEXICO&item_name1=Payment&receiver_email=liyan.zhao%40outlook.com&payment_fee=0.69&shipping_discount=0.00&quantity1=1&insurance_amount=0.00&receiver_id=6T459WWEHTPZC&txn_type=cart&discount=0.00&mc_gross_1=10.00&mc_currency=USD&residence_country=MX&shipping_method=Default&transaction_subject=Payment&payment_gross=10.00&ipn_track_id=b541df053f1b4
--------------------------------------------------------------
2024-10-14 07:51:00
VERIFIED
--------------------------------------------------------------
2024-10-14 07:56:23
支付回调信息:
mc_gross=10.00&invoice=2024101407393468422421&protection_eligibility=Eligible&address_status=confirmed&item_number1=&payer_id=5Z3RQXVG84PR4&address_street=DEL+VALLE+CENTRO%0D%0AConcepcion+Beistegui+705+404&payment_date=16%3A39%3A52+Oct+13%2C+2024+PDT&payment_status=Completed&charset=windows-1252&address_zip=03100&mc_shipping=0.00&first_name=Jose+De+Jesus&mc_fee=0.69&address_country_code=MX&address_name=Jose+Mendez+Montes&notify_version=3.9&custom=&payer_status=verified&business=liyan.zhao%40outlook.com&address_country=Mexico&num_cart_items=1&address_city=BENITO+JUAREZ&verify_sign=Avk7fHpBvIWH1-J63XD1x4gdQeAeAVcgoE3LdLzICBBG2xzXuWaebuUI&payer_email=jjmm_sap%40hotmail.com&txn_id=8U913234GV183264C&payment_type=instant&last_name=Mendez+Montes&address_state=CIUDAD+DE+MEXICO&item_name1=Payment&receiver_email=liyan.zhao%40outlook.com&payment_fee=0.69&shipping_discount=0.00&quantity1=1&insurance_amount=0.00&receiver_id=6T459WWEHTPZC&txn_type=cart&discount=0.00&mc_gross_1=10.00&mc_currency=USD&residence_country=MX&shipping_method=Default&transaction_subject=Payment&payment_gross=10.00&ipn_track_id=b541df053f1b4
--------------------------------------------------------------
2024-10-14 07:56:24
VERIFIED
--------------------------------------------------------------
2024-10-14 08:07:06
支付回调信息:
mc_gross=10.00&invoice=2024101407393468422421&protection_eligibility=Eligible&address_status=confirmed&item_number1=&payer_id=5Z3RQXVG84PR4&address_street=DEL+VALLE+CENTRO%0D%0AConcepcion+Beistegui+705+404&payment_date=16%3A39%3A52+Oct+13%2C+2024+PDT&payment_status=Completed&charset=windows-1252&address_zip=03100&mc_shipping=0.00&first_name=Jose+De+Jesus&mc_fee=0.69&address_country_code=MX&address_name=Jose+Mendez+Montes&notify_version=3.9&custom=&payer_status=verified&business=liyan.zhao%40outlook.com&address_country=Mexico&num_cart_items=1&address_city=BENITO+JUAREZ&verify_sign=Avk7fHpBvIWH1-J63XD1x4gdQeAeAVcgoE3LdLzICBBG2xzXuWaebuUI&payer_email=jjmm_sap%40hotmail.com&txn_id=8U913234GV183264C&payment_type=instant&last_name=Mendez+Montes&address_state=CIUDAD+DE+MEXICO&item_name1=Payment&receiver_email=liyan.zhao%40outlook.com&payment_fee=0.69&shipping_discount=0.00&quantity1=1&insurance_amount=0.00&receiver_id=6T459WWEHTPZC&txn_type=cart&discount=0.00&mc_gross_1=10.00&mc_currency=USD&residence_country=MX&shipping_method=Default&transaction_subject=Payment&payment_gross=10.00&ipn_track_id=b541df053f1b4
--------------------------------------------------------------
2024-10-14 08:07:08
VERIFIED
--------------------------------------------------------------
2024-10-14 08:28:30
支付回调信息:
mc_gross=10.00&invoice=2024101407393468422421&protection_eligibility=Eligible&address_status=confirmed&item_number1=&payer_id=5Z3RQXVG84PR4&address_street=DEL+VALLE+CENTRO%0D%0AConcepcion+Beistegui+705+404&payment_date=16%3A39%3A52+Oct+13%2C+2024+PDT&payment_status=Completed&charset=windows-1252&address_zip=03100&mc_shipping=0.00&first_name=Jose+De+Jesus&mc_fee=0.69&address_country_code=MX&address_name=Jose+Mendez+Montes&notify_version=3.9&custom=&payer_status=verified&business=liyan.zhao%40outlook.com&address_country=Mexico&num_cart_items=1&address_city=BENITO+JUAREZ&verify_sign=Avk7fHpBvIWH1-J63XD1x4gdQeAeAVcgoE3LdLzICBBG2xzXuWaebuUI&payer_email=jjmm_sap%40hotmail.com&txn_id=8U913234GV183264C&payment_type=instant&last_name=Mendez+Montes&address_state=CIUDAD+DE+MEXICO&item_name1=Payment&receiver_email=liyan.zhao%40outlook.com&payment_fee=0.69&shipping_discount=0.00&quantity1=1&insurance_amount=0.00&receiver_id=6T459WWEHTPZC&txn_type=cart&discount=0.00&mc_gross_1=10.00&mc_currency=USD&residence_country=MX&shipping_method=Default&transaction_subject=Payment&payment_gross=10.00&ipn_track_id=b541df053f1b4
--------------------------------------------------------------
2024-10-14 08:28:32
VERIFIED
--------------------------------------------------------------
2024-10-14 09:11:15
支付回调信息:
mc_gross=10.00&invoice=2024101407393468422421&protection_eligibility=Eligible&address_status=confirmed&item_number1=&payer_id=5Z3RQXVG84PR4&address_street=DEL+VALLE+CENTRO%0D%0AConcepcion+Beistegui+705+404&payment_date=16%3A39%3A52+Oct+13%2C+2024+PDT&payment_status=Completed&charset=windows-1252&address_zip=03100&mc_shipping=0.00&first_name=Jose+De+Jesus&mc_fee=0.69&address_country_code=MX&address_name=Jose+Mendez+Montes&notify_version=3.9&custom=&payer_status=verified&business=liyan.zhao%40outlook.com&address_country=Mexico&num_cart_items=1&address_city=BENITO+JUAREZ&verify_sign=Avk7fHpBvIWH1-J63XD1x4gdQeAeAVcgoE3LdLzICBBG2xzXuWaebuUI&payer_email=jjmm_sap%40hotmail.com&txn_id=8U913234GV183264C&payment_type=instant&last_name=Mendez+Montes&address_state=CIUDAD+DE+MEXICO&item_name1=Payment&receiver_email=liyan.zhao%40outlook.com&payment_fee=0.69&shipping_discount=0.00&quantity1=1&insurance_amount=0.00&receiver_id=6T459WWEHTPZC&txn_type=cart&discount=0.00&mc_gross_1=10.00&mc_currency=USD&residence_country=MX&shipping_method=Default&transaction_subject=Payment&payment_gross=10.00&ipn_track_id=b541df053f1b4
--------------------------------------------------------------
2024-10-14 09:11:16
VERIFIED
--------------------------------------------------------------
2024-10-14 10:36:39
支付回调信息:
mc_gross=10.00&invoice=2024101407393468422421&protection_eligibility=Eligible&address_status=confirmed&item_number1=&payer_id=5Z3RQXVG84PR4&address_street=DEL+VALLE+CENTRO%0D%0AConcepcion+Beistegui+705+404&payment_date=16%3A39%3A52+Oct+13%2C+2024+PDT&payment_status=Completed&charset=windows-1252&address_zip=03100&mc_shipping=0.00&first_name=Jose+De+Jesus&mc_fee=0.69&address_country_code=MX&address_name=Jose+Mendez+Montes&notify_version=3.9&custom=&payer_status=verified&business=liyan.zhao%40outlook.com&address_country=Mexico&num_cart_items=1&address_city=BENITO+JUAREZ&verify_sign=Avk7fHpBvIWH1-J63XD1x4gdQeAeAVcgoE3LdLzICBBG2xzXuWaebuUI&payer_email=jjmm_sap%40hotmail.com&txn_id=8U913234GV183264C&payment_type=instant&last_name=Mendez+Montes&address_state=CIUDAD+DE+MEXICO&item_name1=Payment&receiver_email=liyan.zhao%40outlook.com&payment_fee=0.69&shipping_discount=0.00&quantity1=1&insurance_amount=0.00&receiver_id=6T459WWEHTPZC&txn_type=cart&discount=0.00&mc_gross_1=10.00&mc_currency=USD&residence_country=MX&shipping_method=Default&transaction_subject=Payment&payment_gross=10.00&ipn_track_id=b541df053f1b4
--------------------------------------------------------------
2024-10-14 10:36:40
VERIFIED
--------------------------------------------------------------
2024-10-14 13:27:23
支付回调信息:
mc_gross=10.00&invoice=2024101407393468422421&protection_eligibility=Eligible&address_status=confirmed&item_number1=&payer_id=5Z3RQXVG84PR4&address_street=DEL+VALLE+CENTRO%0D%0AConcepcion+Beistegui+705+404&payment_date=16%3A39%3A52+Oct+13%2C+2024+PDT&payment_status=Completed&charset=windows-1252&address_zip=03100&mc_shipping=0.00&first_name=Jose+De+Jesus&mc_fee=0.69&address_country_code=MX&address_name=Jose+Mendez+Montes&notify_version=3.9&custom=&payer_status=verified&business=liyan.zhao%40outlook.com&address_country=Mexico&num_cart_items=1&address_city=BENITO+JUAREZ&verify_sign=Avk7fHpBvIWH1-J63XD1x4gdQeAeAVcgoE3LdLzICBBG2xzXuWaebuUI&payer_email=jjmm_sap%40hotmail.com&txn_id=8U913234GV183264C&payment_type=instant&last_name=Mendez+Montes&address_state=CIUDAD+DE+MEXICO&item_name1=Payment&receiver_email=liyan.zhao%40outlook.com&payment_fee=0.69&shipping_discount=0.00&quantity1=1&insurance_amount=0.00&receiver_id=6T459WWEHTPZC&txn_type=cart&discount=0.00&mc_gross_1=10.00&mc_currency=USD&residence_country=MX&shipping_method=Default&transaction_subject=Payment&payment_gross=10.00&ipn_track_id=b541df053f1b4
--------------------------------------------------------------
2024-10-14 13:27:25
VERIFIED
--------------------------------------------------------------
2024-10-14 19:08:46
支付回调信息:
mc_gross=10.00&invoice=2024101407393468422421&protection_eligibility=Eligible&address_status=confirmed&item_number1=&payer_id=5Z3RQXVG84PR4&address_street=DEL+VALLE+CENTRO%0D%0AConcepcion+Beistegui+705+404&payment_date=16%3A39%3A52+Oct+13%2C+2024+PDT&payment_status=Completed&charset=windows-1252&address_zip=03100&mc_shipping=0.00&first_name=Jose+De+Jesus&mc_fee=0.69&address_country_code=MX&address_name=Jose+Mendez+Montes&notify_version=3.9&custom=&payer_status=verified&business=liyan.zhao%40outlook.com&address_country=Mexico&num_cart_items=1&address_city=BENITO+JUAREZ&verify_sign=Avk7fHpBvIWH1-J63XD1x4gdQeAeAVcgoE3LdLzICBBG2xzXuWaebuUI&payer_email=jjmm_sap%40hotmail.com&txn_id=8U913234GV183264C&payment_type=instant&last_name=Mendez+Montes&address_state=CIUDAD+DE+MEXICO&item_name1=Payment&receiver_email=liyan.zhao%40outlook.com&payment_fee=0.69&shipping_discount=0.00&quantity1=1&insurance_amount=0.00&receiver_id=6T459WWEHTPZC&txn_type=cart&discount=0.00&mc_gross_1=10.00&mc_currency=USD&residence_country=MX&shipping_method=Default&transaction_subject=Payment&payment_gross=10.00&ipn_track_id=b541df053f1b4
--------------------------------------------------------------
2024-10-14 19:08:48
VERIFIED
--------------------------------------------------------------
