2024-10-25 15:28:40
支付回调信息:
mc_gross=10.00&invoice=2024102515191492954177&protection_eligibility=Eligible&address_status=confirmed&item_number1=&payer_id=5W87G2FLN654U&address_street=6-239+Sophia+Street&payment_date=00%3A26%3A27+Oct+25%2C+2024+PDT&payment_status=Completed&charset=windows-1252&address_zip=R1A1Y6&mc_shipping=0.00&first_name=Helen&mc_fee=0.59&address_country_code=CA&address_name=Helen+Imasuen&notify_version=3.9&custom=&payer_status=verified&business=liyan.zhao%40outlook.com&address_country=Canada&num_cart_items=1&address_city=Selkirk&verify_sign=AkOdsuevJXL.X9oNXsRq4myxkmJWA.TLl0rT49j8Iv7NQOsAG-s-YyV.&payer_email=helenabu77%40gmail.com&txn_id=0YH75145696155336&payment_type=instant&payer_business_name=Helen+Imasuen&last_name=Imasuen&address_state=MB&item_name1=Payment&receiver_email=liyan.zhao%40outlook.com&payment_fee=0.59&shipping_discount=0.00&quantity1=1&insurance_amount=0.00&receiver_id=6T459WWEHTPZC&txn_type=cart&discount=0.00&mc_gross_1=10.00&mc_currency=USD&residence_country=CA&shipping_method=Default&transaction_subject=Payment&payment_gross=10.00&ipn_track_id=b89282803f513
--------------------------------------------------------------
2024-10-25 15:28:42
VERIFIED
--------------------------------------------------------------
2024-10-25 15:30:45
支付回调信息:
mc_gross=10.00&invoice=2024102515191492954177&protection_eligibility=Eligible&address_status=confirmed&item_number1=&payer_id=5W87G2FLN654U&address_street=6-239+Sophia+Street&payment_date=00%3A26%3A27+Oct+25%2C+2024+PDT&payment_status=Completed&charset=windows-1252&address_zip=R1A1Y6&mc_shipping=0.00&first_name=Helen&mc_fee=0.59&address_country_code=CA&address_name=Helen+Imasuen&notify_version=3.9&custom=&payer_status=verified&business=liyan.zhao%40outlook.com&address_country=Canada&num_cart_items=1&address_city=Selkirk&verify_sign=AkOdsuevJXL.X9oNXsRq4myxkmJWA.TLl0rT49j8Iv7NQOsAG-s-YyV.&payer_email=helenabu77%40gmail.com&txn_id=0YH75145696155336&payment_type=instant&payer_business_name=Helen+Imasuen&last_name=Imasuen&address_state=MB&item_name1=Payment&receiver_email=liyan.zhao%40outlook.com&payment_fee=0.59&shipping_discount=0.00&quantity1=1&insurance_amount=0.00&receiver_id=6T459WWEHTPZC&txn_type=cart&discount=0.00&mc_gross_1=10.00&mc_currency=USD&residence_country=CA&shipping_method=Default&transaction_subject=Payment&payment_gross=10.00&ipn_track_id=b89282803f513
--------------------------------------------------------------
2024-10-25 15:30:46
VERIFIED
--------------------------------------------------------------
2024-10-25 15:32:48
支付回调信息:
mc_gross=10.00&invoice=2024102515191492954177&protection_eligibility=Eligible&address_status=confirmed&item_number1=&payer_id=5W87G2FLN654U&address_street=6-239+Sophia+Street&payment_date=00%3A26%3A27+Oct+25%2C+2024+PDT&payment_status=Completed&charset=windows-1252&address_zip=R1A1Y6&mc_shipping=0.00&first_name=Helen&mc_fee=0.59&address_country_code=CA&address_name=Helen+Imasuen&notify_version=3.9&custom=&payer_status=verified&business=liyan.zhao%40outlook.com&address_country=Canada&num_cart_items=1&address_city=Selkirk&verify_sign=AkOdsuevJXL.X9oNXsRq4myxkmJWA.TLl0rT49j8Iv7NQOsAG-s-YyV.&payer_email=helenabu77%40gmail.com&txn_id=0YH75145696155336&payment_type=instant&payer_business_name=Helen+Imasuen&last_name=Imasuen&address_state=MB&item_name1=Payment&receiver_email=liyan.zhao%40outlook.com&payment_fee=0.59&shipping_discount=0.00&quantity1=1&insurance_amount=0.00&receiver_id=6T459WWEHTPZC&txn_type=cart&discount=0.00&mc_gross_1=10.00&mc_currency=USD&residence_country=CA&shipping_method=Default&transaction_subject=Payment&payment_gross=10.00&ipn_track_id=b89282803f513
--------------------------------------------------------------
2024-10-25 15:32:50
VERIFIED
--------------------------------------------------------------
2024-10-25 15:34:51
支付回调信息:
mc_gross=10.00&invoice=2024102515191492954177&protection_eligibility=Eligible&address_status=confirmed&item_number1=&payer_id=5W87G2FLN654U&address_street=6-239+Sophia+Street&payment_date=00%3A26%3A27+Oct+25%2C+2024+PDT&payment_status=Completed&charset=windows-1252&address_zip=R1A1Y6&mc_shipping=0.00&first_name=Helen&mc_fee=0.59&address_country_code=CA&address_name=Helen+Imasuen&notify_version=3.9&custom=&payer_status=verified&business=liyan.zhao%40outlook.com&address_country=Canada&num_cart_items=1&address_city=Selkirk&verify_sign=AkOdsuevJXL.X9oNXsRq4myxkmJWA.TLl0rT49j8Iv7NQOsAG-s-YyV.&payer_email=helenabu77%40gmail.com&txn_id=0YH75145696155336&payment_type=instant&payer_business_name=Helen+Imasuen&last_name=Imasuen&address_state=MB&item_name1=Payment&receiver_email=liyan.zhao%40outlook.com&payment_fee=0.59&shipping_discount=0.00&quantity1=1&insurance_amount=0.00&receiver_id=6T459WWEHTPZC&txn_type=cart&discount=0.00&mc_gross_1=10.00&mc_currency=USD&residence_country=CA&shipping_method=Default&transaction_subject=Payment&payment_gross=10.00&ipn_track_id=b89282803f513
--------------------------------------------------------------
2024-10-25 15:34:53
VERIFIED
--------------------------------------------------------------
2024-10-25 15:37:35
支付回调信息:
mc_gross=10.00&invoice=2024102515191492954177&protection_eligibility=Eligible&address_status=confirmed&item_number1=&payer_id=5W87G2FLN654U&address_street=6-239+Sophia+Street&payment_date=00%3A26%3A27+Oct+25%2C+2024+PDT&payment_status=Completed&charset=windows-1252&address_zip=R1A1Y6&mc_shipping=0.00&first_name=Helen&mc_fee=0.59&address_country_code=CA&address_name=Helen+Imasuen&notify_version=3.9&custom=&payer_status=verified&business=liyan.zhao%40outlook.com&address_country=Canada&num_cart_items=1&address_city=Selkirk&verify_sign=AkOdsuevJXL.X9oNXsRq4myxkmJWA.TLl0rT49j8Iv7NQOsAG-s-YyV.&payer_email=helenabu77%40gmail.com&txn_id=0YH75145696155336&payment_type=instant&payer_business_name=Helen+Imasuen&last_name=Imasuen&address_state=MB&item_name1=Payment&receiver_email=liyan.zhao%40outlook.com&payment_fee=0.59&shipping_discount=0.00&quantity1=1&insurance_amount=0.00&receiver_id=6T459WWEHTPZC&txn_type=cart&discount=0.00&mc_gross_1=10.00&mc_currency=USD&residence_country=CA&shipping_method=Default&transaction_subject=Payment&payment_gross=10.00&ipn_track_id=b89282803f513
--------------------------------------------------------------
2024-10-25 15:37:36
VERIFIED
--------------------------------------------------------------
2024-10-25 15:43:01
支付回调信息:
mc_gross=10.00&invoice=2024102515191492954177&protection_eligibility=Eligible&address_status=confirmed&item_number1=&payer_id=5W87G2FLN654U&address_street=6-239+Sophia+Street&payment_date=00%3A26%3A27+Oct+25%2C+2024+PDT&payment_status=Completed&charset=windows-1252&address_zip=R1A1Y6&mc_shipping=0.00&first_name=Helen&mc_fee=0.59&address_country_code=CA&address_name=Helen+Imasuen&notify_version=3.9&custom=&payer_status=verified&business=liyan.zhao%40outlook.com&address_country=Canada&num_cart_items=1&address_city=Selkirk&verify_sign=AkOdsuevJXL.X9oNXsRq4myxkmJWA.TLl0rT49j8Iv7NQOsAG-s-YyV.&payer_email=helenabu77%40gmail.com&txn_id=0YH75145696155336&payment_type=instant&payer_business_name=Helen+Imasuen&last_name=Imasuen&address_state=MB&item_name1=Payment&receiver_email=liyan.zhao%40outlook.com&payment_fee=0.59&shipping_discount=0.00&quantity1=1&insurance_amount=0.00&receiver_id=6T459WWEHTPZC&txn_type=cart&discount=0.00&mc_gross_1=10.00&mc_currency=USD&residence_country=CA&shipping_method=Default&transaction_subject=Payment&payment_gross=10.00&ipn_track_id=b89282803f513
--------------------------------------------------------------
2024-10-25 15:43:02
VERIFIED
--------------------------------------------------------------
2024-10-25 15:53:44
支付回调信息:
mc_gross=10.00&invoice=2024102515191492954177&protection_eligibility=Eligible&address_status=confirmed&item_number1=&payer_id=5W87G2FLN654U&address_street=6-239+Sophia+Street&payment_date=00%3A26%3A27+Oct+25%2C+2024+PDT&payment_status=Completed&charset=windows-1252&address_zip=R1A1Y6&mc_shipping=0.00&first_name=Helen&mc_fee=0.59&address_country_code=CA&address_name=Helen+Imasuen&notify_version=3.9&custom=&payer_status=verified&business=liyan.zhao%40outlook.com&address_country=Canada&num_cart_items=1&address_city=Selkirk&verify_sign=AkOdsuevJXL.X9oNXsRq4myxkmJWA.TLl0rT49j8Iv7NQOsAG-s-YyV.&payer_email=helenabu77%40gmail.com&txn_id=0YH75145696155336&payment_type=instant&payer_business_name=Helen+Imasuen&last_name=Imasuen&address_state=MB&item_name1=Payment&receiver_email=liyan.zhao%40outlook.com&payment_fee=0.59&shipping_discount=0.00&quantity1=1&insurance_amount=0.00&receiver_id=6T459WWEHTPZC&txn_type=cart&discount=0.00&mc_gross_1=10.00&mc_currency=USD&residence_country=CA&shipping_method=Default&transaction_subject=Payment&payment_gross=10.00&ipn_track_id=b89282803f513
--------------------------------------------------------------
2024-10-25 15:53:45
VERIFIED
--------------------------------------------------------------
2024-10-25 16:15:07
支付回调信息:
mc_gross=10.00&invoice=2024102515191492954177&protection_eligibility=Eligible&address_status=confirmed&item_number1=&payer_id=5W87G2FLN654U&address_street=6-239+Sophia+Street&payment_date=00%3A26%3A27+Oct+25%2C+2024+PDT&payment_status=Completed&charset=windows-1252&address_zip=R1A1Y6&mc_shipping=0.00&first_name=Helen&mc_fee=0.59&address_country_code=CA&address_name=Helen+Imasuen&notify_version=3.9&custom=&payer_status=verified&business=liyan.zhao%40outlook.com&address_country=Canada&num_cart_items=1&address_city=Selkirk&verify_sign=AkOdsuevJXL.X9oNXsRq4myxkmJWA.TLl0rT49j8Iv7NQOsAG-s-YyV.&payer_email=helenabu77%40gmail.com&txn_id=0YH75145696155336&payment_type=instant&payer_business_name=Helen+Imasuen&last_name=Imasuen&address_state=MB&item_name1=Payment&receiver_email=liyan.zhao%40outlook.com&payment_fee=0.59&shipping_discount=0.00&quantity1=1&insurance_amount=0.00&receiver_id=6T459WWEHTPZC&txn_type=cart&discount=0.00&mc_gross_1=10.00&mc_currency=USD&residence_country=CA&shipping_method=Default&transaction_subject=Payment&payment_gross=10.00&ipn_track_id=b89282803f513
--------------------------------------------------------------
2024-10-25 16:15:08
VERIFIED
--------------------------------------------------------------
2024-10-25 16:57:51
支付回调信息:
mc_gross=10.00&invoice=2024102515191492954177&protection_eligibility=Eligible&address_status=confirmed&item_number1=&payer_id=5W87G2FLN654U&address_street=6-239+Sophia+Street&payment_date=00%3A26%3A27+Oct+25%2C+2024+PDT&payment_status=Completed&charset=windows-1252&address_zip=R1A1Y6&mc_shipping=0.00&first_name=Helen&mc_fee=0.59&address_country_code=CA&address_name=Helen+Imasuen&notify_version=3.9&custom=&payer_status=verified&business=liyan.zhao%40outlook.com&address_country=Canada&num_cart_items=1&address_city=Selkirk&verify_sign=AkOdsuevJXL.X9oNXsRq4myxkmJWA.TLl0rT49j8Iv7NQOsAG-s-YyV.&payer_email=helenabu77%40gmail.com&txn_id=0YH75145696155336&payment_type=instant&payer_business_name=Helen+Imasuen&last_name=Imasuen&address_state=MB&item_name1=Payment&receiver_email=liyan.zhao%40outlook.com&payment_fee=0.59&shipping_discount=0.00&quantity1=1&insurance_amount=0.00&receiver_id=6T459WWEHTPZC&txn_type=cart&discount=0.00&mc_gross_1=10.00&mc_currency=USD&residence_country=CA&shipping_method=Default&transaction_subject=Payment&payment_gross=10.00&ipn_track_id=b89282803f513
--------------------------------------------------------------
2024-10-25 16:57:52
VERIFIED
--------------------------------------------------------------
2024-10-25 18:23:15
支付回调信息:
mc_gross=10.00&invoice=2024102515191492954177&protection_eligibility=Eligible&address_status=confirmed&item_number1=&payer_id=5W87G2FLN654U&address_street=6-239+Sophia+Street&payment_date=00%3A26%3A27+Oct+25%2C+2024+PDT&payment_status=Completed&charset=windows-1252&address_zip=R1A1Y6&mc_shipping=0.00&first_name=Helen&mc_fee=0.59&address_country_code=CA&address_name=Helen+Imasuen&notify_version=3.9&custom=&payer_status=verified&business=liyan.zhao%40outlook.com&address_country=Canada&num_cart_items=1&address_city=Selkirk&verify_sign=AkOdsuevJXL.X9oNXsRq4myxkmJWA.TLl0rT49j8Iv7NQOsAG-s-YyV.&payer_email=helenabu77%40gmail.com&txn_id=0YH75145696155336&payment_type=instant&payer_business_name=Helen+Imasuen&last_name=Imasuen&address_state=MB&item_name1=Payment&receiver_email=liyan.zhao%40outlook.com&payment_fee=0.59&shipping_discount=0.00&quantity1=1&insurance_amount=0.00&receiver_id=6T459WWEHTPZC&txn_type=cart&discount=0.00&mc_gross_1=10.00&mc_currency=USD&residence_country=CA&shipping_method=Default&transaction_subject=Payment&payment_gross=10.00&ipn_track_id=b89282803f513
--------------------------------------------------------------
2024-10-25 18:23:16
VERIFIED
--------------------------------------------------------------
2024-10-25 21:13:57
支付回调信息:
mc_gross=10.00&invoice=2024102515191492954177&protection_eligibility=Eligible&address_status=confirmed&item_number1=&payer_id=5W87G2FLN654U&address_street=6-239+Sophia+Street&payment_date=00%3A26%3A27+Oct+25%2C+2024+PDT&payment_status=Completed&charset=windows-1252&address_zip=R1A1Y6&mc_shipping=0.00&first_name=Helen&mc_fee=0.59&address_country_code=CA&address_name=Helen+Imasuen&notify_version=3.9&custom=&payer_status=verified&business=liyan.zhao%40outlook.com&address_country=Canada&num_cart_items=1&address_city=Selkirk&verify_sign=AkOdsuevJXL.X9oNXsRq4myxkmJWA.TLl0rT49j8Iv7NQOsAG-s-YyV.&payer_email=helenabu77%40gmail.com&txn_id=0YH75145696155336&payment_type=instant&payer_business_name=Helen+Imasuen&last_name=Imasuen&address_state=MB&item_name1=Payment&receiver_email=liyan.zhao%40outlook.com&payment_fee=0.59&shipping_discount=0.00&quantity1=1&insurance_amount=0.00&receiver_id=6T459WWEHTPZC&txn_type=cart&discount=0.00&mc_gross_1=10.00&mc_currency=USD&residence_country=CA&shipping_method=Default&transaction_subject=Payment&payment_gross=10.00&ipn_track_id=b89282803f513
--------------------------------------------------------------
2024-10-25 21:13:58
VERIFIED
--------------------------------------------------------------
