2024-10-28 13:03:31
支付回调信息:
mc_gross=10.00&invoice=2024102515191492954177&protection_eligibility=Eligible&address_status=confirmed&item_number1=&payer_id=5W87G2FLN654U&address_street=6-239+Sophia+Street&payment_date=00%3A26%3A27+Oct+25%2C+2024+PDT&payment_status=Completed&charset=windows-1252&address_zip=R1A1Y6&mc_shipping=0.00&first_name=Helen&mc_fee=0.59&address_country_code=CA&address_name=Helen+Imasuen&notify_version=3.9&custom=&payer_status=verified&business=liyan.zhao%40outlook.com&address_country=Canada&num_cart_items=1&address_city=Selkirk&verify_sign=AkOdsuevJXL.X9oNXsRq4myxkmJWA.TLl0rT49j8Iv7NQOsAG-s-YyV.&payer_email=helenabu77%40gmail.com&txn_id=0YH75145696155336&payment_type=instant&payer_business_name=Helen+Imasuen&last_name=Imasuen&address_state=MB&item_name1=Payment&receiver_email=liyan.zhao%40outlook.com&payment_fee=0.59&shipping_discount=0.00&quantity1=1&insurance_amount=0.00&receiver_id=6T459WWEHTPZC&txn_type=cart&discount=0.00&mc_gross_1=10.00&mc_currency=USD&residence_country=CA&shipping_method=Default&transaction_subject=Payment&payment_gross=10.00&ipn_track_id=b89282803f513
--------------------------------------------------------------
2024-10-28 13:03:33
VERIFIED
--------------------------------------------------------------
2024-10-28 14:47:00
支付回调信息:
mc_gross=10.00&invoice=2024102814381877427242&protection_eligibility=Eligible&address_status=confirmed&item_number1=&payer_id=LLSND7NN36SWA&address_street=Staffa+10%0D%0AStaffa+10&payment_date=23%3A44%3A50+Oct+27%2C+2024+PDT&payment_status=Completed&charset=windows-1252&address_zip=59-220&mc_shipping=0.00&first_name=Paulina&mc_fee=0.69&address_country_code=PL&address_name=Paulina+Ozga&notify_version=3.9&custom=&payer_status=verified&business=liyan.zhao%40outlook.com&address_country=Poland&num_cart_items=1&address_city=Legnica&verify_sign=ADYYTRFDxybGWqsgfW8qFdqvCUGTA6WqveQoLw0wPLByN1C0.se6VQQU&payer_email=Paula0088%40interia.eu&txn_id=0SE85022PW140540N&payment_type=instant&last_name=Ozga&address_state=&item_name1=Payment&receiver_email=liyan.zhao%40outlook.com&payment_fee=0.69&shipping_discount=0.00&quantity1=1&insurance_amount=0.00&receiver_id=6T459WWEHTPZC&txn_type=cart&discount=0.00&mc_gross_1=10.00&mc_currency=USD&residence_country=PL&shipping_method=Default&transaction_subject=Payment&payment_gross=10.00&ipn_track_id=6245a234dd1b3
--------------------------------------------------------------
2024-10-28 14:47:02
VERIFIED
--------------------------------------------------------------
2024-10-28 14:49:04
支付回调信息:
mc_gross=10.00&invoice=2024102814381877427242&protection_eligibility=Eligible&address_status=confirmed&item_number1=&payer_id=LLSND7NN36SWA&address_street=Staffa+10%0D%0AStaffa+10&payment_date=23%3A44%3A50+Oct+27%2C+2024+PDT&payment_status=Completed&charset=windows-1252&address_zip=59-220&mc_shipping=0.00&first_name=Paulina&mc_fee=0.69&address_country_code=PL&address_name=Paulina+Ozga&notify_version=3.9&custom=&payer_status=verified&business=liyan.zhao%40outlook.com&address_country=Poland&num_cart_items=1&address_city=Legnica&verify_sign=ADYYTRFDxybGWqsgfW8qFdqvCUGTA6WqveQoLw0wPLByN1C0.se6VQQU&payer_email=Paula0088%40interia.eu&txn_id=0SE85022PW140540N&payment_type=instant&last_name=Ozga&address_state=&item_name1=Payment&receiver_email=liyan.zhao%40outlook.com&payment_fee=0.69&shipping_discount=0.00&quantity1=1&insurance_amount=0.00&receiver_id=6T459WWEHTPZC&txn_type=cart&discount=0.00&mc_gross_1=10.00&mc_currency=USD&residence_country=PL&shipping_method=Default&transaction_subject=Payment&payment_gross=10.00&ipn_track_id=6245a234dd1b3
--------------------------------------------------------------
2024-10-28 14:49:06
VERIFIED
--------------------------------------------------------------
2024-10-28 14:51:08
支付回调信息:
mc_gross=10.00&invoice=2024102814381877427242&protection_eligibility=Eligible&address_status=confirmed&item_number1=&payer_id=LLSND7NN36SWA&address_street=Staffa+10%0D%0AStaffa+10&payment_date=23%3A44%3A50+Oct+27%2C+2024+PDT&payment_status=Completed&charset=windows-1252&address_zip=59-220&mc_shipping=0.00&first_name=Paulina&mc_fee=0.69&address_country_code=PL&address_name=Paulina+Ozga&notify_version=3.9&custom=&payer_status=verified&business=liyan.zhao%40outlook.com&address_country=Poland&num_cart_items=1&address_city=Legnica&verify_sign=ADYYTRFDxybGWqsgfW8qFdqvCUGTA6WqveQoLw0wPLByN1C0.se6VQQU&payer_email=Paula0088%40interia.eu&txn_id=0SE85022PW140540N&payment_type=instant&last_name=Ozga&address_state=&item_name1=Payment&receiver_email=liyan.zhao%40outlook.com&payment_fee=0.69&shipping_discount=0.00&quantity1=1&insurance_amount=0.00&receiver_id=6T459WWEHTPZC&txn_type=cart&discount=0.00&mc_gross_1=10.00&mc_currency=USD&residence_country=PL&shipping_method=Default&transaction_subject=Payment&payment_gross=10.00&ipn_track_id=6245a234dd1b3
--------------------------------------------------------------
2024-10-28 14:51:09
VERIFIED
--------------------------------------------------------------
2024-10-28 14:53:12
支付回调信息:
mc_gross=10.00&invoice=2024102814381877427242&protection_eligibility=Eligible&address_status=confirmed&item_number1=&payer_id=LLSND7NN36SWA&address_street=Staffa+10%0D%0AStaffa+10&payment_date=23%3A44%3A50+Oct+27%2C+2024+PDT&payment_status=Completed&charset=windows-1252&address_zip=59-220&mc_shipping=0.00&first_name=Paulina&mc_fee=0.69&address_country_code=PL&address_name=Paulina+Ozga&notify_version=3.9&custom=&payer_status=verified&business=liyan.zhao%40outlook.com&address_country=Poland&num_cart_items=1&address_city=Legnica&verify_sign=ADYYTRFDxybGWqsgfW8qFdqvCUGTA6WqveQoLw0wPLByN1C0.se6VQQU&payer_email=Paula0088%40interia.eu&txn_id=0SE85022PW140540N&payment_type=instant&last_name=Ozga&address_state=&item_name1=Payment&receiver_email=liyan.zhao%40outlook.com&payment_fee=0.69&shipping_discount=0.00&quantity1=1&insurance_amount=0.00&receiver_id=6T459WWEHTPZC&txn_type=cart&discount=0.00&mc_gross_1=10.00&mc_currency=USD&residence_country=PL&shipping_method=Default&transaction_subject=Payment&payment_gross=10.00&ipn_track_id=6245a234dd1b3
--------------------------------------------------------------
2024-10-28 14:53:14
VERIFIED
--------------------------------------------------------------
2024-10-28 14:55:55
支付回调信息:
mc_gross=10.00&invoice=2024102814381877427242&protection_eligibility=Eligible&address_status=confirmed&item_number1=&payer_id=LLSND7NN36SWA&address_street=Staffa+10%0D%0AStaffa+10&payment_date=23%3A44%3A50+Oct+27%2C+2024+PDT&payment_status=Completed&charset=windows-1252&address_zip=59-220&mc_shipping=0.00&first_name=Paulina&mc_fee=0.69&address_country_code=PL&address_name=Paulina+Ozga&notify_version=3.9&custom=&payer_status=verified&business=liyan.zhao%40outlook.com&address_country=Poland&num_cart_items=1&address_city=Legnica&verify_sign=ADYYTRFDxybGWqsgfW8qFdqvCUGTA6WqveQoLw0wPLByN1C0.se6VQQU&payer_email=Paula0088%40interia.eu&txn_id=0SE85022PW140540N&payment_type=instant&last_name=Ozga&address_state=&item_name1=Payment&receiver_email=liyan.zhao%40outlook.com&payment_fee=0.69&shipping_discount=0.00&quantity1=1&insurance_amount=0.00&receiver_id=6T459WWEHTPZC&txn_type=cart&discount=0.00&mc_gross_1=10.00&mc_currency=USD&residence_country=PL&shipping_method=Default&transaction_subject=Payment&payment_gross=10.00&ipn_track_id=6245a234dd1b3
--------------------------------------------------------------
2024-10-28 14:55:57
VERIFIED
--------------------------------------------------------------
2024-10-28 15:01:21
支付回调信息:
mc_gross=10.00&invoice=2024102814381877427242&protection_eligibility=Eligible&address_status=confirmed&item_number1=&payer_id=LLSND7NN36SWA&address_street=Staffa+10%0D%0AStaffa+10&payment_date=23%3A44%3A50+Oct+27%2C+2024+PDT&payment_status=Completed&charset=windows-1252&address_zip=59-220&mc_shipping=0.00&first_name=Paulina&mc_fee=0.69&address_country_code=PL&address_name=Paulina+Ozga&notify_version=3.9&custom=&payer_status=verified&business=liyan.zhao%40outlook.com&address_country=Poland&num_cart_items=1&address_city=Legnica&verify_sign=ADYYTRFDxybGWqsgfW8qFdqvCUGTA6WqveQoLw0wPLByN1C0.se6VQQU&payer_email=Paula0088%40interia.eu&txn_id=0SE85022PW140540N&payment_type=instant&last_name=Ozga&address_state=&item_name1=Payment&receiver_email=liyan.zhao%40outlook.com&payment_fee=0.69&shipping_discount=0.00&quantity1=1&insurance_amount=0.00&receiver_id=6T459WWEHTPZC&txn_type=cart&discount=0.00&mc_gross_1=10.00&mc_currency=USD&residence_country=PL&shipping_method=Default&transaction_subject=Payment&payment_gross=10.00&ipn_track_id=6245a234dd1b3
--------------------------------------------------------------
2024-10-28 15:01:22
VERIFIED
--------------------------------------------------------------
2024-10-28 15:12:02
支付回调信息:
mc_gross=10.00&invoice=2024102814381877427242&protection_eligibility=Eligible&address_status=confirmed&item_number1=&payer_id=LLSND7NN36SWA&address_street=Staffa+10%0D%0AStaffa+10&payment_date=23%3A44%3A50+Oct+27%2C+2024+PDT&payment_status=Completed&charset=windows-1252&address_zip=59-220&mc_shipping=0.00&first_name=Paulina&mc_fee=0.69&address_country_code=PL&address_name=Paulina+Ozga&notify_version=3.9&custom=&payer_status=verified&business=liyan.zhao%40outlook.com&address_country=Poland&num_cart_items=1&address_city=Legnica&verify_sign=ADYYTRFDxybGWqsgfW8qFdqvCUGTA6WqveQoLw0wPLByN1C0.se6VQQU&payer_email=Paula0088%40interia.eu&txn_id=0SE85022PW140540N&payment_type=instant&last_name=Ozga&address_state=&item_name1=Payment&receiver_email=liyan.zhao%40outlook.com&payment_fee=0.69&shipping_discount=0.00&quantity1=1&insurance_amount=0.00&receiver_id=6T459WWEHTPZC&txn_type=cart&discount=0.00&mc_gross_1=10.00&mc_currency=USD&residence_country=PL&shipping_method=Default&transaction_subject=Payment&payment_gross=10.00&ipn_track_id=6245a234dd1b3
--------------------------------------------------------------
2024-10-28 15:12:03
VERIFIED
--------------------------------------------------------------
2024-10-28 15:33:27
支付回调信息:
mc_gross=10.00&invoice=2024102814381877427242&protection_eligibility=Eligible&address_status=confirmed&item_number1=&payer_id=LLSND7NN36SWA&address_street=Staffa+10%0D%0AStaffa+10&payment_date=23%3A44%3A50+Oct+27%2C+2024+PDT&payment_status=Completed&charset=windows-1252&address_zip=59-220&mc_shipping=0.00&first_name=Paulina&mc_fee=0.69&address_country_code=PL&address_name=Paulina+Ozga&notify_version=3.9&custom=&payer_status=verified&business=liyan.zhao%40outlook.com&address_country=Poland&num_cart_items=1&address_city=Legnica&verify_sign=ADYYTRFDxybGWqsgfW8qFdqvCUGTA6WqveQoLw0wPLByN1C0.se6VQQU&payer_email=Paula0088%40interia.eu&txn_id=0SE85022PW140540N&payment_type=instant&last_name=Ozga&address_state=&item_name1=Payment&receiver_email=liyan.zhao%40outlook.com&payment_fee=0.69&shipping_discount=0.00&quantity1=1&insurance_amount=0.00&receiver_id=6T459WWEHTPZC&txn_type=cart&discount=0.00&mc_gross_1=10.00&mc_currency=USD&residence_country=PL&shipping_method=Default&transaction_subject=Payment&payment_gross=10.00&ipn_track_id=6245a234dd1b3
--------------------------------------------------------------
2024-10-28 15:33:29
VERIFIED
--------------------------------------------------------------
2024-10-28 16:16:10
支付回调信息:
mc_gross=10.00&invoice=2024102814381877427242&protection_eligibility=Eligible&address_status=confirmed&item_number1=&payer_id=LLSND7NN36SWA&address_street=Staffa+10%0D%0AStaffa+10&payment_date=23%3A44%3A50+Oct+27%2C+2024+PDT&payment_status=Completed&charset=windows-1252&address_zip=59-220&mc_shipping=0.00&first_name=Paulina&mc_fee=0.69&address_country_code=PL&address_name=Paulina+Ozga&notify_version=3.9&custom=&payer_status=verified&business=liyan.zhao%40outlook.com&address_country=Poland&num_cart_items=1&address_city=Legnica&verify_sign=ADYYTRFDxybGWqsgfW8qFdqvCUGTA6WqveQoLw0wPLByN1C0.se6VQQU&payer_email=Paula0088%40interia.eu&txn_id=0SE85022PW140540N&payment_type=instant&last_name=Ozga&address_state=&item_name1=Payment&receiver_email=liyan.zhao%40outlook.com&payment_fee=0.69&shipping_discount=0.00&quantity1=1&insurance_amount=0.00&receiver_id=6T459WWEHTPZC&txn_type=cart&discount=0.00&mc_gross_1=10.00&mc_currency=USD&residence_country=PL&shipping_method=Default&transaction_subject=Payment&payment_gross=10.00&ipn_track_id=6245a234dd1b3
--------------------------------------------------------------
2024-10-28 16:16:12
VERIFIED
--------------------------------------------------------------
2024-10-28 17:41:34
支付回调信息:
mc_gross=10.00&invoice=2024102814381877427242&protection_eligibility=Eligible&address_status=confirmed&item_number1=&payer_id=LLSND7NN36SWA&address_street=Staffa+10%0D%0AStaffa+10&payment_date=23%3A44%3A50+Oct+27%2C+2024+PDT&payment_status=Completed&charset=windows-1252&address_zip=59-220&mc_shipping=0.00&first_name=Paulina&mc_fee=0.69&address_country_code=PL&address_name=Paulina+Ozga&notify_version=3.9&custom=&payer_status=verified&business=liyan.zhao%40outlook.com&address_country=Poland&num_cart_items=1&address_city=Legnica&verify_sign=ADYYTRFDxybGWqsgfW8qFdqvCUGTA6WqveQoLw0wPLByN1C0.se6VQQU&payer_email=Paula0088%40interia.eu&txn_id=0SE85022PW140540N&payment_type=instant&last_name=Ozga&address_state=&item_name1=Payment&receiver_email=liyan.zhao%40outlook.com&payment_fee=0.69&shipping_discount=0.00&quantity1=1&insurance_amount=0.00&receiver_id=6T459WWEHTPZC&txn_type=cart&discount=0.00&mc_gross_1=10.00&mc_currency=USD&residence_country=PL&shipping_method=Default&transaction_subject=Payment&payment_gross=10.00&ipn_track_id=6245a234dd1b3
--------------------------------------------------------------
2024-10-28 17:41:35
VERIFIED
--------------------------------------------------------------
2024-10-28 20:32:17
支付回调信息:
mc_gross=10.00&invoice=2024102814381877427242&protection_eligibility=Eligible&address_status=confirmed&item_number1=&payer_id=LLSND7NN36SWA&address_street=Staffa+10%0D%0AStaffa+10&payment_date=23%3A44%3A50+Oct+27%2C+2024+PDT&payment_status=Completed&charset=windows-1252&address_zip=59-220&mc_shipping=0.00&first_name=Paulina&mc_fee=0.69&address_country_code=PL&address_name=Paulina+Ozga&notify_version=3.9&custom=&payer_status=verified&business=liyan.zhao%40outlook.com&address_country=Poland&num_cart_items=1&address_city=Legnica&verify_sign=ADYYTRFDxybGWqsgfW8qFdqvCUGTA6WqveQoLw0wPLByN1C0.se6VQQU&payer_email=Paula0088%40interia.eu&txn_id=0SE85022PW140540N&payment_type=instant&last_name=Ozga&address_state=&item_name1=Payment&receiver_email=liyan.zhao%40outlook.com&payment_fee=0.69&shipping_discount=0.00&quantity1=1&insurance_amount=0.00&receiver_id=6T459WWEHTPZC&txn_type=cart&discount=0.00&mc_gross_1=10.00&mc_currency=USD&residence_country=PL&shipping_method=Default&transaction_subject=Payment&payment_gross=10.00&ipn_track_id=6245a234dd1b3
--------------------------------------------------------------
2024-10-28 20:32:18
VERIFIED
--------------------------------------------------------------
