2024-05-01 00:12:37
支付回调信息:
mc_gross=10.00&invoice=2024050100114123522677&protection_eligibility=Eligible&address_status=confirmed&item_number1=&payer_id=L76RSA4QXSDX4&address_street=Yeni+Yasamal%2C+Dadash+Bunyadzade+4%2C+67&payment_date=09%3A12%3A23+Apr+30%2C+2024+PDT&payment_status=Completed&charset=windows-1252&address_zip=&mc_shipping=0.00&first_name=Ferhad&mc_fee=0.69&address_country_code=AZ&address_name=Ferhad+Ahmedov&notify_version=3.9&custom=&payer_status=unverified&business=liyan.zhao%40outlook.com&address_country=Azerbaijan+Republic&num_cart_items=1&address_city=Baku&verify_sign=Agx61-iWHPQs3lbDMkmhmdktDOdyAARBn43IWDR1mQcntJZuTFbBYPtU&payer_email=ferhadakhm%40gmail.com&txn_id=2DL879545U208160P&payment_type=instant&last_name=Ahmedov&address_state=&item_name1=Payment&receiver_email=liyan.zhao%40outlook.com&payment_fee=0.69&shipping_discount=0.00&quantity1=1&insurance_amount=0.00&receiver_id=6T459WWEHTPZC&txn_type=cart&discount=0.00&mc_gross_1=10.00&mc_currency=USD&residence_country=AZ&shipping_method=Default&transaction_subject=Payment&payment_gross=10.00&ipn_track_id=f7240006acf1c
--------------------------------------------------------------
2024-05-01 00:12:38
VERIFIED
--------------------------------------------------------------
2024-05-01 00:14:39
支付回调信息:
mc_gross=10.00&invoice=2024050100114123522677&protection_eligibility=Eligible&address_status=confirmed&item_number1=&payer_id=L76RSA4QXSDX4&address_street=Yeni+Yasamal%2C+Dadash+Bunyadzade+4%2C+67&payment_date=09%3A12%3A23+Apr+30%2C+2024+PDT&payment_status=Completed&charset=windows-1252&address_zip=&mc_shipping=0.00&first_name=Ferhad&mc_fee=0.69&address_country_code=AZ&address_name=Ferhad+Ahmedov&notify_version=3.9&custom=&payer_status=unverified&business=liyan.zhao%40outlook.com&address_country=Azerbaijan+Republic&num_cart_items=1&address_city=Baku&verify_sign=Agx61-iWHPQs3lbDMkmhmdktDOdyAARBn43IWDR1mQcntJZuTFbBYPtU&payer_email=ferhadakhm%40gmail.com&txn_id=2DL879545U208160P&payment_type=instant&last_name=Ahmedov&address_state=&item_name1=Payment&receiver_email=liyan.zhao%40outlook.com&payment_fee=0.69&shipping_discount=0.00&quantity1=1&insurance_amount=0.00&receiver_id=6T459WWEHTPZC&txn_type=cart&discount=0.00&mc_gross_1=10.00&mc_currency=USD&residence_country=AZ&shipping_method=Default&transaction_subject=Payment&payment_gross=10.00&ipn_track_id=f7240006acf1c
--------------------------------------------------------------
2024-05-01 00:14:40
VERIFIED
--------------------------------------------------------------
2024-05-01 00:16:43
支付回调信息:
mc_gross=10.00&invoice=2024050100114123522677&protection_eligibility=Eligible&address_status=confirmed&item_number1=&payer_id=L76RSA4QXSDX4&address_street=Yeni+Yasamal%2C+Dadash+Bunyadzade+4%2C+67&payment_date=09%3A12%3A23+Apr+30%2C+2024+PDT&payment_status=Completed&charset=windows-1252&address_zip=&mc_shipping=0.00&first_name=Ferhad&mc_fee=0.69&address_country_code=AZ&address_name=Ferhad+Ahmedov&notify_version=3.9&custom=&payer_status=unverified&business=liyan.zhao%40outlook.com&address_country=Azerbaijan+Republic&num_cart_items=1&address_city=Baku&verify_sign=Agx61-iWHPQs3lbDMkmhmdktDOdyAARBn43IWDR1mQcntJZuTFbBYPtU&payer_email=ferhadakhm%40gmail.com&txn_id=2DL879545U208160P&payment_type=instant&last_name=Ahmedov&address_state=&item_name1=Payment&receiver_email=liyan.zhao%40outlook.com&payment_fee=0.69&shipping_discount=0.00&quantity1=1&insurance_amount=0.00&receiver_id=6T459WWEHTPZC&txn_type=cart&discount=0.00&mc_gross_1=10.00&mc_currency=USD&residence_country=AZ&shipping_method=Default&transaction_subject=Payment&payment_gross=10.00&ipn_track_id=f7240006acf1c
--------------------------------------------------------------
2024-05-01 00:16:44
VERIFIED
--------------------------------------------------------------
2024-05-01 00:18:46
支付回调信息:
mc_gross=10.00&invoice=2024050100114123522677&protection_eligibility=Eligible&address_status=confirmed&item_number1=&payer_id=L76RSA4QXSDX4&address_street=Yeni+Yasamal%2C+Dadash+Bunyadzade+4%2C+67&payment_date=09%3A12%3A23+Apr+30%2C+2024+PDT&payment_status=Completed&charset=windows-1252&address_zip=&mc_shipping=0.00&first_name=Ferhad&mc_fee=0.69&address_country_code=AZ&address_name=Ferhad+Ahmedov&notify_version=3.9&custom=&payer_status=unverified&business=liyan.zhao%40outlook.com&address_country=Azerbaijan+Republic&num_cart_items=1&address_city=Baku&verify_sign=Agx61-iWHPQs3lbDMkmhmdktDOdyAARBn43IWDR1mQcntJZuTFbBYPtU&payer_email=ferhadakhm%40gmail.com&txn_id=2DL879545U208160P&payment_type=instant&last_name=Ahmedov&address_state=&item_name1=Payment&receiver_email=liyan.zhao%40outlook.com&payment_fee=0.69&shipping_discount=0.00&quantity1=1&insurance_amount=0.00&receiver_id=6T459WWEHTPZC&txn_type=cart&discount=0.00&mc_gross_1=10.00&mc_currency=USD&residence_country=AZ&shipping_method=Default&transaction_subject=Payment&payment_gross=10.00&ipn_track_id=f7240006acf1c
--------------------------------------------------------------
2024-05-01 00:18:48
VERIFIED
--------------------------------------------------------------
2024-05-01 00:20:50
支付回调信息:
mc_gross=10.00&invoice=2024050100114123522677&protection_eligibility=Eligible&address_status=confirmed&item_number1=&payer_id=L76RSA4QXSDX4&address_street=Yeni+Yasamal%2C+Dadash+Bunyadzade+4%2C+67&payment_date=09%3A12%3A23+Apr+30%2C+2024+PDT&payment_status=Completed&charset=windows-1252&address_zip=&mc_shipping=0.00&first_name=Ferhad&mc_fee=0.69&address_country_code=AZ&address_name=Ferhad+Ahmedov&notify_version=3.9&custom=&payer_status=unverified&business=liyan.zhao%40outlook.com&address_country=Azerbaijan+Republic&num_cart_items=1&address_city=Baku&verify_sign=Agx61-iWHPQs3lbDMkmhmdktDOdyAARBn43IWDR1mQcntJZuTFbBYPtU&payer_email=ferhadakhm%40gmail.com&txn_id=2DL879545U208160P&payment_type=instant&last_name=Ahmedov&address_state=&item_name1=Payment&receiver_email=liyan.zhao%40outlook.com&payment_fee=0.69&shipping_discount=0.00&quantity1=1&insurance_amount=0.00&receiver_id=6T459WWEHTPZC&txn_type=cart&discount=0.00&mc_gross_1=10.00&mc_currency=USD&residence_country=AZ&shipping_method=Default&transaction_subject=Payment&payment_gross=10.00&ipn_track_id=f7240006acf1c
--------------------------------------------------------------
2024-05-01 00:20:51
VERIFIED
--------------------------------------------------------------
2024-05-01 00:23:33
支付回调信息:
mc_gross=10.00&invoice=2024050100114123522677&protection_eligibility=Eligible&address_status=confirmed&item_number1=&payer_id=L76RSA4QXSDX4&address_street=Yeni+Yasamal%2C+Dadash+Bunyadzade+4%2C+67&payment_date=09%3A12%3A23+Apr+30%2C+2024+PDT&payment_status=Completed&charset=windows-1252&address_zip=&mc_shipping=0.00&first_name=Ferhad&mc_fee=0.69&address_country_code=AZ&address_name=Ferhad+Ahmedov&notify_version=3.9&custom=&payer_status=unverified&business=liyan.zhao%40outlook.com&address_country=Azerbaijan+Republic&num_cart_items=1&address_city=Baku&verify_sign=Agx61-iWHPQs3lbDMkmhmdktDOdyAARBn43IWDR1mQcntJZuTFbBYPtU&payer_email=ferhadakhm%40gmail.com&txn_id=2DL879545U208160P&payment_type=instant&last_name=Ahmedov&address_state=&item_name1=Payment&receiver_email=liyan.zhao%40outlook.com&payment_fee=0.69&shipping_discount=0.00&quantity1=1&insurance_amount=0.00&receiver_id=6T459WWEHTPZC&txn_type=cart&discount=0.00&mc_gross_1=10.00&mc_currency=USD&residence_country=AZ&shipping_method=Default&transaction_subject=Payment&payment_gross=10.00&ipn_track_id=f7240006acf1c
--------------------------------------------------------------
2024-05-01 00:23:35
VERIFIED
--------------------------------------------------------------
2024-05-01 00:28:58
支付回调信息:
mc_gross=10.00&invoice=2024050100114123522677&protection_eligibility=Eligible&address_status=confirmed&item_number1=&payer_id=L76RSA4QXSDX4&address_street=Yeni+Yasamal%2C+Dadash+Bunyadzade+4%2C+67&payment_date=09%3A12%3A23+Apr+30%2C+2024+PDT&payment_status=Completed&charset=windows-1252&address_zip=&mc_shipping=0.00&first_name=Ferhad&mc_fee=0.69&address_country_code=AZ&address_name=Ferhad+Ahmedov&notify_version=3.9&custom=&payer_status=unverified&business=liyan.zhao%40outlook.com&address_country=Azerbaijan+Republic&num_cart_items=1&address_city=Baku&verify_sign=Agx61-iWHPQs3lbDMkmhmdktDOdyAARBn43IWDR1mQcntJZuTFbBYPtU&payer_email=ferhadakhm%40gmail.com&txn_id=2DL879545U208160P&payment_type=instant&last_name=Ahmedov&address_state=&item_name1=Payment&receiver_email=liyan.zhao%40outlook.com&payment_fee=0.69&shipping_discount=0.00&quantity1=1&insurance_amount=0.00&receiver_id=6T459WWEHTPZC&txn_type=cart&discount=0.00&mc_gross_1=10.00&mc_currency=USD&residence_country=AZ&shipping_method=Default&transaction_subject=Payment&payment_gross=10.00&ipn_track_id=f7240006acf1c
--------------------------------------------------------------
2024-05-01 00:28:59
VERIFIED
--------------------------------------------------------------
2024-05-01 00:39:41
支付回调信息:
mc_gross=10.00&invoice=2024050100114123522677&protection_eligibility=Eligible&address_status=confirmed&item_number1=&payer_id=L76RSA4QXSDX4&address_street=Yeni+Yasamal%2C+Dadash+Bunyadzade+4%2C+67&payment_date=09%3A12%3A23+Apr+30%2C+2024+PDT&payment_status=Completed&charset=windows-1252&address_zip=&mc_shipping=0.00&first_name=Ferhad&mc_fee=0.69&address_country_code=AZ&address_name=Ferhad+Ahmedov&notify_version=3.9&custom=&payer_status=unverified&business=liyan.zhao%40outlook.com&address_country=Azerbaijan+Republic&num_cart_items=1&address_city=Baku&verify_sign=Agx61-iWHPQs3lbDMkmhmdktDOdyAARBn43IWDR1mQcntJZuTFbBYPtU&payer_email=ferhadakhm%40gmail.com&txn_id=2DL879545U208160P&payment_type=instant&last_name=Ahmedov&address_state=&item_name1=Payment&receiver_email=liyan.zhao%40outlook.com&payment_fee=0.69&shipping_discount=0.00&quantity1=1&insurance_amount=0.00&receiver_id=6T459WWEHTPZC&txn_type=cart&discount=0.00&mc_gross_1=10.00&mc_currency=USD&residence_country=AZ&shipping_method=Default&transaction_subject=Payment&payment_gross=10.00&ipn_track_id=f7240006acf1c
--------------------------------------------------------------
2024-05-01 00:39:43
VERIFIED
--------------------------------------------------------------
2024-05-01 01:01:06
支付回调信息:
mc_gross=10.00&invoice=2024050100114123522677&protection_eligibility=Eligible&address_status=confirmed&item_number1=&payer_id=L76RSA4QXSDX4&address_street=Yeni+Yasamal%2C+Dadash+Bunyadzade+4%2C+67&payment_date=09%3A12%3A23+Apr+30%2C+2024+PDT&payment_status=Completed&charset=windows-1252&address_zip=&mc_shipping=0.00&first_name=Ferhad&mc_fee=0.69&address_country_code=AZ&address_name=Ferhad+Ahmedov&notify_version=3.9&custom=&payer_status=unverified&business=liyan.zhao%40outlook.com&address_country=Azerbaijan+Republic&num_cart_items=1&address_city=Baku&verify_sign=Agx61-iWHPQs3lbDMkmhmdktDOdyAARBn43IWDR1mQcntJZuTFbBYPtU&payer_email=ferhadakhm%40gmail.com&txn_id=2DL879545U208160P&payment_type=instant&last_name=Ahmedov&address_state=&item_name1=Payment&receiver_email=liyan.zhao%40outlook.com&payment_fee=0.69&shipping_discount=0.00&quantity1=1&insurance_amount=0.00&receiver_id=6T459WWEHTPZC&txn_type=cart&discount=0.00&mc_gross_1=10.00&mc_currency=USD&residence_country=AZ&shipping_method=Default&transaction_subject=Payment&payment_gross=10.00&ipn_track_id=f7240006acf1c
--------------------------------------------------------------
2024-05-01 01:01:07
VERIFIED
--------------------------------------------------------------
2024-05-01 01:43:48
支付回调信息:
mc_gross=10.00&invoice=2024050100114123522677&protection_eligibility=Eligible&address_status=confirmed&item_number1=&payer_id=L76RSA4QXSDX4&address_street=Yeni+Yasamal%2C+Dadash+Bunyadzade+4%2C+67&payment_date=09%3A12%3A23+Apr+30%2C+2024+PDT&payment_status=Completed&charset=windows-1252&address_zip=&mc_shipping=0.00&first_name=Ferhad&mc_fee=0.69&address_country_code=AZ&address_name=Ferhad+Ahmedov&notify_version=3.9&custom=&payer_status=unverified&business=liyan.zhao%40outlook.com&address_country=Azerbaijan+Republic&num_cart_items=1&address_city=Baku&verify_sign=Agx61-iWHPQs3lbDMkmhmdktDOdyAARBn43IWDR1mQcntJZuTFbBYPtU&payer_email=ferhadakhm%40gmail.com&txn_id=2DL879545U208160P&payment_type=instant&last_name=Ahmedov&address_state=&item_name1=Payment&receiver_email=liyan.zhao%40outlook.com&payment_fee=0.69&shipping_discount=0.00&quantity1=1&insurance_amount=0.00&receiver_id=6T459WWEHTPZC&txn_type=cart&discount=0.00&mc_gross_1=10.00&mc_currency=USD&residence_country=AZ&shipping_method=Default&transaction_subject=Payment&payment_gross=10.00&ipn_track_id=f7240006acf1c
--------------------------------------------------------------
2024-05-01 01:43:50
VERIFIED
--------------------------------------------------------------
2024-05-01 03:09:13
支付回调信息:
mc_gross=10.00&invoice=2024050100114123522677&protection_eligibility=Eligible&address_status=confirmed&item_number1=&payer_id=L76RSA4QXSDX4&address_street=Yeni+Yasamal%2C+Dadash+Bunyadzade+4%2C+67&payment_date=09%3A12%3A23+Apr+30%2C+2024+PDT&payment_status=Completed&charset=windows-1252&address_zip=&mc_shipping=0.00&first_name=Ferhad&mc_fee=0.69&address_country_code=AZ&address_name=Ferhad+Ahmedov&notify_version=3.9&custom=&payer_status=unverified&business=liyan.zhao%40outlook.com&address_country=Azerbaijan+Republic&num_cart_items=1&address_city=Baku&verify_sign=Agx61-iWHPQs3lbDMkmhmdktDOdyAARBn43IWDR1mQcntJZuTFbBYPtU&payer_email=ferhadakhm%40gmail.com&txn_id=2DL879545U208160P&payment_type=instant&last_name=Ahmedov&address_state=&item_name1=Payment&receiver_email=liyan.zhao%40outlook.com&payment_fee=0.69&shipping_discount=0.00&quantity1=1&insurance_amount=0.00&receiver_id=6T459WWEHTPZC&txn_type=cart&discount=0.00&mc_gross_1=10.00&mc_currency=USD&residence_country=AZ&shipping_method=Default&transaction_subject=Payment&payment_gross=10.00&ipn_track_id=f7240006acf1c
--------------------------------------------------------------
2024-05-01 03:09:15
VERIFIED
--------------------------------------------------------------
2024-05-01 06:06:40
支付回调信息:
mc_gross=10.00&invoice=2024050100114123522677&protection_eligibility=Eligible&address_status=confirmed&item_number1=&payer_id=L76RSA4QXSDX4&address_street=Yeni+Yasamal%2C+Dadash+Bunyadzade+4%2C+67&payment_date=09%3A12%3A23+Apr+30%2C+2024+PDT&payment_status=Completed&charset=windows-1252&address_zip=&mc_shipping=0.00&first_name=Ferhad&mc_fee=0.69&address_country_code=AZ&address_name=Ferhad+Ahmedov&notify_version=3.9&custom=&payer_status=unverified&business=liyan.zhao%40outlook.com&address_country=Azerbaijan+Republic&num_cart_items=1&address_city=Baku&verify_sign=Agx61-iWHPQs3lbDMkmhmdktDOdyAARBn43IWDR1mQcntJZuTFbBYPtU&payer_email=ferhadakhm%40gmail.com&txn_id=2DL879545U208160P&payment_type=instant&last_name=Ahmedov&address_state=&item_name1=Payment&receiver_email=liyan.zhao%40outlook.com&payment_fee=0.69&shipping_discount=0.00&quantity1=1&insurance_amount=0.00&receiver_id=6T459WWEHTPZC&txn_type=cart&discount=0.00&mc_gross_1=10.00&mc_currency=USD&residence_country=AZ&shipping_method=Default&transaction_subject=Payment&payment_gross=10.00&ipn_track_id=f7240006acf1c
--------------------------------------------------------------
2024-05-01 06:06:41
VERIFIED
--------------------------------------------------------------
2024-05-01 11:48:05
支付回调信息:
mc_gross=10.00&invoice=2024050100114123522677&protection_eligibility=Eligible&address_status=confirmed&item_number1=&payer_id=L76RSA4QXSDX4&address_street=Yeni+Yasamal%2C+Dadash+Bunyadzade+4%2C+67&payment_date=09%3A12%3A23+Apr+30%2C+2024+PDT&payment_status=Completed&charset=windows-1252&address_zip=&mc_shipping=0.00&first_name=Ferhad&mc_fee=0.69&address_country_code=AZ&address_name=Ferhad+Ahmedov&notify_version=3.9&custom=&payer_status=unverified&business=liyan.zhao%40outlook.com&address_country=Azerbaijan+Republic&num_cart_items=1&address_city=Baku&verify_sign=Agx61-iWHPQs3lbDMkmhmdktDOdyAARBn43IWDR1mQcntJZuTFbBYPtU&payer_email=ferhadakhm%40gmail.com&txn_id=2DL879545U208160P&payment_type=instant&last_name=Ahmedov&address_state=&item_name1=Payment&receiver_email=liyan.zhao%40outlook.com&payment_fee=0.69&shipping_discount=0.00&quantity1=1&insurance_amount=0.00&receiver_id=6T459WWEHTPZC&txn_type=cart&discount=0.00&mc_gross_1=10.00&mc_currency=USD&residence_country=AZ&shipping_method=Default&transaction_subject=Payment&payment_gross=10.00&ipn_track_id=f7240006acf1c
--------------------------------------------------------------
2024-05-01 11:48:06
VERIFIED
--------------------------------------------------------------
2024-05-01 23:10:51
支付回调信息:
mc_gross=10.00&invoice=2024050100114123522677&protection_eligibility=Eligible&address_status=confirmed&item_number1=&payer_id=L76RSA4QXSDX4&address_street=Yeni+Yasamal%2C+Dadash+Bunyadzade+4%2C+67&payment_date=09%3A12%3A23+Apr+30%2C+2024+PDT&payment_status=Completed&charset=windows-1252&address_zip=&mc_shipping=0.00&first_name=Ferhad&mc_fee=0.69&address_country_code=AZ&address_name=Ferhad+Ahmedov&notify_version=3.9&custom=&payer_status=unverified&business=liyan.zhao%40outlook.com&address_country=Azerbaijan+Republic&num_cart_items=1&address_city=Baku&verify_sign=Agx61-iWHPQs3lbDMkmhmdktDOdyAARBn43IWDR1mQcntJZuTFbBYPtU&payer_email=ferhadakhm%40gmail.com&txn_id=2DL879545U208160P&payment_type=instant&last_name=Ahmedov&address_state=&item_name1=Payment&receiver_email=liyan.zhao%40outlook.com&payment_fee=0.69&shipping_discount=0.00&quantity1=1&insurance_amount=0.00&receiver_id=6T459WWEHTPZC&txn_type=cart&discount=0.00&mc_gross_1=10.00&mc_currency=USD&residence_country=AZ&shipping_method=Default&transaction_subject=Payment&payment_gross=10.00&ipn_track_id=f7240006acf1c
--------------------------------------------------------------
2024-05-01 23:10:52
VERIFIED
--------------------------------------------------------------
