2024-05-03 02:12:14
支付回调信息:
mc_gross=20.00&invoice=2024050302105964493994&protection_eligibility=Eligible&address_status=confirmed&item_number1=&payer_id=5Z3RQXVG84PR4&address_street=DEL+VALLE+CENTRO%0D%0AConcepcion+Beistegui+705+404&payment_date=11%3A12%3A06+May+02%2C+2024+PDT&payment_status=Completed&charset=windows-1252&address_zip=03100&mc_shipping=0.00&first_name=Jose+De+Jesus&mc_fee=1.08&address_country_code=MX&address_name=Jose+Mendez+Montes&notify_version=3.9&custom=&payer_status=verified&business=liyan.zhao%40outlook.com&address_country=Mexico&num_cart_items=1&address_city=BENITO+JUAREZ&verify_sign=AvFLb1BVEtnUp7X3NAzuJP.NrHU8AgFmr5r7yEAr4HVnwwmqFgVbzkNg&payer_email=jjmm_sap%40hotmail.com&txn_id=37F02079YC801142U&payment_type=instant&last_name=Mendez+Montes&address_state=CIUDAD+DE+MEXICO&item_name1=Payment&receiver_email=liyan.zhao%40outlook.com&payment_fee=1.08&shipping_discount=0.00&quantity1=1&insurance_amount=0.00&receiver_id=6T459WWEHTPZC&txn_type=cart&discount=0.00&mc_gross_1=20.00&mc_currency=USD&residence_country=MX&shipping_method=Default&transaction_subject=Payment&payment_gross=20.00&ipn_track_id=a6cb0f136ca19
--------------------------------------------------------------
2024-05-03 02:12:15
VERIFIED
--------------------------------------------------------------
2024-05-03 02:14:17
支付回调信息:
mc_gross=20.00&invoice=2024050302105964493994&protection_eligibility=Eligible&address_status=confirmed&item_number1=&payer_id=5Z3RQXVG84PR4&address_street=DEL+VALLE+CENTRO%0D%0AConcepcion+Beistegui+705+404&payment_date=11%3A12%3A06+May+02%2C+2024+PDT&payment_status=Completed&charset=windows-1252&address_zip=03100&mc_shipping=0.00&first_name=Jose+De+Jesus&mc_fee=1.08&address_country_code=MX&address_name=Jose+Mendez+Montes&notify_version=3.9&custom=&payer_status=verified&business=liyan.zhao%40outlook.com&address_country=Mexico&num_cart_items=1&address_city=BENITO+JUAREZ&verify_sign=AvFLb1BVEtnUp7X3NAzuJP.NrHU8AgFmr5r7yEAr4HVnwwmqFgVbzkNg&payer_email=jjmm_sap%40hotmail.com&txn_id=37F02079YC801142U&payment_type=instant&last_name=Mendez+Montes&address_state=CIUDAD+DE+MEXICO&item_name1=Payment&receiver_email=liyan.zhao%40outlook.com&payment_fee=1.08&shipping_discount=0.00&quantity1=1&insurance_amount=0.00&receiver_id=6T459WWEHTPZC&txn_type=cart&discount=0.00&mc_gross_1=20.00&mc_currency=USD&residence_country=MX&shipping_method=Default&transaction_subject=Payment&payment_gross=20.00&ipn_track_id=a6cb0f136ca19
--------------------------------------------------------------
2024-05-03 02:14:18
VERIFIED
--------------------------------------------------------------
2024-05-03 02:16:20
支付回调信息:
mc_gross=20.00&invoice=2024050302105964493994&protection_eligibility=Eligible&address_status=confirmed&item_number1=&payer_id=5Z3RQXVG84PR4&address_street=DEL+VALLE+CENTRO%0D%0AConcepcion+Beistegui+705+404&payment_date=11%3A12%3A06+May+02%2C+2024+PDT&payment_status=Completed&charset=windows-1252&address_zip=03100&mc_shipping=0.00&first_name=Jose+De+Jesus&mc_fee=1.08&address_country_code=MX&address_name=Jose+Mendez+Montes&notify_version=3.9&custom=&payer_status=verified&business=liyan.zhao%40outlook.com&address_country=Mexico&num_cart_items=1&address_city=BENITO+JUAREZ&verify_sign=AvFLb1BVEtnUp7X3NAzuJP.NrHU8AgFmr5r7yEAr4HVnwwmqFgVbzkNg&payer_email=jjmm_sap%40hotmail.com&txn_id=37F02079YC801142U&payment_type=instant&last_name=Mendez+Montes&address_state=CIUDAD+DE+MEXICO&item_name1=Payment&receiver_email=liyan.zhao%40outlook.com&payment_fee=1.08&shipping_discount=0.00&quantity1=1&insurance_amount=0.00&receiver_id=6T459WWEHTPZC&txn_type=cart&discount=0.00&mc_gross_1=20.00&mc_currency=USD&residence_country=MX&shipping_method=Default&transaction_subject=Payment&payment_gross=20.00&ipn_track_id=a6cb0f136ca19
--------------------------------------------------------------
2024-05-03 02:16:22
VERIFIED
--------------------------------------------------------------
2024-05-03 02:18:23
支付回调信息:
mc_gross=20.00&invoice=2024050302105964493994&protection_eligibility=Eligible&address_status=confirmed&item_number1=&payer_id=5Z3RQXVG84PR4&address_street=DEL+VALLE+CENTRO%0D%0AConcepcion+Beistegui+705+404&payment_date=11%3A12%3A06+May+02%2C+2024+PDT&payment_status=Completed&charset=windows-1252&address_zip=03100&mc_shipping=0.00&first_name=Jose+De+Jesus&mc_fee=1.08&address_country_code=MX&address_name=Jose+Mendez+Montes&notify_version=3.9&custom=&payer_status=verified&business=liyan.zhao%40outlook.com&address_country=Mexico&num_cart_items=1&address_city=BENITO+JUAREZ&verify_sign=AvFLb1BVEtnUp7X3NAzuJP.NrHU8AgFmr5r7yEAr4HVnwwmqFgVbzkNg&payer_email=jjmm_sap%40hotmail.com&txn_id=37F02079YC801142U&payment_type=instant&last_name=Mendez+Montes&address_state=CIUDAD+DE+MEXICO&item_name1=Payment&receiver_email=liyan.zhao%40outlook.com&payment_fee=1.08&shipping_discount=0.00&quantity1=1&insurance_amount=0.00&receiver_id=6T459WWEHTPZC&txn_type=cart&discount=0.00&mc_gross_1=20.00&mc_currency=USD&residence_country=MX&shipping_method=Default&transaction_subject=Payment&payment_gross=20.00&ipn_track_id=a6cb0f136ca19
--------------------------------------------------------------
2024-05-03 02:18:24
VERIFIED
--------------------------------------------------------------
2024-05-03 02:20:27
支付回调信息:
mc_gross=20.00&invoice=2024050302105964493994&protection_eligibility=Eligible&address_status=confirmed&item_number1=&payer_id=5Z3RQXVG84PR4&address_street=DEL+VALLE+CENTRO%0D%0AConcepcion+Beistegui+705+404&payment_date=11%3A12%3A06+May+02%2C+2024+PDT&payment_status=Completed&charset=windows-1252&address_zip=03100&mc_shipping=0.00&first_name=Jose+De+Jesus&mc_fee=1.08&address_country_code=MX&address_name=Jose+Mendez+Montes&notify_version=3.9&custom=&payer_status=verified&business=liyan.zhao%40outlook.com&address_country=Mexico&num_cart_items=1&address_city=BENITO+JUAREZ&verify_sign=AvFLb1BVEtnUp7X3NAzuJP.NrHU8AgFmr5r7yEAr4HVnwwmqFgVbzkNg&payer_email=jjmm_sap%40hotmail.com&txn_id=37F02079YC801142U&payment_type=instant&last_name=Mendez+Montes&address_state=CIUDAD+DE+MEXICO&item_name1=Payment&receiver_email=liyan.zhao%40outlook.com&payment_fee=1.08&shipping_discount=0.00&quantity1=1&insurance_amount=0.00&receiver_id=6T459WWEHTPZC&txn_type=cart&discount=0.00&mc_gross_1=20.00&mc_currency=USD&residence_country=MX&shipping_method=Default&transaction_subject=Payment&payment_gross=20.00&ipn_track_id=a6cb0f136ca19
--------------------------------------------------------------
2024-05-03 02:20:28
VERIFIED
--------------------------------------------------------------
2024-05-03 02:23:10
支付回调信息:
mc_gross=20.00&invoice=2024050302105964493994&protection_eligibility=Eligible&address_status=confirmed&item_number1=&payer_id=5Z3RQXVG84PR4&address_street=DEL+VALLE+CENTRO%0D%0AConcepcion+Beistegui+705+404&payment_date=11%3A12%3A06+May+02%2C+2024+PDT&payment_status=Completed&charset=windows-1252&address_zip=03100&mc_shipping=0.00&first_name=Jose+De+Jesus&mc_fee=1.08&address_country_code=MX&address_name=Jose+Mendez+Montes&notify_version=3.9&custom=&payer_status=verified&business=liyan.zhao%40outlook.com&address_country=Mexico&num_cart_items=1&address_city=BENITO+JUAREZ&verify_sign=AvFLb1BVEtnUp7X3NAzuJP.NrHU8AgFmr5r7yEAr4HVnwwmqFgVbzkNg&payer_email=jjmm_sap%40hotmail.com&txn_id=37F02079YC801142U&payment_type=instant&last_name=Mendez+Montes&address_state=CIUDAD+DE+MEXICO&item_name1=Payment&receiver_email=liyan.zhao%40outlook.com&payment_fee=1.08&shipping_discount=0.00&quantity1=1&insurance_amount=0.00&receiver_id=6T459WWEHTPZC&txn_type=cart&discount=0.00&mc_gross_1=20.00&mc_currency=USD&residence_country=MX&shipping_method=Default&transaction_subject=Payment&payment_gross=20.00&ipn_track_id=a6cb0f136ca19
--------------------------------------------------------------
2024-05-03 02:23:11
VERIFIED
--------------------------------------------------------------
2024-05-03 02:28:33
支付回调信息:
mc_gross=20.00&invoice=2024050302105964493994&protection_eligibility=Eligible&address_status=confirmed&item_number1=&payer_id=5Z3RQXVG84PR4&address_street=DEL+VALLE+CENTRO%0D%0AConcepcion+Beistegui+705+404&payment_date=11%3A12%3A06+May+02%2C+2024+PDT&payment_status=Completed&charset=windows-1252&address_zip=03100&mc_shipping=0.00&first_name=Jose+De+Jesus&mc_fee=1.08&address_country_code=MX&address_name=Jose+Mendez+Montes&notify_version=3.9&custom=&payer_status=verified&business=liyan.zhao%40outlook.com&address_country=Mexico&num_cart_items=1&address_city=BENITO+JUAREZ&verify_sign=AvFLb1BVEtnUp7X3NAzuJP.NrHU8AgFmr5r7yEAr4HVnwwmqFgVbzkNg&payer_email=jjmm_sap%40hotmail.com&txn_id=37F02079YC801142U&payment_type=instant&last_name=Mendez+Montes&address_state=CIUDAD+DE+MEXICO&item_name1=Payment&receiver_email=liyan.zhao%40outlook.com&payment_fee=1.08&shipping_discount=0.00&quantity1=1&insurance_amount=0.00&receiver_id=6T459WWEHTPZC&txn_type=cart&discount=0.00&mc_gross_1=20.00&mc_currency=USD&residence_country=MX&shipping_method=Default&transaction_subject=Payment&payment_gross=20.00&ipn_track_id=a6cb0f136ca19
--------------------------------------------------------------
2024-05-03 02:28:35
VERIFIED
--------------------------------------------------------------
2024-05-03 02:39:20
支付回调信息:
mc_gross=20.00&invoice=2024050302105964493994&protection_eligibility=Eligible&address_status=confirmed&item_number1=&payer_id=5Z3RQXVG84PR4&address_street=DEL+VALLE+CENTRO%0D%0AConcepcion+Beistegui+705+404&payment_date=11%3A12%3A06+May+02%2C+2024+PDT&payment_status=Completed&charset=windows-1252&address_zip=03100&mc_shipping=0.00&first_name=Jose+De+Jesus&mc_fee=1.08&address_country_code=MX&address_name=Jose+Mendez+Montes&notify_version=3.9&custom=&payer_status=verified&business=liyan.zhao%40outlook.com&address_country=Mexico&num_cart_items=1&address_city=BENITO+JUAREZ&verify_sign=AvFLb1BVEtnUp7X3NAzuJP.NrHU8AgFmr5r7yEAr4HVnwwmqFgVbzkNg&payer_email=jjmm_sap%40hotmail.com&txn_id=37F02079YC801142U&payment_type=instant&last_name=Mendez+Montes&address_state=CIUDAD+DE+MEXICO&item_name1=Payment&receiver_email=liyan.zhao%40outlook.com&payment_fee=1.08&shipping_discount=0.00&quantity1=1&insurance_amount=0.00&receiver_id=6T459WWEHTPZC&txn_type=cart&discount=0.00&mc_gross_1=20.00&mc_currency=USD&residence_country=MX&shipping_method=Default&transaction_subject=Payment&payment_gross=20.00&ipn_track_id=a6cb0f136ca19
--------------------------------------------------------------
2024-05-03 02:39:22
VERIFIED
--------------------------------------------------------------
2024-05-03 03:00:42
支付回调信息:
mc_gross=20.00&invoice=2024050302105964493994&protection_eligibility=Eligible&address_status=confirmed&item_number1=&payer_id=5Z3RQXVG84PR4&address_street=DEL+VALLE+CENTRO%0D%0AConcepcion+Beistegui+705+404&payment_date=11%3A12%3A06+May+02%2C+2024+PDT&payment_status=Completed&charset=windows-1252&address_zip=03100&mc_shipping=0.00&first_name=Jose+De+Jesus&mc_fee=1.08&address_country_code=MX&address_name=Jose+Mendez+Montes&notify_version=3.9&custom=&payer_status=verified&business=liyan.zhao%40outlook.com&address_country=Mexico&num_cart_items=1&address_city=BENITO+JUAREZ&verify_sign=AvFLb1BVEtnUp7X3NAzuJP.NrHU8AgFmr5r7yEAr4HVnwwmqFgVbzkNg&payer_email=jjmm_sap%40hotmail.com&txn_id=37F02079YC801142U&payment_type=instant&last_name=Mendez+Montes&address_state=CIUDAD+DE+MEXICO&item_name1=Payment&receiver_email=liyan.zhao%40outlook.com&payment_fee=1.08&shipping_discount=0.00&quantity1=1&insurance_amount=0.00&receiver_id=6T459WWEHTPZC&txn_type=cart&discount=0.00&mc_gross_1=20.00&mc_currency=USD&residence_country=MX&shipping_method=Default&transaction_subject=Payment&payment_gross=20.00&ipn_track_id=a6cb0f136ca19
--------------------------------------------------------------
2024-05-03 03:00:44
VERIFIED
--------------------------------------------------------------
2024-05-03 03:43:25
支付回调信息:
mc_gross=20.00&invoice=2024050302105964493994&protection_eligibility=Eligible&address_status=confirmed&item_number1=&payer_id=5Z3RQXVG84PR4&address_street=DEL+VALLE+CENTRO%0D%0AConcepcion+Beistegui+705+404&payment_date=11%3A12%3A06+May+02%2C+2024+PDT&payment_status=Completed&charset=windows-1252&address_zip=03100&mc_shipping=0.00&first_name=Jose+De+Jesus&mc_fee=1.08&address_country_code=MX&address_name=Jose+Mendez+Montes&notify_version=3.9&custom=&payer_status=verified&business=liyan.zhao%40outlook.com&address_country=Mexico&num_cart_items=1&address_city=BENITO+JUAREZ&verify_sign=AvFLb1BVEtnUp7X3NAzuJP.NrHU8AgFmr5r7yEAr4HVnwwmqFgVbzkNg&payer_email=jjmm_sap%40hotmail.com&txn_id=37F02079YC801142U&payment_type=instant&last_name=Mendez+Montes&address_state=CIUDAD+DE+MEXICO&item_name1=Payment&receiver_email=liyan.zhao%40outlook.com&payment_fee=1.08&shipping_discount=0.00&quantity1=1&insurance_amount=0.00&receiver_id=6T459WWEHTPZC&txn_type=cart&discount=0.00&mc_gross_1=20.00&mc_currency=USD&residence_country=MX&shipping_method=Default&transaction_subject=Payment&payment_gross=20.00&ipn_track_id=a6cb0f136ca19
--------------------------------------------------------------
2024-05-03 03:43:27
VERIFIED
--------------------------------------------------------------
2024-05-03 05:08:49
支付回调信息:
mc_gross=20.00&invoice=2024050302105964493994&protection_eligibility=Eligible&address_status=confirmed&item_number1=&payer_id=5Z3RQXVG84PR4&address_street=DEL+VALLE+CENTRO%0D%0AConcepcion+Beistegui+705+404&payment_date=11%3A12%3A06+May+02%2C+2024+PDT&payment_status=Completed&charset=windows-1252&address_zip=03100&mc_shipping=0.00&first_name=Jose+De+Jesus&mc_fee=1.08&address_country_code=MX&address_name=Jose+Mendez+Montes&notify_version=3.9&custom=&payer_status=verified&business=liyan.zhao%40outlook.com&address_country=Mexico&num_cart_items=1&address_city=BENITO+JUAREZ&verify_sign=AvFLb1BVEtnUp7X3NAzuJP.NrHU8AgFmr5r7yEAr4HVnwwmqFgVbzkNg&payer_email=jjmm_sap%40hotmail.com&txn_id=37F02079YC801142U&payment_type=instant&last_name=Mendez+Montes&address_state=CIUDAD+DE+MEXICO&item_name1=Payment&receiver_email=liyan.zhao%40outlook.com&payment_fee=1.08&shipping_discount=0.00&quantity1=1&insurance_amount=0.00&receiver_id=6T459WWEHTPZC&txn_type=cart&discount=0.00&mc_gross_1=20.00&mc_currency=USD&residence_country=MX&shipping_method=Default&transaction_subject=Payment&payment_gross=20.00&ipn_track_id=a6cb0f136ca19
--------------------------------------------------------------
2024-05-03 05:08:51
VERIFIED
--------------------------------------------------------------
2024-05-03 07:59:36
支付回调信息:
mc_gross=20.00&invoice=2024050302105964493994&protection_eligibility=Eligible&address_status=confirmed&item_number1=&payer_id=5Z3RQXVG84PR4&address_street=DEL+VALLE+CENTRO%0D%0AConcepcion+Beistegui+705+404&payment_date=11%3A12%3A06+May+02%2C+2024+PDT&payment_status=Completed&charset=windows-1252&address_zip=03100&mc_shipping=0.00&first_name=Jose+De+Jesus&mc_fee=1.08&address_country_code=MX&address_name=Jose+Mendez+Montes&notify_version=3.9&custom=&payer_status=verified&business=liyan.zhao%40outlook.com&address_country=Mexico&num_cart_items=1&address_city=BENITO+JUAREZ&verify_sign=AvFLb1BVEtnUp7X3NAzuJP.NrHU8AgFmr5r7yEAr4HVnwwmqFgVbzkNg&payer_email=jjmm_sap%40hotmail.com&txn_id=37F02079YC801142U&payment_type=instant&last_name=Mendez+Montes&address_state=CIUDAD+DE+MEXICO&item_name1=Payment&receiver_email=liyan.zhao%40outlook.com&payment_fee=1.08&shipping_discount=0.00&quantity1=1&insurance_amount=0.00&receiver_id=6T459WWEHTPZC&txn_type=cart&discount=0.00&mc_gross_1=20.00&mc_currency=USD&residence_country=MX&shipping_method=Default&transaction_subject=Payment&payment_gross=20.00&ipn_track_id=a6cb0f136ca19
--------------------------------------------------------------
2024-05-03 07:59:38
VERIFIED
--------------------------------------------------------------
2024-05-03 13:41:02
支付回调信息:
mc_gross=20.00&invoice=2024050302105964493994&protection_eligibility=Eligible&address_status=confirmed&item_number1=&payer_id=5Z3RQXVG84PR4&address_street=DEL+VALLE+CENTRO%0D%0AConcepcion+Beistegui+705+404&payment_date=11%3A12%3A06+May+02%2C+2024+PDT&payment_status=Completed&charset=windows-1252&address_zip=03100&mc_shipping=0.00&first_name=Jose+De+Jesus&mc_fee=1.08&address_country_code=MX&address_name=Jose+Mendez+Montes&notify_version=3.9&custom=&payer_status=verified&business=liyan.zhao%40outlook.com&address_country=Mexico&num_cart_items=1&address_city=BENITO+JUAREZ&verify_sign=AvFLb1BVEtnUp7X3NAzuJP.NrHU8AgFmr5r7yEAr4HVnwwmqFgVbzkNg&payer_email=jjmm_sap%40hotmail.com&txn_id=37F02079YC801142U&payment_type=instant&last_name=Mendez+Montes&address_state=CIUDAD+DE+MEXICO&item_name1=Payment&receiver_email=liyan.zhao%40outlook.com&payment_fee=1.08&shipping_discount=0.00&quantity1=1&insurance_amount=0.00&receiver_id=6T459WWEHTPZC&txn_type=cart&discount=0.00&mc_gross_1=20.00&mc_currency=USD&residence_country=MX&shipping_method=Default&transaction_subject=Payment&payment_gross=20.00&ipn_track_id=a6cb0f136ca19
--------------------------------------------------------------
2024-05-03 13:41:03
VERIFIED
--------------------------------------------------------------
2024-05-03 21:56:16
支付回调信息:
mc_gross=10.00&invoice=2024050100114123522677&protection_eligibility=Eligible&address_status=confirmed&item_number1=&payer_id=L76RSA4QXSDX4&address_street=Yeni+Yasamal%2C+Dadash+Bunyadzade+4%2C+67&payment_date=09%3A12%3A23+Apr+30%2C+2024+PDT&payment_status=Completed&charset=windows-1252&address_zip=&mc_shipping=0.00&first_name=Ferhad&mc_fee=0.69&address_country_code=AZ&address_name=Ferhad+Ahmedov&notify_version=3.9&custom=&payer_status=unverified&business=liyan.zhao%40outlook.com&address_country=Azerbaijan+Republic&num_cart_items=1&address_city=Baku&verify_sign=Agx61-iWHPQs3lbDMkmhmdktDOdyAARBn43IWDR1mQcntJZuTFbBYPtU&payer_email=ferhadakhm%40gmail.com&txn_id=2DL879545U208160P&payment_type=instant&last_name=Ahmedov&address_state=&item_name1=Payment&receiver_email=liyan.zhao%40outlook.com&payment_fee=0.69&shipping_discount=0.00&quantity1=1&insurance_amount=0.00&receiver_id=6T459WWEHTPZC&txn_type=cart&discount=0.00&mc_gross_1=10.00&mc_currency=USD&residence_country=AZ&shipping_method=Default&transaction_subject=Payment&payment_gross=10.00&ipn_track_id=f7240006acf1c
--------------------------------------------------------------
2024-05-03 21:56:17
VERIFIED
--------------------------------------------------------------
