2024-02-07 19:38:13
支付回调信息:
mc_gross=0.20&invoice=2024020719375480727906&protection_eligibility=Eligible&address_status=confirmed&item_number1=&payer_id=ZZGKZUFY7FR28&address_street=8+Mountview+Avenue&payment_date=03%3A38%3A05+Feb+07%2C+2024+PST&payment_status=Completed&charset=windows-1252&address_zip=2209&mc_shipping=0.00&first_name=Nam+Vinh&mc_fee=0.20&address_country_code=AU&address_name=Nam+Vinh+Tran&notify_version=3.9&custom=&payer_status=unverified&business=liyan.zhao%40outlook.com&address_country=Australia&num_cart_items=1&address_city=Beverly+Hills&verify_sign=ArSrptMOInzT.Jzf6SVk23PRXLvHADfGmFcyK0NCfTjyi4Uw3CUFhncl&payer_email=vinhnamtran777%40gmail.com&txn_id=1WW416240F5651239&payment_type=instant&last_name=Tran&address_state=NSW&item_name1=Payment&receiver_email=liyan.zhao%40outlook.com&payment_fee=0.20&shipping_discount=0.00&quantity1=1&insurance_amount=0.00&receiver_id=6T459WWEHTPZC&txn_type=cart&discount=0.00&mc_gross_1=0.20&mc_currency=USD&residence_country=AU&shipping_method=Default&transaction_subject=Payment&payment_gross=0.20&ipn_track_id=5567e4caa7c67
--------------------------------------------------------------
2024-02-07 19:38:15
VERIFIED
--------------------------------------------------------------
2024-02-07 19:38:15
update order result successfully !
--------------------------------------------------------------
2024-02-07 19:39:42
支付回调信息:
mc_gross=0.20&invoice=2024020719392541008590&protection_eligibility=Eligible&address_status=confirmed&item_number1=&payer_id=ZZGKZUFY7FR28&address_street=8+Mountview+Avenue&payment_date=03%3A39%3A33+Feb+07%2C+2024+PST&payment_status=Completed&charset=windows-1252&address_zip=2209&mc_shipping=0.00&first_name=Nam+Vinh&mc_fee=0.20&address_country_code=AU&address_name=Nam+Vinh+Tran&notify_version=3.9&custom=&payer_status=unverified&business=liyan.zhao%40outlook.com&address_country=Australia&num_cart_items=1&address_city=Beverly+Hills&verify_sign=AEP89UdWkBL8Z7pBAiFZ-PLI5QovAPWeB0Q9tNW0hJNPRETG5OqYuPuX&payer_email=vinhnamtran777%40gmail.com&txn_id=88R597068J714815S&payment_type=instant&last_name=Tran&address_state=NSW&item_name1=Payment&receiver_email=liyan.zhao%40outlook.com&payment_fee=0.20&shipping_discount=0.00&quantity1=1&insurance_amount=0.00&receiver_id=6T459WWEHTPZC&txn_type=cart&discount=0.00&mc_gross_1=0.20&mc_currency=USD&residence_country=AU&shipping_method=Default&transaction_subject=Payment&payment_gross=0.20&ipn_track_id=ed03ca4dac9bb
--------------------------------------------------------------
2024-02-07 19:39:44
VERIFIED
--------------------------------------------------------------
2024-02-07 19:39:44
update order result successfully !
--------------------------------------------------------------
2024-02-07 19:40:35
支付回调信息:
mc_gross=0.20&invoice=2024020719401640699065&protection_eligibility=Eligible&address_status=confirmed&item_number1=&payer_id=ZZGKZUFY7FR28&address_street=8+Mountview+Avenue&payment_date=03%3A40%3A24+Feb+07%2C+2024+PST&payment_status=Completed&charset=windows-1252&address_zip=2209&mc_shipping=0.00&first_name=Nam+Vinh&mc_fee=0.20&address_country_code=AU&address_name=Nam+Vinh+Tran&notify_version=3.9&custom=&payer_status=unverified&business=liyan.zhao%40outlook.com&address_country=Australia&num_cart_items=1&address_city=Beverly+Hills&verify_sign=AYLRzxifuBAHTbpCXhVno4BNL-JlAWN0rdTt737Vair7Ht30sQ.a1EAw&payer_email=vinhnamtran777%40gmail.com&txn_id=1J026696W2132894Y&payment_type=instant&last_name=Tran&address_state=NSW&item_name1=Payment&receiver_email=liyan.zhao%40outlook.com&payment_fee=0.20&shipping_discount=0.00&quantity1=1&insurance_amount=0.00&receiver_id=6T459WWEHTPZC&txn_type=cart&discount=0.00&mc_gross_1=0.20&mc_currency=USD&residence_country=AU&shipping_method=Default&transaction_subject=Payment&payment_gross=0.20&ipn_track_id=3f7897204fcbd
--------------------------------------------------------------
2024-02-07 19:40:36
VERIFIED
--------------------------------------------------------------
2024-02-07 19:40:36
update order result successfully !
--------------------------------------------------------------
2024-02-07 19:41:53
支付回调信息:
mc_gross=0.20&invoice=2024020719413361383150&protection_eligibility=Eligible&address_status=confirmed&item_number1=&payer_id=ZZGKZUFY7FR28&address_street=8+Mountview+Avenue&payment_date=03%3A41%3A44+Feb+07%2C+2024+PST&payment_status=Completed&charset=windows-1252&address_zip=2209&mc_shipping=0.00&first_name=Nam+Vinh&mc_fee=0.20&address_country_code=AU&address_name=Nam+Vinh+Tran&notify_version=3.9&custom=&payer_status=unverified&business=liyan.zhao%40outlook.com&address_country=Australia&num_cart_items=1&address_city=Beverly+Hills&verify_sign=ApJX4ZqIJdYZpYWAT4qOz15cZdu.A1297rmJsOO5tXB9VDTOF5CA.bam&payer_email=vinhnamtran777%40gmail.com&txn_id=5SG15250H1456150A&payment_type=instant&last_name=Tran&address_state=NSW&item_name1=Payment&receiver_email=liyan.zhao%40outlook.com&payment_fee=0.20&shipping_discount=0.00&quantity1=1&insurance_amount=0.00&receiver_id=6T459WWEHTPZC&txn_type=cart&discount=0.00&mc_gross_1=0.20&mc_currency=USD&residence_country=AU&shipping_method=Default&transaction_subject=Payment&payment_gross=0.20&ipn_track_id=78a57f7f891e7
--------------------------------------------------------------
2024-02-07 19:41:54
VERIFIED
--------------------------------------------------------------
2024-02-07 19:41:54
update order result successfully !
--------------------------------------------------------------
2024-02-07 19:43:36
支付回调信息:
mc_gross=0.20&invoice=2024020719432151144635&protection_eligibility=Eligible&address_status=confirmed&item_number1=&payer_id=ZZGKZUFY7FR28&address_street=8+Mountview+Avenue&payment_date=03%3A43%3A28+Feb+07%2C+2024+PST&payment_status=Completed&charset=windows-1252&address_zip=2209&mc_shipping=0.00&first_name=Nam+Vinh&mc_fee=0.20&address_country_code=AU&address_name=Nam+Vinh+Tran&notify_version=3.9&custom=&payer_status=unverified&business=liyan.zhao%40outlook.com&address_country=Australia&num_cart_items=1&address_city=Beverly+Hills&verify_sign=Ax71FMzFxWveIHeqBZ3L2VMVlHzQAU81HXLfnZHAIBFvmnykSR1jOVzz&payer_email=vinhnamtran777%40gmail.com&txn_id=21P99045A3698841S&payment_type=instant&last_name=Tran&address_state=NSW&item_name1=Payment&receiver_email=liyan.zhao%40outlook.com&payment_fee=0.20&shipping_discount=0.00&quantity1=1&insurance_amount=0.00&receiver_id=6T459WWEHTPZC&txn_type=cart&discount=0.00&mc_gross_1=0.20&mc_currency=USD&residence_country=AU&shipping_method=Default&transaction_subject=Payment&payment_gross=0.20&ipn_track_id=cc1da5c6ce7fc
--------------------------------------------------------------
2024-02-07 19:43:37
VERIFIED
--------------------------------------------------------------
2024-02-07 19:43:37
update order result successfully !
--------------------------------------------------------------
2024-02-07 19:45:35
支付回调信息:
mc_gross=0.20&invoice=2024020719451975061574&protection_eligibility=Eligible&address_status=confirmed&item_number1=&payer_id=ZZGKZUFY7FR28&address_street=8+Mountview+Avenue&payment_date=03%3A45%3A26+Feb+07%2C+2024+PST&payment_status=Completed&charset=windows-1252&address_zip=2209&mc_shipping=0.00&first_name=Nam+Vinh&mc_fee=0.20&address_country_code=AU&address_name=Nam+Vinh+Tran&notify_version=3.9&custom=&payer_status=unverified&business=liyan.zhao%40outlook.com&address_country=Australia&num_cart_items=1&address_city=Beverly+Hills&verify_sign=Ap6gFlpSgThneT8Ngb97vN8ltZBiAKbPt.fUbknRM91WrQojg7ThIJUa&payer_email=vinhnamtran777%40gmail.com&txn_id=98E17700GJ114193S&payment_type=instant&last_name=Tran&address_state=NSW&item_name1=Payment&receiver_email=liyan.zhao%40outlook.com&payment_fee=0.20&shipping_discount=0.00&quantity1=1&insurance_amount=0.00&receiver_id=6T459WWEHTPZC&txn_type=cart&discount=0.00&mc_gross_1=0.20&mc_currency=USD&residence_country=AU&shipping_method=Default&transaction_subject=Payment&payment_gross=0.20&ipn_track_id=008ce3889b3f9
--------------------------------------------------------------
2024-02-07 19:45:36
VERIFIED
--------------------------------------------------------------
2024-02-07 19:45:36
update order result successfully !
--------------------------------------------------------------
2024-02-07 22:32:21
支付回调信息:
mc_gross=0.20&invoice=2024020722320269112982&protection_eligibility=Eligible&address_status=confirmed&item_number1=&payer_id=ZZGKZUFY7FR28&address_street=8+Mountview+Avenue&payment_date=06%3A32%3A12+Feb+07%2C+2024+PST&payment_status=Completed&charset=windows-1252&address_zip=2209&mc_shipping=0.00&first_name=Nam+Vinh&mc_fee=0.20&address_country_code=AU&address_name=Nam+Vinh+Tran&notify_version=3.9&custom=&payer_status=unverified&business=liyan.zhao%40outlook.com&address_country=Australia&num_cart_items=1&address_city=Beverly+Hills&verify_sign=AsLY2Drwwl7PaKj570g8-cOvjcdeA6l5bN4I4maVgY1MLLbzgFgnpnyR&payer_email=vinhnamtran777%40gmail.com&txn_id=8G43592668293102T&payment_type=instant&last_name=Tran&address_state=NSW&item_name1=Payment&receiver_email=liyan.zhao%40outlook.com&payment_fee=0.20&shipping_discount=0.00&quantity1=1&insurance_amount=0.00&receiver_id=6T459WWEHTPZC&txn_type=cart&discount=0.00&mc_gross_1=0.20&mc_currency=USD&residence_country=AU&shipping_method=Default&transaction_subject=Payment&payment_gross=0.20&ipn_track_id=dd9a63f8d8a49
--------------------------------------------------------------
2024-02-07 22:32:22
VERIFIED
--------------------------------------------------------------
2024-02-07 22:32:22
update order result successfully !
--------------------------------------------------------------
2024-02-07 22:35:43
支付回调信息:
mc_gross=0.20&invoice=2024020722344709239736&protection_eligibility=Eligible&address_status=confirmed&item_number1=&payer_id=ZZGKZUFY7FR28&address_street=8+Mountview+Avenue&payment_date=06%3A34%3A58+Feb+07%2C+2024+PST&payment_status=Completed&charset=windows-1252&address_zip=2209&mc_shipping=0.00&first_name=Nam+Vinh&mc_fee=0.20&address_country_code=AU&address_name=Nam+Vinh+Tran&notify_version=3.9&custom=&payer_status=unverified&business=liyan.zhao%40outlook.com&address_country=Australia&num_cart_items=1&address_city=Beverly+Hills&verify_sign=A6MNrxUoZtsbHd1gfq5dx-RmJNV7AscY8mOXqYltkejsEpQMR1hcwR-K&payer_email=vinhnamtran777%40gmail.com&txn_id=7E507228JG458922J&payment_type=instant&last_name=Tran&address_state=NSW&item_name1=Payment&receiver_email=liyan.zhao%40outlook.com&payment_fee=0.20&shipping_discount=0.00&quantity1=1&insurance_amount=0.00&receiver_id=6T459WWEHTPZC&txn_type=cart&discount=0.00&mc_gross_1=0.20&mc_currency=USD&residence_country=AU&shipping_method=Default&transaction_subject=Payment&payment_gross=0.20&ipn_track_id=6229a9b53729c
--------------------------------------------------------------
2024-02-07 22:35:44
VERIFIED
--------------------------------------------------------------
2024-02-07 22:35:44
update order result successfully !
--------------------------------------------------------------
2024-02-07 22:45:19
支付回调信息:
mc_gross=0.20&invoice=2024020722450242138850&protection_eligibility=Eligible&address_status=confirmed&item_number1=&payer_id=ZZGKZUFY7FR28&address_street=8+Mountview+Avenue&payment_date=06%3A45%3A09+Feb+07%2C+2024+PST&payment_status=Completed&charset=windows-1252&address_zip=2209&mc_shipping=0.00&first_name=Nam+Vinh&mc_fee=0.20&address_country_code=AU&address_name=Nam+Vinh+Tran&notify_version=3.9&custom=&payer_status=unverified&business=liyan.zhao%40outlook.com&address_country=Australia&num_cart_items=1&address_city=Beverly+Hills&verify_sign=AA1mu66Ytd3MFlfm-yObJ2fZhFinACiuc4-9E-I1U1PiU8YMmQ-9TPrA&payer_email=vinhnamtran777%40gmail.com&txn_id=1HH43658WF851032B&payment_type=instant&last_name=Tran&address_state=NSW&item_name1=Payment&receiver_email=liyan.zhao%40outlook.com&payment_fee=0.20&shipping_discount=0.00&quantity1=1&insurance_amount=0.00&receiver_id=6T459WWEHTPZC&txn_type=cart&discount=0.00&mc_gross_1=0.20&mc_currency=USD&residence_country=AU&shipping_method=Default&transaction_subject=Payment&payment_gross=0.20&ipn_track_id=5d173d1f1ec05
--------------------------------------------------------------
2024-02-07 22:45:20
VERIFIED
--------------------------------------------------------------
2024-02-07 22:45:20
update order result successfully !
--------------------------------------------------------------
