2024-02-10 09:43:47
支付回调信息:
mc_gross=0.20&invoice=2024021009431197178532&protection_eligibility=Eligible&address_status=confirmed&item_number1=&payer_id=5W87G2FLN654U&address_street=6-239+Sophia+Street&payment_date=17%3A43%3A37+Feb+09%2C+2024+PST&payment_status=Completed&charset=windows-1252&address_zip=R1A1Y6&mc_shipping=0.00&first_name=Helen&mc_fee=0.20&address_country_code=CA&address_name=Helen+Imasuen&notify_version=3.9&custom=&payer_status=verified&business=liyan.zhao%40outlook.com&address_country=Canada&num_cart_items=1&address_city=Selkirk&verify_sign=A7VH51btmGBSWpv3qezyFt0iExFsAUHryE9QQCp3IXA-ITCgzHI.M-k2&payer_email=helenabu77%40gmail.com&txn_id=1KF0159710891170K&payment_type=instant&payer_business_name=Helen+Imasuen&last_name=Imasuen&address_state=MB&item_name1=Payment&receiver_email=liyan.zhao%40outlook.com&payment_fee=0.20&shipping_discount=0.00&quantity1=1&insurance_amount=0.00&receiver_id=6T459WWEHTPZC&txn_type=cart&discount=0.00&mc_gross_1=0.20&mc_currency=USD&residence_country=CA&shipping_method=Default&transaction_subject=Payment&payment_gross=0.20&ipn_track_id=4aa39484749fb
--------------------------------------------------------------
2024-02-10 09:43:48
VERIFIED
--------------------------------------------------------------
2024-02-10 09:43:48
update order result successfully !
--------------------------------------------------------------
2024-02-10 09:50:22
支付回调信息:
mc_gross=0.20&invoice=2024021009494273102994&protection_eligibility=Eligible&address_status=confirmed&item_number1=&payer_id=5W87G2FLN654U&address_street=6-239+Sophia+Street&payment_date=17%3A50%3A13+Feb+09%2C+2024+PST&payment_status=Completed&charset=windows-1252&address_zip=R1A1Y6&mc_shipping=0.00&first_name=Helen&mc_fee=0.20&address_country_code=CA&address_name=Helen+Imasuen&notify_version=3.9&custom=&payer_status=verified&business=liyan.zhao%40outlook.com&address_country=Canada&num_cart_items=1&address_city=Selkirk&verify_sign=ARwz62Vga9f3fnJLp6MU7ws9u1qQAv36tFurOqifKgA3cVJpX1V9LM33&payer_email=helenabu77%40gmail.com&txn_id=45V200199X9963824&payment_type=instant&payer_business_name=Helen+Imasuen&last_name=Imasuen&address_state=MB&item_name1=Payment&receiver_email=liyan.zhao%40outlook.com&payment_fee=0.20&shipping_discount=0.00&quantity1=1&insurance_amount=0.00&receiver_id=6T459WWEHTPZC&txn_type=cart&discount=0.00&mc_gross_1=0.20&mc_currency=USD&residence_country=CA&shipping_method=Default&transaction_subject=Payment&payment_gross=0.20&ipn_track_id=101cd9de93c38
--------------------------------------------------------------
2024-02-10 09:50:23
VERIFIED
--------------------------------------------------------------
2024-02-10 09:50:23
update order result successfully !
--------------------------------------------------------------
