2024-02-11 09:18:12
支付回调信息:
mc_gross=0.20&invoice=2024021109174735083967&protection_eligibility=Eligible&address_status=confirmed&item_number1=&payer_id=ZZGKZUFY7FR28&address_street=8+Mountview+Avenue&payment_date=17%3A18%3A03+Feb+10%2C+2024+PST&payment_status=Completed&charset=windows-1252&address_zip=2209&mc_shipping=0.00&first_name=Nam+Vinh&mc_fee=0.20&address_country_code=AU&address_name=Nam+Vinh+Tran&notify_version=3.9&custom=&payer_status=unverified&business=liyan.zhao%40outlook.com&address_country=Australia&num_cart_items=1&address_city=Beverly+Hills&verify_sign=AHLN0kOo2wDs8eWllYmQ-unLcpBWAzVApPpEkYo6OMX3kB8pOoqJr6dE&payer_email=vinhnamtran777%40gmail.com&txn_id=899018417T457584W&payment_type=instant&last_name=Tran&address_state=NSW&item_name1=Payment&receiver_email=liyan.zhao%40outlook.com&payment_fee=0.20&shipping_discount=0.00&quantity1=1&insurance_amount=0.00&receiver_id=6T459WWEHTPZC&txn_type=cart&discount=0.00&mc_gross_1=0.20&mc_currency=USD&residence_country=AU&shipping_method=Default&transaction_subject=Payment&payment_gross=0.20&ipn_track_id=daab53fa7da24
--------------------------------------------------------------
2024-02-11 09:18:14
VERIFIED
--------------------------------------------------------------
2024-02-11 09:18:14
update order result successfully !
--------------------------------------------------------------
2024-02-11 09:19:55
支付回调信息:
mc_gross=0.20&invoice=2024021109193956328395&protection_eligibility=Eligible&address_status=confirmed&item_number1=&payer_id=ZZGKZUFY7FR28&address_street=8+Mountview+Avenue&payment_date=17%3A19%3A46+Feb+10%2C+2024+PST&payment_status=Completed&charset=windows-1252&address_zip=2209&mc_shipping=0.00&first_name=Nam+Vinh&mc_fee=0.20&address_country_code=AU&address_name=Nam+Vinh+Tran&notify_version=3.9&custom=&payer_status=unverified&business=liyan.zhao%40outlook.com&address_country=Australia&num_cart_items=1&address_city=Beverly+Hills&verify_sign=AKt2um9iXDK4KDM95I7LXEI3r-HRASgyFYxVBWSuOf2faw3QzDTh--HO&payer_email=vinhnamtran777%40gmail.com&txn_id=18308080FR0944723&payment_type=instant&last_name=Tran&address_state=NSW&item_name1=Payment&receiver_email=liyan.zhao%40outlook.com&payment_fee=0.20&shipping_discount=0.00&quantity1=1&insurance_amount=0.00&receiver_id=6T459WWEHTPZC&txn_type=cart&discount=0.00&mc_gross_1=0.20&mc_currency=USD&residence_country=AU&shipping_method=Default&transaction_subject=Payment&payment_gross=0.20&ipn_track_id=ea08e89f2b9a4
--------------------------------------------------------------
2024-02-11 09:19:57
VERIFIED
--------------------------------------------------------------
2024-02-11 09:19:57
update order result successfully !
--------------------------------------------------------------
2024-02-11 09:28:49
支付回调信息:
mc_gross=0.40&invoice=2024021109283453918081&protection_eligibility=Eligible&address_status=confirmed&item_number1=&payer_id=ZZGKZUFY7FR28&address_street=8+Mountview+Avenue&payment_date=17%3A28%3A41+Feb+10%2C+2024+PST&payment_status=Completed&charset=windows-1252&address_zip=2209&mc_shipping=0.00&first_name=Nam+Vinh&mc_fee=0.32&address_country_code=AU&address_name=Nam+Vinh+Tran&notify_version=3.9&custom=&payer_status=unverified&business=liyan.zhao%40outlook.com&address_country=Australia&num_cart_items=1&address_city=Beverly+Hills&verify_sign=A5o4OcNdj0XwZcoiUJ9-n1.Awou8AlYw-rx3ONvDdDnztrnzj2bvvLP5&payer_email=vinhnamtran777%40gmail.com&txn_id=1YJ83195L8497073S&payment_type=instant&last_name=Tran&address_state=NSW&item_name1=Payment&receiver_email=liyan.zhao%40outlook.com&payment_fee=0.32&shipping_discount=0.00&quantity1=1&insurance_amount=0.00&receiver_id=6T459WWEHTPZC&txn_type=cart&discount=0.00&mc_gross_1=0.40&mc_currency=USD&residence_country=AU&shipping_method=Default&transaction_subject=Payment&payment_gross=0.40&ipn_track_id=5d6691ca85acd
--------------------------------------------------------------
2024-02-11 09:28:51
VERIFIED
--------------------------------------------------------------
2024-02-11 09:28:51
update order result successfully !
--------------------------------------------------------------
2024-02-11 12:14:42
支付回调信息:
mc_gross=0.20&invoice=2024021112142128954119&protection_eligibility=Eligible&address_status=confirmed&item_number1=&payer_id=ZZGKZUFY7FR28&address_street=8+Mountview+Avenue&payment_date=20%3A14%3A33+Feb+10%2C+2024+PST&payment_status=Completed&charset=windows-1252&address_zip=2209&mc_shipping=0.00&first_name=Nam+Vinh&mc_fee=0.20&address_country_code=AU&address_name=Nam+Vinh+Tran&notify_version=3.9&custom=&payer_status=unverified&business=liyan.zhao%40outlook.com&address_country=Australia&num_cart_items=1&address_city=Beverly+Hills&verify_sign=A27-dd3mnc9kHF1.WZEF4N0E.JChAE-j2k.YKVFFxbK2vjfER7XXgUmM&payer_email=vinhnamtran777%40gmail.com&txn_id=610569989B614324V&payment_type=instant&last_name=Tran&address_state=NSW&item_name1=Payment&receiver_email=liyan.zhao%40outlook.com&payment_fee=0.20&shipping_discount=0.00&quantity1=1&insurance_amount=0.00&receiver_id=6T459WWEHTPZC&txn_type=cart&discount=0.00&mc_gross_1=0.20&mc_currency=USD&residence_country=AU&shipping_method=Default&transaction_subject=Payment&payment_gross=0.20&ipn_track_id=2aafbca072c07
--------------------------------------------------------------
2024-02-11 12:14:44
VERIFIED
--------------------------------------------------------------
2024-02-11 12:14:44
update order result successfully !
--------------------------------------------------------------
2024-02-11 12:21:14
支付回调信息:
mc_gross=0.20&invoice=2024021112205885049162&protection_eligibility=Eligible&address_status=confirmed&item_number1=&payer_id=ZZGKZUFY7FR28&address_street=8+Mountview+Avenue&payment_date=20%3A21%3A07+Feb+10%2C+2024+PST&payment_status=Completed&charset=windows-1252&address_zip=2209&mc_shipping=0.00&first_name=Nam+Vinh&mc_fee=0.20&address_country_code=AU&address_name=Nam+Vinh+Tran&notify_version=3.9&custom=&payer_status=unverified&business=liyan.zhao%40outlook.com&address_country=Australia&num_cart_items=1&address_city=Beverly+Hills&verify_sign=AN0sLV5BK1FCvcYAlG1NK3HOeMoMA2NnxSuHOeHorcKOUYM6jFStpd5O&payer_email=vinhnamtran777%40gmail.com&txn_id=4V3105961Y3514634&payment_type=instant&last_name=Tran&address_state=NSW&item_name1=Payment&receiver_email=liyan.zhao%40outlook.com&payment_fee=0.20&shipping_discount=0.00&quantity1=1&insurance_amount=0.00&receiver_id=6T459WWEHTPZC&txn_type=cart&discount=0.00&mc_gross_1=0.20&mc_currency=USD&residence_country=AU&shipping_method=Default&transaction_subject=Payment&payment_gross=0.20&ipn_track_id=1f79a434fc285
--------------------------------------------------------------
2024-02-11 12:21:16
VERIFIED
--------------------------------------------------------------
2024-02-11 12:21:16
update order result successfully !
--------------------------------------------------------------
2024-02-11 12:25:49
支付回调信息:
mc_gross=0.20&invoice=2024021112252654437948&protection_eligibility=Eligible&address_status=confirmed&item_number1=&payer_id=ZZGKZUFY7FR28&address_street=8+Mountview+Avenue&payment_date=20%3A25%3A40+Feb+10%2C+2024+PST&payment_status=Completed&charset=windows-1252&address_zip=2209&mc_shipping=0.00&first_name=Nam+Vinh&mc_fee=0.20&address_country_code=AU&address_name=Nam+Vinh+Tran&notify_version=3.9&custom=&payer_status=unverified&business=liyan.zhao%40outlook.com&address_country=Australia&num_cart_items=1&address_city=Beverly+Hills&verify_sign=A.Gu20cZir5g8a5DswuNWsJhq-ObAF2UWgNhx8tiDqKJC9tU1uxWmcaN&payer_email=vinhnamtran777%40gmail.com&txn_id=94J588150N635424J&payment_type=instant&last_name=Tran&address_state=NSW&item_name1=Payment&receiver_email=liyan.zhao%40outlook.com&payment_fee=0.20&shipping_discount=0.00&quantity1=1&insurance_amount=0.00&receiver_id=6T459WWEHTPZC&txn_type=cart&discount=0.00&mc_gross_1=0.20&mc_currency=USD&residence_country=AU&shipping_method=Default&transaction_subject=Payment&payment_gross=0.20&ipn_track_id=e617de345abc4
--------------------------------------------------------------
2024-02-11 12:25:50
VERIFIED
--------------------------------------------------------------
2024-02-11 12:25:50
update order result successfully !
--------------------------------------------------------------
2024-02-11 12:32:15
支付回调信息:
mc_gross=0.20&invoice=2024021112320003371025&protection_eligibility=Eligible&address_status=confirmed&item_number1=&payer_id=ZZGKZUFY7FR28&address_street=8+Mountview+Avenue&payment_date=20%3A32%3A07+Feb+10%2C+2024+PST&payment_status=Completed&charset=windows-1252&address_zip=2209&mc_shipping=0.00&first_name=Nam+Vinh&mc_fee=0.20&address_country_code=AU&address_name=Nam+Vinh+Tran&notify_version=3.9&custom=&payer_status=unverified&business=liyan.zhao%40outlook.com&address_country=Australia&num_cart_items=1&address_city=Beverly+Hills&verify_sign=A0SCXhfjGcCAMmv-WtJ6saZOzE9mA5EEHhMuo6l4UfJza1jVSJzOIyPK&payer_email=vinhnamtran777%40gmail.com&txn_id=6L778444CY7574728&payment_type=instant&last_name=Tran&address_state=NSW&item_name1=Payment&receiver_email=liyan.zhao%40outlook.com&payment_fee=0.20&shipping_discount=0.00&quantity1=1&insurance_amount=0.00&receiver_id=6T459WWEHTPZC&txn_type=cart&discount=0.00&mc_gross_1=0.20&mc_currency=USD&residence_country=AU&shipping_method=Default&transaction_subject=Payment&payment_gross=0.20&ipn_track_id=765926abba0db
--------------------------------------------------------------
2024-02-11 12:32:16
VERIFIED
--------------------------------------------------------------
2024-02-11 12:32:16
update order result successfully !
--------------------------------------------------------------
2024-02-11 12:34:12
支付回调信息:
mc_gross=0.20&invoice=2024021112335632843092&protection_eligibility=Eligible&address_status=confirmed&item_number1=&payer_id=ZZGKZUFY7FR28&address_street=8+Mountview+Avenue&payment_date=20%3A34%3A04+Feb+10%2C+2024+PST&payment_status=Completed&charset=windows-1252&address_zip=2209&mc_shipping=0.00&first_name=Nam+Vinh&mc_fee=0.20&address_country_code=AU&address_name=Nam+Vinh+Tran&notify_version=3.9&custom=&payer_status=unverified&business=liyan.zhao%40outlook.com&address_country=Australia&num_cart_items=1&address_city=Beverly+Hills&verify_sign=AbKuFVgNf7FhPfeiJ9RAQCC6BTxYAp9drJ-yJ2w7PQhKjrnWhmHmbq0z&payer_email=vinhnamtran777%40gmail.com&txn_id=1YY8518676120881P&payment_type=instant&last_name=Tran&address_state=NSW&item_name1=Payment&receiver_email=liyan.zhao%40outlook.com&payment_fee=0.20&shipping_discount=0.00&quantity1=1&insurance_amount=0.00&receiver_id=6T459WWEHTPZC&txn_type=cart&discount=0.00&mc_gross_1=0.20&mc_currency=USD&residence_country=AU&shipping_method=Default&transaction_subject=Payment&payment_gross=0.20&ipn_track_id=2eec4bc2e69f6
--------------------------------------------------------------
2024-02-11 12:34:14
VERIFIED
--------------------------------------------------------------
2024-02-11 12:34:14
update order result successfully !
--------------------------------------------------------------
2024-02-11 12:36:35
支付回调信息:
mc_gross=0.20&invoice=2024021112361893689451&protection_eligibility=Eligible&address_status=confirmed&item_number1=&payer_id=ZZGKZUFY7FR28&address_street=8+Mountview+Avenue&payment_date=20%3A36%3A26+Feb+10%2C+2024+PST&payment_status=Completed&charset=windows-1252&address_zip=2209&mc_shipping=0.00&first_name=Nam+Vinh&mc_fee=0.20&address_country_code=AU&address_name=Nam+Vinh+Tran&notify_version=3.9&custom=&payer_status=unverified&business=liyan.zhao%40outlook.com&address_country=Australia&num_cart_items=1&address_city=Beverly+Hills&verify_sign=Ay3FGGi1RAylltonkjttFuQr.YwIAm3gDH5jzlO9vZAWvTg01KKmzqMJ&payer_email=vinhnamtran777%40gmail.com&txn_id=38E21013EC553871K&payment_type=instant&last_name=Tran&address_state=NSW&item_name1=Payment&receiver_email=liyan.zhao%40outlook.com&payment_fee=0.20&shipping_discount=0.00&quantity1=1&insurance_amount=0.00&receiver_id=6T459WWEHTPZC&txn_type=cart&discount=0.00&mc_gross_1=0.20&mc_currency=USD&residence_country=AU&shipping_method=Default&transaction_subject=Payment&payment_gross=0.20&ipn_track_id=4ee97c9399b08
--------------------------------------------------------------
2024-02-11 12:36:37
VERIFIED
--------------------------------------------------------------
2024-02-11 12:36:37
update order result successfully !
--------------------------------------------------------------
2024-02-11 12:39:37
支付回调信息:
mc_gross=0.20&invoice=2024021112391623464317&protection_eligibility=Eligible&address_status=confirmed&item_number1=&payer_id=ZZGKZUFY7FR28&address_street=8+Mountview+Avenue&payment_date=20%3A39%3A27+Feb+10%2C+2024+PST&payment_status=Completed&charset=windows-1252&address_zip=2209&mc_shipping=0.00&first_name=Nam+Vinh&mc_fee=0.20&address_country_code=AU&address_name=Nam+Vinh+Tran&notify_version=3.9&custom=&payer_status=unverified&business=liyan.zhao%40outlook.com&address_country=Australia&num_cart_items=1&address_city=Beverly+Hills&verify_sign=AZ75DFrjjuYy2JfPzBJzR.cjCzEwAjQeXxecexj9dZFhRDfbnmSEIDlB&payer_email=vinhnamtran777%40gmail.com&txn_id=7XN23647Y22022800&payment_type=instant&last_name=Tran&address_state=NSW&item_name1=Payment&receiver_email=liyan.zhao%40outlook.com&payment_fee=0.20&shipping_discount=0.00&quantity1=1&insurance_amount=0.00&receiver_id=6T459WWEHTPZC&txn_type=cart&discount=0.00&mc_gross_1=0.20&mc_currency=USD&residence_country=AU&shipping_method=Default&transaction_subject=Payment&payment_gross=0.20&ipn_track_id=904b7a976c085
--------------------------------------------------------------
2024-02-11 12:39:38
VERIFIED
--------------------------------------------------------------
2024-02-11 12:39:38
update order result successfully !
--------------------------------------------------------------
2024-02-11 12:43:06
支付回调信息:
mc_gross=0.20&invoice=2024021112424491958444&protection_eligibility=Eligible&address_status=confirmed&item_number1=&payer_id=ZZGKZUFY7FR28&address_street=8+Mountview+Avenue&payment_date=20%3A42%3A57+Feb+10%2C+2024+PST&payment_status=Completed&charset=windows-1252&address_zip=2209&mc_shipping=0.00&first_name=Nam+Vinh&mc_fee=0.20&address_country_code=AU&address_name=Nam+Vinh+Tran&notify_version=3.9&custom=&payer_status=unverified&business=liyan.zhao%40outlook.com&address_country=Australia&num_cart_items=1&address_city=Beverly+Hills&verify_sign=AwlZ0AGgb16IxIxOSeQLtoSELfkwAXTvTcbfI3e3WIhTvWUgAD-RjmcM&payer_email=vinhnamtran777%40gmail.com&txn_id=90R851192R860422W&payment_type=instant&last_name=Tran&address_state=NSW&item_name1=Payment&receiver_email=liyan.zhao%40outlook.com&payment_fee=0.20&shipping_discount=0.00&quantity1=1&insurance_amount=0.00&receiver_id=6T459WWEHTPZC&txn_type=cart&discount=0.00&mc_gross_1=0.20&mc_currency=USD&residence_country=AU&shipping_method=Default&transaction_subject=Payment&payment_gross=0.20&ipn_track_id=9548691119046
--------------------------------------------------------------
2024-02-11 12:43:07
VERIFIED
--------------------------------------------------------------
2024-02-11 12:43:07
update order result successfully !
--------------------------------------------------------------
2024-02-11 12:45:07
支付回调信息:
mc_gross=0.20&invoice=2024021112445146322212&protection_eligibility=Eligible&address_status=confirmed&item_number1=&payer_id=ZZGKZUFY7FR28&address_street=8+Mountview+Avenue&payment_date=20%3A44%3A58+Feb+10%2C+2024+PST&payment_status=Completed&charset=windows-1252&address_zip=2209&mc_shipping=0.00&first_name=Nam+Vinh&mc_fee=0.20&address_country_code=AU&address_name=Nam+Vinh+Tran&notify_version=3.9&custom=&payer_status=unverified&business=liyan.zhao%40outlook.com&address_country=Australia&num_cart_items=1&address_city=Beverly+Hills&verify_sign=AUN-9RIOIwFE2-eNiVipUijd6RyBAAxsj32k.TJHJXm5WTqjhKOng6bm&payer_email=vinhnamtran777%40gmail.com&txn_id=8GM59039SY8029435&payment_type=instant&last_name=Tran&address_state=NSW&item_name1=Payment&receiver_email=liyan.zhao%40outlook.com&payment_fee=0.20&shipping_discount=0.00&quantity1=1&insurance_amount=0.00&receiver_id=6T459WWEHTPZC&txn_type=cart&discount=0.00&mc_gross_1=0.20&mc_currency=USD&residence_country=AU&shipping_method=Default&transaction_subject=Payment&payment_gross=0.20&ipn_track_id=165e9f4e743d4
--------------------------------------------------------------
2024-02-11 12:45:08
VERIFIED
--------------------------------------------------------------
2024-02-11 12:45:08
update order result successfully !
--------------------------------------------------------------
