2024-02-12 01:06:08
支付回调信息:
mc_gross=0.20&invoice=2024021201053546238708&protection_eligibility=Eligible&address_status=confirmed&item_number1=&payer_id=ZZGKZUFY7FR28&address_street=8+Mountview+Avenue&payment_date=09%3A05%3A54+Feb+11%2C+2024+PST&payment_status=Completed&charset=windows-1252&address_zip=2209&mc_shipping=0.00&first_name=Nam+Vinh&mc_fee=0.20&address_country_code=AU&address_name=Nam+Vinh+Tran&notify_version=3.9&custom=&payer_status=unverified&business=liyan.zhao%40outlook.com&address_country=Australia&num_cart_items=1&address_city=Beverly+Hills&verify_sign=AdWPCGDg57HDEiFn8Pww10MDsgltA3xxr2qx8vgHbCi5u950lYBXy-hn&payer_email=vinhnamtran777%40gmail.com&txn_id=3A78177518940534R&payment_type=instant&last_name=Tran&address_state=NSW&item_name1=Payment&receiver_email=liyan.zhao%40outlook.com&payment_fee=0.20&shipping_discount=0.00&quantity1=1&insurance_amount=0.00&receiver_id=6T459WWEHTPZC&txn_type=cart&discount=0.00&mc_gross_1=0.20&mc_currency=USD&residence_country=AU&shipping_method=Default&transaction_subject=Payment&payment_gross=0.20&ipn_track_id=a78b11ca120f5
--------------------------------------------------------------
2024-02-12 01:06:10
VERIFIED
--------------------------------------------------------------
2024-02-12 01:06:10
update order result successfully !
--------------------------------------------------------------
2024-02-12 01:08:43
支付回调信息:
mc_gross=0.20&invoice=2024021201082824053118&protection_eligibility=Eligible&address_status=confirmed&item_number1=&payer_id=ZZGKZUFY7FR28&address_street=8+Mountview+Avenue&payment_date=09%3A08%3A36+Feb+11%2C+2024+PST&payment_status=Completed&charset=windows-1252&address_zip=2209&mc_shipping=0.00&first_name=Nam+Vinh&mc_fee=0.20&address_country_code=AU&address_name=Nam+Vinh+Tran&notify_version=3.9&custom=&payer_status=unverified&business=liyan.zhao%40outlook.com&address_country=Australia&num_cart_items=1&address_city=Beverly+Hills&verify_sign=A347-mhNcTouJ9u6hRdoseFBgcy3AsHdg.ElrzjVaGFNhYbz6-vL92Bo&payer_email=vinhnamtran777%40gmail.com&txn_id=6F9008103A360273L&payment_type=instant&last_name=Tran&address_state=NSW&item_name1=Payment&receiver_email=liyan.zhao%40outlook.com&payment_fee=0.20&shipping_discount=0.00&quantity1=1&insurance_amount=0.00&receiver_id=6T459WWEHTPZC&txn_type=cart&discount=0.00&mc_gross_1=0.20&mc_currency=USD&residence_country=AU&shipping_method=Default&transaction_subject=Payment&payment_gross=0.20&ipn_track_id=d4fff60e4693a
--------------------------------------------------------------
2024-02-12 01:08:45
VERIFIED
--------------------------------------------------------------
2024-02-12 01:08:45
update order result successfully !
--------------------------------------------------------------
2024-02-12 01:27:15
支付回调信息:
mc_gross=0.20&invoice=2024021201265129542919&protection_eligibility=Eligible&address_status=confirmed&item_number1=&payer_id=ZZGKZUFY7FR28&address_street=8+Mountview+Avenue&payment_date=09%3A27%3A03+Feb+11%2C+2024+PST&payment_status=Completed&charset=windows-1252&address_zip=2209&mc_shipping=0.00&first_name=Nam+Vinh&mc_fee=0.20&address_country_code=AU&address_name=Nam+Vinh+Tran&notify_version=3.9&custom=&payer_status=unverified&business=liyan.zhao%40outlook.com&address_country=Australia&num_cart_items=1&address_city=Beverly+Hills&verify_sign=AAMDw-JmuV1RqJwuP58hZ2g.P4NmAXGl3YbTG98WA6LwbzmKgsymUYme&payer_email=vinhnamtran777%40gmail.com&txn_id=4GJ757019M9113709&payment_type=instant&last_name=Tran&address_state=NSW&item_name1=Payment&receiver_email=liyan.zhao%40outlook.com&payment_fee=0.20&shipping_discount=0.00&quantity1=1&insurance_amount=0.00&receiver_id=6T459WWEHTPZC&txn_type=cart&discount=0.00&mc_gross_1=0.20&mc_currency=USD&residence_country=AU&shipping_method=Default&transaction_subject=Payment&payment_gross=0.20&ipn_track_id=efd16fc4a12ee
--------------------------------------------------------------
2024-02-12 01:27:16
VERIFIED
--------------------------------------------------------------
2024-02-12 01:27:16
update order result successfully !
--------------------------------------------------------------
2024-02-12 10:44:59
支付回调信息:
mc_gross=0.20&invoice=2024021210443864772433&protection_eligibility=Eligible&address_status=confirmed&item_number1=&payer_id=ZZGKZUFY7FR28&address_street=8+Mountview+Avenue&payment_date=18%3A44%3A51+Feb+11%2C+2024+PST&payment_status=Completed&charset=windows-1252&address_zip=2209&mc_shipping=0.00&first_name=Nam+Vinh&mc_fee=0.20&address_country_code=AU&address_name=Nam+Vinh+Tran&notify_version=3.9&custom=&payer_status=unverified&business=liyan.zhao%40outlook.com&address_country=Australia&num_cart_items=1&address_city=Beverly+Hills&verify_sign=A6DIA1d0FscTy2JrFDk-PlrOhILLAheZXYwONTopdPGOx7cRI92.5tMw&payer_email=vinhnamtran777%40gmail.com&txn_id=5YX334051B0192333&payment_type=instant&last_name=Tran&address_state=NSW&item_name1=Payment&receiver_email=liyan.zhao%40outlook.com&payment_fee=0.20&shipping_discount=0.00&quantity1=1&insurance_amount=0.00&receiver_id=6T459WWEHTPZC&txn_type=cart&discount=0.00&mc_gross_1=0.20&mc_currency=USD&residence_country=AU&shipping_method=Default&transaction_subject=Payment&payment_gross=0.20&ipn_track_id=01609de9f67ab
--------------------------------------------------------------
2024-02-12 10:45:00
VERIFIED
--------------------------------------------------------------
2024-02-12 10:45:00
update order result successfully !
--------------------------------------------------------------
2024-02-12 12:40:00
支付回调信息:
mc_gross=0.20&invoice=2024021212394252701862&protection_eligibility=Eligible&address_status=confirmed&item_number1=&payer_id=ZZGKZUFY7FR28&address_street=8+Mountview+Avenue&payment_date=20%3A39%3A52+Feb+11%2C+2024+PST&payment_status=Completed&charset=windows-1252&address_zip=2209&mc_shipping=0.00&first_name=Nam+Vinh&mc_fee=0.20&address_country_code=AU&address_name=Nam+Vinh+Tran&notify_version=3.9&custom=&payer_status=unverified&business=liyan.zhao%40outlook.com&address_country=Australia&num_cart_items=1&address_city=Beverly+Hills&verify_sign=AEpVnb27DR-tsklyDw7vR5gckYj7AzjDNAG4Vhoya5nnhr3LNOdxNWf.&payer_email=vinhnamtran777%40gmail.com&txn_id=92U16539R5635131B&payment_type=instant&last_name=Tran&address_state=NSW&item_name1=Payment&receiver_email=liyan.zhao%40outlook.com&payment_fee=0.20&shipping_discount=0.00&quantity1=1&insurance_amount=0.00&receiver_id=6T459WWEHTPZC&txn_type=cart&discount=0.00&mc_gross_1=0.20&mc_currency=USD&residence_country=AU&shipping_method=Default&transaction_subject=Payment&payment_gross=0.20&ipn_track_id=71f39aed84330
--------------------------------------------------------------
2024-02-12 12:40:02
VERIFIED
--------------------------------------------------------------
2024-02-12 12:40:02
update order result successfully !
--------------------------------------------------------------
