2024-02-28 00:53:43
支付回调信息:
mc_gross=3.00&invoice=2024022800524696888293&protection_eligibility=Eligible&address_status=confirmed&item_number1=&payer_id=8UW5ZYXJWJG4N&address_street=Baku%2C+yasamal+district&payment_date=08%3A53%3A23+Feb+27%2C+2024+PST&payment_status=Completed&charset=windows-1252&address_zip=&mc_shipping=0.00&first_name=Safura&mc_fee=0.42&address_country_code=AZ&address_name=Safura+Shafizada&notify_version=3.9&custom=&payer_status=unverified&business=liyan.zhao%40outlook.com&address_country=Azerbaijan+Republic&num_cart_items=1&address_city=Baku&verify_sign=AEsmu0l-0hGZo0Pxvzk5AWMRKN4sAHo9N7nHuApbm-7bD29ec-HfjNUn&payer_email=shafilis25%40gmail.com&txn_id=029859181N797721L&payment_type=instant&last_name=Shafizada&address_state=Azerbaijan&item_name1=Payment&receiver_email=liyan.zhao%40outlook.com&payment_fee=0.42&shipping_discount=0.00&quantity1=1&insurance_amount=0.00&receiver_id=6T459WWEHTPZC&txn_type=cart&discount=0.00&mc_gross_1=3.00&mc_currency=USD&residence_country=AZ&shipping_method=Default&transaction_subject=Payment&payment_gross=3.00&ipn_track_id=cc2f6313c41da
--------------------------------------------------------------
2024-02-28 00:53:44
VERIFIED
--------------------------------------------------------------
2024-02-28 00:53:44
update order result successfully !
--------------------------------------------------------------
2024-02-28 00:57:11
支付回调信息:
mc_gross=1.50&invoice=2024022800564351262865&protection_eligibility=Eligible&address_status=confirmed&item_number1=&payer_id=8UW5ZYXJWJG4N&address_street=Baku%2C+yasamal+district&payment_date=08%3A56%3A54+Feb+27%2C+2024+PST&payment_status=Completed&charset=windows-1252&address_zip=&mc_shipping=0.00&first_name=Safura&mc_fee=0.36&address_country_code=AZ&address_name=Safura+Shafizada&notify_version=3.9&custom=&payer_status=unverified&business=liyan.zhao%40outlook.com&address_country=Azerbaijan+Republic&num_cart_items=1&address_city=Baku&verify_sign=ACWhty-AkIjme0IW60o8tbHRHi44ALnz.q28bNJZBw0X27KO4UVCdJYJ&payer_email=shafilis25%40gmail.com&txn_id=3U636553GA447292W&payment_type=instant&last_name=Shafizada&address_state=Azerbaijan&item_name1=Payment&receiver_email=liyan.zhao%40outlook.com&payment_fee=0.36&shipping_discount=0.00&quantity1=1&insurance_amount=0.00&receiver_id=6T459WWEHTPZC&txn_type=cart&discount=0.00&mc_gross_1=1.50&mc_currency=USD&residence_country=AZ&shipping_method=Default&transaction_subject=Payment&payment_gross=1.50&ipn_track_id=cdb830043d49a
--------------------------------------------------------------
2024-02-28 00:57:12
VERIFIED
--------------------------------------------------------------
2024-02-28 00:57:12
update order result successfully !
--------------------------------------------------------------
2024-02-28 19:31:41
支付回调信息:
mc_gross=0.70&invoice=2024022819300072764128&protection_eligibility=Eligible&address_status=confirmed&item_number1=&payer_id=ZZGKZUFY7FR28&address_street=8+Mountview+Avenue&payment_date=03%3A31%3A33+Feb+28%2C+2024+PST&payment_status=Completed&charset=windows-1252&address_zip=2209&mc_shipping=0.00&first_name=Nam+Vinh&mc_fee=0.33&address_country_code=AU&address_name=Nam+Vinh+Tran&notify_version=3.9&custom=&payer_status=unverified&business=liyan.zhao%40outlook.com&address_country=Australia&num_cart_items=1&address_city=Beverly+Hills&verify_sign=AM-PQquheYqwkArrYdAFqIImFohOAwoYQCV8INfbZ7D4GkxR.Awsr7t9&payer_email=vinhnamtran777%40gmail.com&txn_id=1N6600635T0042723&payment_type=instant&last_name=Tran&address_state=NSW&item_name1=Payment&receiver_email=liyan.zhao%40outlook.com&payment_fee=0.33&shipping_discount=0.00&quantity1=1&insurance_amount=0.00&receiver_id=6T459WWEHTPZC&txn_type=cart&discount=0.00&mc_gross_1=0.70&mc_currency=USD&residence_country=AU&shipping_method=Default&transaction_subject=Payment&payment_gross=0.70&ipn_track_id=9347b5b0e8967
--------------------------------------------------------------
2024-02-28 19:31:42
VERIFIED
--------------------------------------------------------------
2024-02-28 19:31:42
update order result successfully !
--------------------------------------------------------------
