2024-02-29 09:41:55
支付回调信息:
mc_gross=1.50&invoice=2024022909412100657406&protection_eligibility=Eligible&address_status=confirmed&item_number1=&payer_id=ZZGKZUFY7FR28&address_street=8+Mountview+Avenue&payment_date=17%3A41%3A43+Feb+28%2C+2024+PST&payment_status=Completed&charset=windows-1252&address_zip=2209&mc_shipping=0.00&first_name=Nam+Vinh&mc_fee=0.36&address_country_code=AU&address_name=Nam+Vinh+Tran&notify_version=3.9&custom=&payer_status=unverified&business=liyan.zhao%40outlook.com&address_country=Australia&num_cart_items=1&address_city=Beverly+Hills&verify_sign=AtTi-9FKBuTR61q1jzXX9uZeT3ubAIzRznfNHUhCT8exQHYF0NEHLH10&payer_email=vinhnamtran777%40gmail.com&txn_id=64V25733A0739134R&payment_type=instant&last_name=Tran&address_state=NSW&item_name1=Payment&receiver_email=liyan.zhao%40outlook.com&payment_fee=0.36&shipping_discount=0.00&quantity1=1&insurance_amount=0.00&receiver_id=6T459WWEHTPZC&txn_type=cart&discount=0.00&mc_gross_1=1.50&mc_currency=USD&residence_country=AU&shipping_method=Default&transaction_subject=Payment&payment_gross=1.50&ipn_track_id=de9a600fef953
--------------------------------------------------------------
2024-02-29 09:41:56
VERIFIED
--------------------------------------------------------------
2024-02-29 09:41:56
update order result successfully !
--------------------------------------------------------------
2024-02-29 14:33:31
支付回调信息:
mc_gross=20.00&invoice=2024022914330970806894&protection_eligibility=Eligible&address_status=confirmed&item_number1=&payer_id=ZZGKZUFY7FR28&address_street=8+Mountview+Avenue&payment_date=22%3A33%3A20+Feb+28%2C+2024+PST&payment_status=Completed&charset=windows-1252&address_zip=2209&mc_shipping=0.00&first_name=Nam+Vinh&mc_fee=1.08&address_country_code=AU&address_name=Nam+Vinh+Tran&notify_version=3.9&custom=&payer_status=unverified&business=liyan.zhao%40outlook.com&address_country=Australia&num_cart_items=1&address_city=Beverly+Hills&verify_sign=A3oXnxRMgEmhg5MkwCGWz5h5K7StAPa6uz7vVjRCchs9bNYmsDLDuqTa&payer_email=vinhnamtran777%40gmail.com&txn_id=4FF703653W084305D&payment_type=instant&last_name=Tran&address_state=NSW&item_name1=Payment&receiver_email=liyan.zhao%40outlook.com&payment_fee=1.08&shipping_discount=0.00&quantity1=1&insurance_amount=0.00&receiver_id=6T459WWEHTPZC&txn_type=cart&discount=0.00&mc_gross_1=20.00&mc_currency=USD&residence_country=AU&shipping_method=Default&transaction_subject=Payment&payment_gross=20.00&ipn_track_id=55afb1654f1a9
--------------------------------------------------------------
2024-02-29 14:33:32
VERIFIED
--------------------------------------------------------------
2024-02-29 14:35:31
支付回调信息:
mc_gross=20.00&invoice=2024022914330970806894&protection_eligibility=Eligible&address_status=confirmed&item_number1=&payer_id=ZZGKZUFY7FR28&address_street=8+Mountview+Avenue&payment_date=22%3A33%3A20+Feb+28%2C+2024+PST&payment_status=Completed&charset=windows-1252&address_zip=2209&mc_shipping=0.00&first_name=Nam+Vinh&mc_fee=1.08&address_country_code=AU&address_name=Nam+Vinh+Tran&notify_version=3.9&custom=&payer_status=unverified&business=liyan.zhao%40outlook.com&address_country=Australia&num_cart_items=1&address_city=Beverly+Hills&verify_sign=A3oXnxRMgEmhg5MkwCGWz5h5K7StAPa6uz7vVjRCchs9bNYmsDLDuqTa&payer_email=vinhnamtran777%40gmail.com&txn_id=4FF703653W084305D&payment_type=instant&last_name=Tran&address_state=NSW&item_name1=Payment&receiver_email=liyan.zhao%40outlook.com&payment_fee=1.08&shipping_discount=0.00&quantity1=1&insurance_amount=0.00&receiver_id=6T459WWEHTPZC&txn_type=cart&discount=0.00&mc_gross_1=20.00&mc_currency=USD&residence_country=AU&shipping_method=Default&transaction_subject=Payment&payment_gross=20.00&ipn_track_id=55afb1654f1a9
--------------------------------------------------------------
2024-02-29 14:35:33
VERIFIED
--------------------------------------------------------------
2024-02-29 14:37:36
支付回调信息:
mc_gross=20.00&invoice=2024022914330970806894&protection_eligibility=Eligible&address_status=confirmed&item_number1=&payer_id=ZZGKZUFY7FR28&address_street=8+Mountview+Avenue&payment_date=22%3A33%3A20+Feb+28%2C+2024+PST&payment_status=Completed&charset=windows-1252&address_zip=2209&mc_shipping=0.00&first_name=Nam+Vinh&mc_fee=1.08&address_country_code=AU&address_name=Nam+Vinh+Tran&notify_version=3.9&custom=&payer_status=unverified&business=liyan.zhao%40outlook.com&address_country=Australia&num_cart_items=1&address_city=Beverly+Hills&verify_sign=A3oXnxRMgEmhg5MkwCGWz5h5K7StAPa6uz7vVjRCchs9bNYmsDLDuqTa&payer_email=vinhnamtran777%40gmail.com&txn_id=4FF703653W084305D&payment_type=instant&last_name=Tran&address_state=NSW&item_name1=Payment&receiver_email=liyan.zhao%40outlook.com&payment_fee=1.08&shipping_discount=0.00&quantity1=1&insurance_amount=0.00&receiver_id=6T459WWEHTPZC&txn_type=cart&discount=0.00&mc_gross_1=20.00&mc_currency=USD&residence_country=AU&shipping_method=Default&transaction_subject=Payment&payment_gross=20.00&ipn_track_id=55afb1654f1a9
--------------------------------------------------------------
2024-02-29 14:37:37
VERIFIED
--------------------------------------------------------------
2024-02-29 14:39:38
支付回调信息:
mc_gross=20.00&invoice=2024022914330970806894&protection_eligibility=Eligible&address_status=confirmed&item_number1=&payer_id=ZZGKZUFY7FR28&address_street=8+Mountview+Avenue&payment_date=22%3A33%3A20+Feb+28%2C+2024+PST&payment_status=Completed&charset=windows-1252&address_zip=2209&mc_shipping=0.00&first_name=Nam+Vinh&mc_fee=1.08&address_country_code=AU&address_name=Nam+Vinh+Tran&notify_version=3.9&custom=&payer_status=unverified&business=liyan.zhao%40outlook.com&address_country=Australia&num_cart_items=1&address_city=Beverly+Hills&verify_sign=A3oXnxRMgEmhg5MkwCGWz5h5K7StAPa6uz7vVjRCchs9bNYmsDLDuqTa&payer_email=vinhnamtran777%40gmail.com&txn_id=4FF703653W084305D&payment_type=instant&last_name=Tran&address_state=NSW&item_name1=Payment&receiver_email=liyan.zhao%40outlook.com&payment_fee=1.08&shipping_discount=0.00&quantity1=1&insurance_amount=0.00&receiver_id=6T459WWEHTPZC&txn_type=cart&discount=0.00&mc_gross_1=20.00&mc_currency=USD&residence_country=AU&shipping_method=Default&transaction_subject=Payment&payment_gross=20.00&ipn_track_id=55afb1654f1a9
--------------------------------------------------------------
2024-02-29 14:39:40
VERIFIED
--------------------------------------------------------------
2024-02-29 14:41:43
支付回调信息:
mc_gross=20.00&invoice=2024022914330970806894&protection_eligibility=Eligible&address_status=confirmed&item_number1=&payer_id=ZZGKZUFY7FR28&address_street=8+Mountview+Avenue&payment_date=22%3A33%3A20+Feb+28%2C+2024+PST&payment_status=Completed&charset=windows-1252&address_zip=2209&mc_shipping=0.00&first_name=Nam+Vinh&mc_fee=1.08&address_country_code=AU&address_name=Nam+Vinh+Tran&notify_version=3.9&custom=&payer_status=unverified&business=liyan.zhao%40outlook.com&address_country=Australia&num_cart_items=1&address_city=Beverly+Hills&verify_sign=A3oXnxRMgEmhg5MkwCGWz5h5K7StAPa6uz7vVjRCchs9bNYmsDLDuqTa&payer_email=vinhnamtran777%40gmail.com&txn_id=4FF703653W084305D&payment_type=instant&last_name=Tran&address_state=NSW&item_name1=Payment&receiver_email=liyan.zhao%40outlook.com&payment_fee=1.08&shipping_discount=0.00&quantity1=1&insurance_amount=0.00&receiver_id=6T459WWEHTPZC&txn_type=cart&discount=0.00&mc_gross_1=20.00&mc_currency=USD&residence_country=AU&shipping_method=Default&transaction_subject=Payment&payment_gross=20.00&ipn_track_id=55afb1654f1a9
--------------------------------------------------------------
2024-02-29 14:41:44
VERIFIED
--------------------------------------------------------------
2024-02-29 14:44:26
支付回调信息:
mc_gross=20.00&invoice=2024022914330970806894&protection_eligibility=Eligible&address_status=confirmed&item_number1=&payer_id=ZZGKZUFY7FR28&address_street=8+Mountview+Avenue&payment_date=22%3A33%3A20+Feb+28%2C+2024+PST&payment_status=Completed&charset=windows-1252&address_zip=2209&mc_shipping=0.00&first_name=Nam+Vinh&mc_fee=1.08&address_country_code=AU&address_name=Nam+Vinh+Tran&notify_version=3.9&custom=&payer_status=unverified&business=liyan.zhao%40outlook.com&address_country=Australia&num_cart_items=1&address_city=Beverly+Hills&verify_sign=A3oXnxRMgEmhg5MkwCGWz5h5K7StAPa6uz7vVjRCchs9bNYmsDLDuqTa&payer_email=vinhnamtran777%40gmail.com&txn_id=4FF703653W084305D&payment_type=instant&last_name=Tran&address_state=NSW&item_name1=Payment&receiver_email=liyan.zhao%40outlook.com&payment_fee=1.08&shipping_discount=0.00&quantity1=1&insurance_amount=0.00&receiver_id=6T459WWEHTPZC&txn_type=cart&discount=0.00&mc_gross_1=20.00&mc_currency=USD&residence_country=AU&shipping_method=Default&transaction_subject=Payment&payment_gross=20.00&ipn_track_id=55afb1654f1a9
--------------------------------------------------------------
2024-02-29 14:44:27
VERIFIED
--------------------------------------------------------------
2024-02-29 14:49:52
支付回调信息:
mc_gross=20.00&invoice=2024022914330970806894&protection_eligibility=Eligible&address_status=confirmed&item_number1=&payer_id=ZZGKZUFY7FR28&address_street=8+Mountview+Avenue&payment_date=22%3A33%3A20+Feb+28%2C+2024+PST&payment_status=Completed&charset=windows-1252&address_zip=2209&mc_shipping=0.00&first_name=Nam+Vinh&mc_fee=1.08&address_country_code=AU&address_name=Nam+Vinh+Tran&notify_version=3.9&custom=&payer_status=unverified&business=liyan.zhao%40outlook.com&address_country=Australia&num_cart_items=1&address_city=Beverly+Hills&verify_sign=A3oXnxRMgEmhg5MkwCGWz5h5K7StAPa6uz7vVjRCchs9bNYmsDLDuqTa&payer_email=vinhnamtran777%40gmail.com&txn_id=4FF703653W084305D&payment_type=instant&last_name=Tran&address_state=NSW&item_name1=Payment&receiver_email=liyan.zhao%40outlook.com&payment_fee=1.08&shipping_discount=0.00&quantity1=1&insurance_amount=0.00&receiver_id=6T459WWEHTPZC&txn_type=cart&discount=0.00&mc_gross_1=20.00&mc_currency=USD&residence_country=AU&shipping_method=Default&transaction_subject=Payment&payment_gross=20.00&ipn_track_id=55afb1654f1a9
--------------------------------------------------------------
2024-02-29 14:49:54
VERIFIED
--------------------------------------------------------------
2024-02-29 15:00:34
支付回调信息:
mc_gross=20.00&invoice=2024022914330970806894&protection_eligibility=Eligible&address_status=confirmed&item_number1=&payer_id=ZZGKZUFY7FR28&address_street=8+Mountview+Avenue&payment_date=22%3A33%3A20+Feb+28%2C+2024+PST&payment_status=Completed&charset=windows-1252&address_zip=2209&mc_shipping=0.00&first_name=Nam+Vinh&mc_fee=1.08&address_country_code=AU&address_name=Nam+Vinh+Tran&notify_version=3.9&custom=&payer_status=unverified&business=liyan.zhao%40outlook.com&address_country=Australia&num_cart_items=1&address_city=Beverly+Hills&verify_sign=A3oXnxRMgEmhg5MkwCGWz5h5K7StAPa6uz7vVjRCchs9bNYmsDLDuqTa&payer_email=vinhnamtran777%40gmail.com&txn_id=4FF703653W084305D&payment_type=instant&last_name=Tran&address_state=NSW&item_name1=Payment&receiver_email=liyan.zhao%40outlook.com&payment_fee=1.08&shipping_discount=0.00&quantity1=1&insurance_amount=0.00&receiver_id=6T459WWEHTPZC&txn_type=cart&discount=0.00&mc_gross_1=20.00&mc_currency=USD&residence_country=AU&shipping_method=Default&transaction_subject=Payment&payment_gross=20.00&ipn_track_id=55afb1654f1a9
--------------------------------------------------------------
2024-02-29 15:00:35
VERIFIED
--------------------------------------------------------------
2024-02-29 15:21:58
支付回调信息:
mc_gross=20.00&invoice=2024022914330970806894&protection_eligibility=Eligible&address_status=confirmed&item_number1=&payer_id=ZZGKZUFY7FR28&address_street=8+Mountview+Avenue&payment_date=22%3A33%3A20+Feb+28%2C+2024+PST&payment_status=Completed&charset=windows-1252&address_zip=2209&mc_shipping=0.00&first_name=Nam+Vinh&mc_fee=1.08&address_country_code=AU&address_name=Nam+Vinh+Tran&notify_version=3.9&custom=&payer_status=unverified&business=liyan.zhao%40outlook.com&address_country=Australia&num_cart_items=1&address_city=Beverly+Hills&verify_sign=A3oXnxRMgEmhg5MkwCGWz5h5K7StAPa6uz7vVjRCchs9bNYmsDLDuqTa&payer_email=vinhnamtran777%40gmail.com&txn_id=4FF703653W084305D&payment_type=instant&last_name=Tran&address_state=NSW&item_name1=Payment&receiver_email=liyan.zhao%40outlook.com&payment_fee=1.08&shipping_discount=0.00&quantity1=1&insurance_amount=0.00&receiver_id=6T459WWEHTPZC&txn_type=cart&discount=0.00&mc_gross_1=20.00&mc_currency=USD&residence_country=AU&shipping_method=Default&transaction_subject=Payment&payment_gross=20.00&ipn_track_id=55afb1654f1a9
--------------------------------------------------------------
2024-02-29 15:22:00
VERIFIED
--------------------------------------------------------------
2024-02-29 16:04:41
支付回调信息:
mc_gross=20.00&invoice=2024022914330970806894&protection_eligibility=Eligible&address_status=confirmed&item_number1=&payer_id=ZZGKZUFY7FR28&address_street=8+Mountview+Avenue&payment_date=22%3A33%3A20+Feb+28%2C+2024+PST&payment_status=Completed&charset=windows-1252&address_zip=2209&mc_shipping=0.00&first_name=Nam+Vinh&mc_fee=1.08&address_country_code=AU&address_name=Nam+Vinh+Tran&notify_version=3.9&custom=&payer_status=unverified&business=liyan.zhao%40outlook.com&address_country=Australia&num_cart_items=1&address_city=Beverly+Hills&verify_sign=A3oXnxRMgEmhg5MkwCGWz5h5K7StAPa6uz7vVjRCchs9bNYmsDLDuqTa&payer_email=vinhnamtran777%40gmail.com&txn_id=4FF703653W084305D&payment_type=instant&last_name=Tran&address_state=NSW&item_name1=Payment&receiver_email=liyan.zhao%40outlook.com&payment_fee=1.08&shipping_discount=0.00&quantity1=1&insurance_amount=0.00&receiver_id=6T459WWEHTPZC&txn_type=cart&discount=0.00&mc_gross_1=20.00&mc_currency=USD&residence_country=AU&shipping_method=Default&transaction_subject=Payment&payment_gross=20.00&ipn_track_id=55afb1654f1a9
--------------------------------------------------------------
2024-02-29 16:04:42
VERIFIED
--------------------------------------------------------------
2024-02-29 17:30:05
支付回调信息:
mc_gross=20.00&invoice=2024022914330970806894&protection_eligibility=Eligible&address_status=confirmed&item_number1=&payer_id=ZZGKZUFY7FR28&address_street=8+Mountview+Avenue&payment_date=22%3A33%3A20+Feb+28%2C+2024+PST&payment_status=Completed&charset=windows-1252&address_zip=2209&mc_shipping=0.00&first_name=Nam+Vinh&mc_fee=1.08&address_country_code=AU&address_name=Nam+Vinh+Tran&notify_version=3.9&custom=&payer_status=unverified&business=liyan.zhao%40outlook.com&address_country=Australia&num_cart_items=1&address_city=Beverly+Hills&verify_sign=A3oXnxRMgEmhg5MkwCGWz5h5K7StAPa6uz7vVjRCchs9bNYmsDLDuqTa&payer_email=vinhnamtran777%40gmail.com&txn_id=4FF703653W084305D&payment_type=instant&last_name=Tran&address_state=NSW&item_name1=Payment&receiver_email=liyan.zhao%40outlook.com&payment_fee=1.08&shipping_discount=0.00&quantity1=1&insurance_amount=0.00&receiver_id=6T459WWEHTPZC&txn_type=cart&discount=0.00&mc_gross_1=20.00&mc_currency=USD&residence_country=AU&shipping_method=Default&transaction_subject=Payment&payment_gross=20.00&ipn_track_id=55afb1654f1a9
--------------------------------------------------------------
2024-02-29 17:30:06
VERIFIED
--------------------------------------------------------------
2024-02-29 20:20:48
支付回调信息:
mc_gross=20.00&invoice=2024022914330970806894&protection_eligibility=Eligible&address_status=confirmed&item_number1=&payer_id=ZZGKZUFY7FR28&address_street=8+Mountview+Avenue&payment_date=22%3A33%3A20+Feb+28%2C+2024+PST&payment_status=Completed&charset=windows-1252&address_zip=2209&mc_shipping=0.00&first_name=Nam+Vinh&mc_fee=1.08&address_country_code=AU&address_name=Nam+Vinh+Tran&notify_version=3.9&custom=&payer_status=unverified&business=liyan.zhao%40outlook.com&address_country=Australia&num_cart_items=1&address_city=Beverly+Hills&verify_sign=A3oXnxRMgEmhg5MkwCGWz5h5K7StAPa6uz7vVjRCchs9bNYmsDLDuqTa&payer_email=vinhnamtran777%40gmail.com&txn_id=4FF703653W084305D&payment_type=instant&last_name=Tran&address_state=NSW&item_name1=Payment&receiver_email=liyan.zhao%40outlook.com&payment_fee=1.08&shipping_discount=0.00&quantity1=1&insurance_amount=0.00&receiver_id=6T459WWEHTPZC&txn_type=cart&discount=0.00&mc_gross_1=20.00&mc_currency=USD&residence_country=AU&shipping_method=Default&transaction_subject=Payment&payment_gross=20.00&ipn_track_id=55afb1654f1a9
--------------------------------------------------------------
2024-02-29 20:20:50
VERIFIED
--------------------------------------------------------------
